#
# There is insufficient memory for the Java Runtime Environment to continue.
# Native memory allocation (malloc) failed to allocate 524288 bytes. Error detail: AllocateHeap
# Possible reasons:
#   The system is out of physical RAM or swap space
#   This process is running with CompressedOops enabled, and the Java Heap may be blocking the growth of the native heap
# Possible solutions:
#   Reduce memory load on the system
#   Increase physical memory or swap space
#   Check if swap backing store is full
#   Decrease Java heap size (-Xmx/-Xms)
#   Decrease number of Java threads
#   Decrease Java thread stack sizes (-Xss)
#   Set larger code cache with -XX:ReservedCodeCacheSize=
#   JVM is running with Unscaled Compressed Oops mode in which the Java heap is
#     placed in the first 4GB address space. The Java Heap base address is the
#     maximum limit for the native heap growth. Please use -XX:HeapBaseMinAddress
#     to set the Java Heap base and to place the Java Heap above 4GB virtual address.
# This output file may be truncated or incomplete.
#
#  Out of Memory Error (allocation.cpp:44), pid=14196, tid=10704
#
# JRE version:  (21.0.12.1+1) (build )
# Java VM: OpenJDK 64-Bit Server VM (21.0.12.1+1-LTS, mixed mode, sharing, tiered, compressed oops, compressed class ptrs, parallel gc, windows-amd64)
# No core dump will be written. Minidumps are not enabled by default on client versions of Windows
#

---------------  S U M M A R Y ------------

Command Line: --add-modules=ALL-SYSTEM --add-opens=java.base/java.util=ALL-UNNAMED --add-opens=java.base/java.lang=ALL-UNNAMED --add-opens=java.base/sun.nio.fs=ALL-UNNAMED -Declipse.application=org.eclipse.jdt.ls.core.id1 -Dosgi.bundles.defaultStartLevel=4 -Declipse.product=org.eclipse.jdt.ls.core.product -Djava.import.generatesMetadataFilesAtProjectRoot=false -Dm2e.project.cache.size=50 -DDetectVMInstallationsJob.disabled=true -Dfile.encoding=utf8 -XX:+UseParallelGC -XX:GCTimeRatio=4 -XX:AdaptiveSizePolicyWeight=90 -Dsun.zip.disableMemoryMapping=true -Xmx2G -Xms100m -Xlog:disable -javaagent:c:\Users\Randani\.vscode\extensions\redhat.java-1.56.0-win32-x64\lombok\lombok-1.18.39-4050.jar -XX:+HeapDumpOnOutOfMemoryError -XX:HeapDumpPath=c:\Users\Randani\AppData\Roaming\Code\User\workspaceStorage\26abe79bd59ea3f30d222db4cd519e31\redhat.java -Daether.dependencyCollector.impl=bf c:\Users\Randani\.vscode\extensions\redhat.java-1.56.0-win32-x64\server\plugins\org.eclipse.equinox.launcher_1.8.0.v20260804-1928.jar -configuration c:\Users\Randani\AppData\Roaming\Code\User\globalStorage\redhat.java\1.56.0\config_win -data c:\Users\Randani\AppData\Roaming\Code\User\workspaceStorage\26abe79bd59ea3f30d222db4cd519e31\redhat.java\jdt_ws --stdio

Host: Intel(R) Core(TM) i7-3687U CPU @ 2.10GHz, 4 cores, 3G,  Windows 10 , 64 bit Build 19041 (10.0.19041.5915)
Time: Tue Sep 29 22:31:00 2026 South Africa Standard Time elapsed time: 0.264334 seconds (0d 0h 0m 0s)

---------------  T H R E A D  ---------------

Current thread (0x000002af95acfbe0):  JavaThread "Unknown thread" [_thread_in_vm, id=10704, stack(0x000000ef44f00000,0x000000ef45000000) (1024K)]

Stack: [0x000000ef44f00000,0x000000ef45000000]
Native frames: (J=compiled Java code, j=interpreted, Vv=VM code, C=native code)
V  [jvm.dll+0x6d83e9]
V  [jvm.dll+0x8b5736]
V  [jvm.dll+0x8b7cee]
V  [jvm.dll+0x8b83d3]
V  [jvm.dll+0x284596]
V  [jvm.dll+0xc13c7]
V  [jvm.dll+0x7b6e40]
V  [jvm.dll+0x7b73eb]
V  [jvm.dll+0x87f862]
V  [jvm.dll+0x3c4fd1]
V  [jvm.dll+0x868905]
V  [jvm.dll+0x458071]
V  [jvm.dll+0x459c61]
C  [jli.dll+0x52dc]
C  [ucrtbase.dll+0x21bb2]
C  [KERNEL32.DLL+0x17374]
C  [ntdll.dll+0x4cc91]


---------------  P R O C E S S  ---------------

Threads class SMR info:
_java_thread_list=0x00007ff844eab208, length=0, elements={
}

Java Threads: ( => current thread )
Total: 0

Other Threads:
  0x000002af95aee340 WorkerThread "GC Thread#0"                     [id=9256, stack(0x000000ef45000000,0x000000ef45100000) (1024K)]

=>0x000002af95acfbe0 (exited) JavaThread "Unknown thread"    [_thread_in_vm, id=10704, stack(0x000000ef44f00000,0x000000ef45000000) (1024K)]
Total: 2

Threads with active compile tasks:
Total: 0

VM state: not at safepoint (not fully initialized)

VM Mutex/Monitor currently owned by a thread: None

Heap address: 0x0000000080000000, size: 2048 MB, Compressed Oops mode: 32-bit

CDS archive(s) mapped at: [0x000002afad000000-0x000002afadba0000-0x000002afadba0000), size 12189696, SharedBaseAddress: 0x000002afad000000, ArchiveRelocationMode: 1.
Compressed class space mapped at: 0x000002afae000000-0x000002afee000000, reserved size: 1073741824
Narrow klass base: 0x000002afad000000, Narrow klass shift: 0, Narrow klass range: 0x100000000

GC Precious Log:
 CardTable entry size: 512
 CPUs: 4 total, 4 available
 Memory: 3974M
 Large Page Support: Disabled
 NUMA Support: Disabled
 Compressed Oops: Enabled (32-bit)
 Alignments: Space 512K, Generation 512K, Heap 2M
 Heap Min Capacity: 100M
 Heap Initial Capacity: 100M
 Heap Max Capacity: 2G
 Pre-touch: Disabled
 Parallel Workers: 4

Heap:
 PSYoungGen      total 29696K, used 0K [0x00000000d5580000, 0x00000000d7680000, 0x0000000100000000)
  eden space 25600K, 0% used [0x00000000d5580000,0x00000000d5580000,0x00000000d6e80000)
  from space 4096K, 0% used [0x00000000d7280000,0x00000000d7280000,0x00000000d7680000)
  to   space 4096K, 0% used [0x00000000d6e80000,0x00000000d6e80000,0x00000000d7280000)
 ParOldGen       total 68608K, used 0K [0x0000000080000000, 0x0000000084300000, 0x00000000d5580000)
  object space 68608K, 0% used [0x0000000080000000,0x0000000080000000,0x0000000084300000)
 Metaspace       used 0K, committed 0K, reserved 1048576K
  class space    used 0K, committed 0K, reserved 1048576K

Card table byte_map: [0x000002af954b0000,0x000002af958c0000] _byte_map_base: 0x000002af950b0000

Marking Bits: (ParMarkBitMap*) 0x00007ff844f244a0
 Begin Bits: [0x000002afa7f90000, 0x000002afa9f90000)
 End Bits:   [0x000002afa9f90000, 0x000002afabf90000)

GC Heap History (0 events):
No events

Dll operation events (2 events):
Event: 0.049 Attempting to load shared library c:\Users\Randani\.vscode\extensions\redhat.java-1.56.0-win32-x64\jre\21.0.12.1-win32-x86_64\bin\java.dll
Event: 0.049 Loaded shared library c:\Users\Randani\.vscode\extensions\redhat.java-1.56.0-win32-x64\jre\21.0.12.1-win32-x86_64\bin\java.dll

Deoptimization events (0 events):
No events

Classes loaded (0 events):
No events

Classes unloaded (0 events):
No events

Classes redefined (0 events):
No events

Internal exceptions (0 events):
No events

ZGC Phase Switch (0 events):
No events

VM Operations (0 events):
No events

Memory protections (0 events):
No events

Nmethod flushes (0 events):
No events

Events (0 events):
No events


Dynamic libraries:
0x00007ff782460000 - 0x00007ff78246e000 	c:\Users\Randani\.vscode\extensions\redhat.java-1.56.0-win32-x64\jre\21.0.12.1-win32-x86_64\bin\java.exe
0x00007ff8d19f0000 - 0x00007ff8d1be8000 	C:\WINDOWS\SYSTEM32\ntdll.dll
0x00007ff8d0c30000 - 0x00007ff8d0cf2000 	C:\WINDOWS\System32\KERNEL32.DLL
0x00007ff8cf230000 - 0x00007ff8cf526000 	C:\WINDOWS\System32\KERNELBASE.dll
0x00007ff8cf090000 - 0x00007ff8cf190000 	C:\WINDOWS\System32\ucrtbase.dll
0x00007ff8bf9a0000 - 0x00007ff8bf9b8000 	c:\Users\Randani\.vscode\extensions\redhat.java-1.56.0-win32-x64\jre\21.0.12.1-win32-x86_64\bin\jli.dll
0x00007ff8d1560000 - 0x00007ff8d16fd000 	C:\WINDOWS\System32\USER32.dll
0x00007ff8cf530000 - 0x00007ff8cf552000 	C:\WINDOWS\System32\win32u.dll
0x00007ff8d0d00000 - 0x00007ff8d0d2b000 	C:\WINDOWS\System32\GDI32.dll
0x00007ff8cf8d0000 - 0x00007ff8cf9e9000 	C:\WINDOWS\System32\gdi32full.dll
0x00007ff8cf190000 - 0x00007ff8cf22d000 	C:\WINDOWS\System32\msvcp_win.dll
0x00007ff8bf4a0000 - 0x00007ff8bf4be000 	c:\Users\Randani\.vscode\extensions\redhat.java-1.56.0-win32-x64\jre\21.0.12.1-win32-x86_64\bin\VCRUNTIME140.dll
0x00007ff8c21c0000 - 0x00007ff8c245b000 	C:\WINDOWS\WinSxS\amd64_microsoft.windows.common-controls_6595b64144ccf1df_6.0.19041.6280_none_60bc30a171f2f3f3\COMCTL32.dll
0x00007ff8cfa20000 - 0x00007ff8cfabe000 	C:\WINDOWS\System32\msvcrt.dll
0x00007ff8d11a0000 - 0x00007ff8d11cf000 	C:\WINDOWS\System32\IMM32.DLL
0x00007ff8cbf20000 - 0x00007ff8cbf2c000 	c:\Users\Randani\.vscode\extensions\redhat.java-1.56.0-win32-x64\jre\21.0.12.1-win32-x86_64\bin\vcruntime140_1.dll
0x00007ff8bf410000 - 0x00007ff8bf49d000 	c:\Users\Randani\.vscode\extensions\redhat.java-1.56.0-win32-x64\jre\21.0.12.1-win32-x86_64\bin\msvcp140.dll
0x00007ff844260000 - 0x00007ff845002000 	c:\Users\Randani\.vscode\extensions\redhat.java-1.56.0-win32-x64\jre\21.0.12.1-win32-x86_64\bin\server\jvm.dll
0x00007ff8d0270000 - 0x00007ff8d0321000 	C:\WINDOWS\System32\ADVAPI32.dll
0x00007ff8cfe60000 - 0x00007ff8cfeff000 	C:\WINDOWS\System32\sechost.dll
0x00007ff8cfbe0000 - 0x00007ff8cfd00000 	C:\WINDOWS\System32\RPCRT4.dll
0x00007ff8cf9f0000 - 0x00007ff8cfa17000 	C:\WINDOWS\System32\bcrypt.dll
0x00007ff8d1940000 - 0x00007ff8d19ab000 	C:\WINDOWS\System32\WS2_32.dll
0x00007ff8ce620000 - 0x00007ff8ce66b000 	C:\WINDOWS\SYSTEM32\POWRPROF.dll
0x00007ff8bc930000 - 0x00007ff8bc957000 	C:\WINDOWS\SYSTEM32\WINMM.dll
0x00007ff8bc660000 - 0x00007ff8bc66a000 	C:\WINDOWS\SYSTEM32\VERSION.dll
0x00007ff8ce490000 - 0x00007ff8ce4a2000 	C:\WINDOWS\SYSTEM32\UMPDC.dll
0x00007ff8ccf10000 - 0x00007ff8ccf22000 	C:\WINDOWS\SYSTEM32\kernel.appcore.dll
0x00007ff8c06b0000 - 0x00007ff8c06ba000 	c:\Users\Randani\.vscode\extensions\redhat.java-1.56.0-win32-x64\jre\21.0.12.1-win32-x86_64\bin\jimage.dll
0x00007ff8bc670000 - 0x00007ff8bc871000 	C:\WINDOWS\SYSTEM32\DBGHELP.DLL
0x00007ff8b79d0000 - 0x00007ff8b7a04000 	C:\WINDOWS\SYSTEM32\dbgcore.DLL
0x00007ff8cf7f0000 - 0x00007ff8cf872000 	C:\WINDOWS\System32\bcryptPrimitives.dll
0x00007ff8c0070000 - 0x00007ff8c007f000 	c:\Users\Randani\.vscode\extensions\redhat.java-1.56.0-win32-x64\jre\21.0.12.1-win32-x86_64\bin\instrument.dll
0x00007ff8bf3f0000 - 0x00007ff8bf410000 	c:\Users\Randani\.vscode\extensions\redhat.java-1.56.0-win32-x64\jre\21.0.12.1-win32-x86_64\bin\java.dll

JVMTI agents:
c:\Users\Randani\.vscode\extensions\redhat.java-1.56.0-win32-x64\lombok\lombok-1.18.39-4050.jar path:none, loaded, not initialized, instrumentlib options:none

dbghelp: loaded successfully - version: 4.0.5 - missing functions: none
symbol engine: initialized successfully - sym options: 0x614 - pdb path: .;c:\Users\Randani\.vscode\extensions\redhat.java-1.56.0-win32-x64\jre\21.0.12.1-win32-x86_64\bin;C:\WINDOWS\SYSTEM32;C:\WINDOWS\WinSxS\amd64_microsoft.windows.common-controls_6595b64144ccf1df_6.0.19041.6280_none_60bc30a171f2f3f3;c:\Users\Randani\.vscode\extensions\redhat.java-1.56.0-win32-x64\jre\21.0.12.1-win32-x86_64\bin\server

VM Arguments:
jvm_args: --add-modules=ALL-SYSTEM --add-opens=java.base/java.util=ALL-UNNAMED --add-opens=java.base/java.lang=ALL-UNNAMED --add-opens=java.base/sun.nio.fs=ALL-UNNAMED -Declipse.application=org.eclipse.jdt.ls.core.id1 -Dosgi.bundles.defaultStartLevel=4 -Declipse.product=org.eclipse.jdt.ls.core.product -Djava.import.generatesMetadataFilesAtProjectRoot=false -Dm2e.project.cache.size=50 -DDetectVMInstallationsJob.disabled=true -Dfile.encoding=utf8 -XX:+UseParallelGC -XX:GCTimeRatio=4 -XX:AdaptiveSizePolicyWeight=90 -Dsun.zip.disableMemoryMapping=true -Xmx2G -Xms100m -Xlog:disable -javaagent:c:\Users\Randani\.vscode\extensions\redhat.java-1.56.0-win32-x64\lombok\lombok-1.18.39-4050.jar -XX:+HeapDumpOnOutOfMemoryError -XX:HeapDumpPath=c:\Users\Randani\AppData\Roaming\Code\User\workspaceStorage\26abe79bd59ea3f30d222db4cd519e31\redhat.java -Daether.dependencyCollector.impl=bf 
java_command: c:\Users\Randani\.vscode\extensions\redhat.java-1.56.0-win32-x64\server\plugins\org.eclipse.equinox.launcher_1.8.0.v20260804-1928.jar -configuration c:\Users\Randani\AppData\Roaming\Code\User\globalStorage\redhat.java\1.56.0\config_win -data c:\Users\Randani\AppData\Roaming\Code\User\workspaceStorage\26abe79bd59ea3f30d222db4cd519e31\redhat.java\jdt_ws --stdio
java_class_path (initial): c:\Users\Randani\.vscode\extensions\redhat.java-1.56.0-win32-x64\server\plugins\org.eclipse.equinox.launcher_1.8.0.v20260804-1928.jar
Launcher Type: SUN_STANDARD

[Global flags]
    uintx AdaptiveSizePolicyWeight                 = 90                                        {product} {command line}
     intx CICompilerCount                          = 3                                         {product} {ergonomic}
    uintx GCTimeRatio                              = 4                                         {product} {command line}
     bool HeapDumpOnOutOfMemoryError               = true                                   {manageable} {command line}
    ccstr HeapDumpPath                             = c:\Users\Randani\AppData\Roaming\Code\User\workspaceStorage\26abe79bd59ea3f30d222db4cd519e31\redhat.java         {manageable} {command line}
   size_t InitialHeapSize                          = 104857600                                 {product} {command line}
   size_t MaxHeapSize                              = 2147483648                                {product} {command line}
   size_t MaxNewSize                               = 715653120                                 {product} {ergonomic}
   size_t MinHeapDeltaBytes                        = 524288                                    {product} {ergonomic}
   size_t MinHeapSize                              = 104857600                                 {product} {command line}
   size_t NewSize                                  = 34603008                                  {product} {ergonomic}
    uintx NonNMethodCodeHeapSize                   = 5832780                                {pd product} {ergonomic}
    uintx NonProfiledCodeHeapSize                  = 122912730                              {pd product} {ergonomic}
   size_t OldSize                                  = 70254592                                  {product} {ergonomic}
    uintx ProfiledCodeHeapSize                     = 122912730                              {pd product} {ergonomic}
    uintx ReservedCodeCacheSize                    = 251658240                              {pd product} {ergonomic}
     bool SegmentedCodeCache                       = true                                      {product} {ergonomic}
   size_t SoftMaxHeapSize                          = 2147483648                             {manageable} {ergonomic}
     bool UseCompressedOops                        = true                           {product lp64_product} {ergonomic}
     bool UseLargePagesIndividualAllocation        = false                                  {pd product} {ergonomic}
     bool UseParallelGC                            = true                                      {product} {command line}

Logging:
Log output configuration:
 #0: stdout all=off uptime,level,tags foldmultilines=false
 #1: stderr all=off uptime,level,tags foldmultilines=false

Release file:
<release file has not been read>
Environment Variables:
PATH=C:\Python314\Scripts\;C:\Python314\;C:\Program Files\Eclipse Adoptium\jdk-25.0.3.9-hotspot\bin;C:\Program Files (x86)\Common Files\Oracle\Java\javapath;C:\WINDOWS\system32;C:\WINDOWS;C:\WINDOWS\System32\Wbem;C:\WINDOWS\System32\WindowsPowerShell\v1.0\;C:\WINDOWS\System32\OpenSSH\;C:\xampp\php;C:\Program Files\Azure Data Studio\bin;C:\Program Files (x86)\Microsoft SQL Server\150\DTS\Binn\;C:\Program Files (x86)\Microsoft SQL Server\160\DTS\Binn\;C:\Program Files (x86)\Microsoft SQL Server\160\Tools\Binn\;C:\Program Files\Microsoft SQL Server\160\Tools\Binn\;C:\Program Files\Microsoft SQL Server\Client SDK\ODBC\170\Tools\Binn\;C:\Program Files\Microsoft SQL Server\160\DTS\Binn\;C:\Program Files\Git\cmd;C:\ProgramData\chocolatey\bin;C:\Program Files\nodejs\;C:\Users\Randani\AppData\Local\Programs\Python\Launcher\;C:\Users\Randani\AppData\Local\Microsoft\WindowsApps;C:\Users\Randani\AppData\Local\Programs\Microsoft VS Code\bin;C:\msys64\ucrt64\bin;;C:\Program Files\Azure Data Studio\bin;C:\Users\Randani\AppData\Roaming\npm
USERNAME=Randani
OS=Windows_NT
PROCESSOR_IDENTIFIER=Intel64 Family 6 Model 58 Stepping 9, GenuineIntel
TMP=C:\Users\Randani\AppData\Local\Temp
TEMP=C:\Users\Randani\AppData\Local\Temp




Periodic native trim disabled

---------------  S Y S T E M  ---------------

OS:
 Windows 10 , 64 bit Build 19041 (10.0.19041.5915)
OS uptime: 0 days 0:36 hours

CPU: total 4 (initial active 4) (2 cores per cpu, 2 threads per core) family 6 model 58 stepping 9 microcode 0x21, cx8, cmov, fxsr, ht, mmx, sse, sse2, sse3, ssse3, sse4.1, sse4.2, popcnt, tsc, tscinvbit, avx, aes, erms, clmul, vzeroupper, clflush, rdtscp, f16c
Processor Information for the first 4 processors :
  Max Mhz: 2101, Current Mhz: 2101, Mhz Limit: 2101

Memory: 4k page, system-wide physical 3974M (143M free)
TotalPageFile size 16262M (AvailPageFile size 0M)
current process WorkingSet (physical memory assigned to process): 22M, peak: 22M
current process commit charge ("private bytes"): 192M, peak: 192M

vm_info: OpenJDK 64-Bit Server VM (21.0.12.1+1-LTS) for windows-amd64 JRE (21.0.12.1+1-LTS), built on 2026-08-18T00:00:00Z by "admin" with MS VC++ 17.12 (VS2022)

END.
