#
# There is insufficient memory for the Java Runtime Environment to continue.
# Native memory allocation (malloc) failed to allocate 628336 bytes. Error detail: Chunk::new
# Possible reasons:
#   The system is out of physical RAM or swap space
#   This process is running with CompressedOops enabled, and the Java Heap may be blocking the growth of the native heap
# Possible solutions:
#   Reduce memory load on the system
#   Increase physical memory or swap space
#   Check if swap backing store is full
#   Decrease Java heap size (-Xmx/-Xms)
#   Decrease number of Java threads
#   Decrease Java thread stack sizes (-Xss)
#   Set larger code cache with -XX:ReservedCodeCacheSize=
#   JVM is running with Unscaled Compressed Oops mode in which the Java heap is
#     placed in the first 4GB address space. The Java Heap base address is the
#     maximum limit for the native heap growth. Please use -XX:HeapBaseMinAddress
#     to set the Java Heap base and to place the Java Heap above 4GB virtual address.
# This output file may be truncated or incomplete.
#
#  Out of Memory Error (arena.cpp:168), pid=15216, tid=15056
#
# JRE version: OpenJDK Runtime Environment Temurin-21.0.12.1+1 (21.0.12.1+1) (build 21.0.12.1+1-LTS)
# Java VM: OpenJDK 64-Bit Server VM Temurin-21.0.12.1+1 (21.0.12.1+1-LTS, mixed mode, sharing, tiered, compressed oops, compressed class ptrs, parallel gc, windows-amd64)
# No core dump will be written. Minidumps are not enabled by default on client versions of Windows
#

---------------  S U M M A R Y ------------

Command Line: --add-modules=ALL-SYSTEM --add-opens=java.base/java.util=ALL-UNNAMED --add-opens=java.base/java.lang=ALL-UNNAMED --add-opens=java.base/sun.nio.fs=ALL-UNNAMED -Declipse.application=org.eclipse.jdt.ls.core.id1 -Dosgi.bundles.defaultStartLevel=4 -Declipse.product=org.eclipse.jdt.ls.core.product -Djava.import.generatesMetadataFilesAtProjectRoot=false -Dm2e.project.cache.size=50 -DDetectVMInstallationsJob.disabled=true -Dfile.encoding=utf8 -XX:+UseParallelGC -XX:GCTimeRatio=4 -XX:AdaptiveSizePolicyWeight=90 -Dsun.zip.disableMemoryMapping=true -Xmx2G -Xms100m -Xlog:disable -javaagent:c:\Users\Randani\.vscode\extensions\redhat.java-1.56.0-win32-x64\lombok\lombok-1.18.39-4050.jar c:\Users\Randani\.vscode\extensions\redhat.java-1.56.0-win32-x64\server\plugins\org.eclipse.equinox.launcher_1.8.0.v20260804-1928.jar -configuration c:\Users\Randani\AppData\Roaming\Code\User\globalStorage\redhat.java\1.56.0\config_ss_win -data c:\Users\Randani\AppData\Roaming\Code\User\workspaceStorage\26abe79bd59ea3f30d222db4cd519e31\redhat.java\ss_ws --pipe=\\.\pipe\lsp-83bc6850b3c2db98de6061b8f6ea2a88-sock

Host: Intel(R) Core(TM) i7-3687U CPU @ 2.10GHz, 4 cores, 3G,  Windows 10 , 64 bit Build 19041 (10.0.19041.5915)
Time: Tue Sep 29 22:31:00 2026 South Africa Standard Time elapsed time: 41.871564 seconds (0d 0h 0m 41s)

---------------  T H R E A D  ---------------

Current thread (0x00000264329328b0):  JavaThread "C2 CompilerThread0" daemon [_thread_in_native, id=15056, stack(0x000000d087f00000,0x000000d088000000) (1024K)]


Current CompileTask:
C2:41871 4483       4       org.eclipse.jdt.internal.compiler.util.JrtFileSystem$2::visitFile (72 bytes)

Stack: [0x000000d087f00000,0x000000d088000000]
Native frames: (J=compiled Java code, j=interpreted, Vv=VM code, C=native code)
V  [jvm.dll+0x6d83e9]
V  [jvm.dll+0x8b5736]
V  [jvm.dll+0x8b7cee]
V  [jvm.dll+0x8b83d3]
V  [jvm.dll+0x284596]
V  [jvm.dll+0xc685d]
V  [jvm.dll+0xc6da1]
V  [jvm.dll+0x3bf151]
V  [jvm.dll+0x38b6d2]
V  [jvm.dll+0x38ab1a]
V  [jvm.dll+0x24c700]
V  [jvm.dll+0x24bce0]
V  [jvm.dll+0x1cb4ae]
V  [jvm.dll+0x25baad]
V  [jvm.dll+0x25a03a]
V  [jvm.dll+0x3f8aae]
V  [jvm.dll+0x8600cd]
V  [jvm.dll+0x6d6c1d]
C  [ucrtbase.dll+0x21bb2]
C  [KERNEL32.DLL+0x17374]
C  [ntdll.dll+0x4cc91]


---------------  P R O C E S S  ---------------

Threads class SMR info:
_java_thread_list=0x000002648f9f2110, length=31, elements={
0x0000026432a2fe20, 0x00000264329170b0, 0x0000026432918920, 0x000002643291a590,
0x000002643291c4c0, 0x0000026432927360, 0x0000026432926640, 0x00000264329328b0,
0x000002643295e4f0, 0x00000264329279f0, 0x0000026432925fb0, 0x0000026432926cd0,
0x0000026432925920, 0x0000026432928080, 0x0000026432925290, 0x000002648f8572d0,
0x000002648f858680, 0x000002648f858d10, 0x000002648f856c40, 0x000002648f8537c0,
0x000002648f8593a0, 0x000002648f857960, 0x000002648f855f20, 0x000002648f8565b0,
0x000002648f852aa0, 0x000002648f852410, 0x000002648f857ff0, 0x000002648f853130,
0x000002648f859a30, 0x000002648f853e50, 0x000002648f8544e0
}

Java Threads: ( => current thread )
  0x0000026432a2fe20 JavaThread "main"                              [_thread_blocked, id=14680, stack(0x000000d087500000,0x000000d087600000) (1024K)]
  0x00000264329170b0 JavaThread "Reference Handler"          daemon [_thread_blocked, id=14444, stack(0x000000d087900000,0x000000d087a00000) (1024K)]
  0x0000026432918920 JavaThread "Finalizer"                  daemon [_thread_blocked, id=14556, stack(0x000000d087a00000,0x000000d087b00000) (1024K)]
  0x000002643291a590 JavaThread "Signal Dispatcher"          daemon [_thread_blocked, id=14668, stack(0x000000d087b00000,0x000000d087c00000) (1024K)]
  0x000002643291c4c0 JavaThread "Attach Listener"            daemon [_thread_blocked, id=8620, stack(0x000000d087c00000,0x000000d087d00000) (1024K)]
  0x0000026432927360 JavaThread "Service Thread"             daemon [_thread_blocked, id=5168, stack(0x000000d087d00000,0x000000d087e00000) (1024K)]
  0x0000026432926640 JavaThread "Monitor Deflation Thread"   daemon [_thread_blocked, id=15284, stack(0x000000d087e00000,0x000000d087f00000) (1024K)]
=>0x00000264329328b0 JavaThread "C2 CompilerThread0"         daemon [_thread_in_native, id=15056, stack(0x000000d087f00000,0x000000d088000000) (1024K)]
  0x000002643295e4f0 JavaThread "C1 CompilerThread0"         daemon [_thread_blocked, id=14880, stack(0x000000d088000000,0x000000d088100000) (1024K)]
  0x00000264329279f0 JavaThread "Common-Cleaner"             daemon [_thread_blocked, id=14660, stack(0x000000d088100000,0x000000d088200000) (1024K)]
  0x0000026432925fb0 JavaThread "Notification Thread"        daemon [_thread_blocked, id=11396, stack(0x000000d088200000,0x000000d088300000) (1024K)]
  0x0000026432926cd0 JavaThread "Active Thread: Equinox Container: 6ba27af1-60f9-4e33-935c-038bb3c6396c"        [_thread_blocked, id=4460, stack(0x000000d088600000,0x000000d088700000) (1024K)]
  0x0000026432925920 JavaThread "Framework Event Dispatcher: Equinox Container: 6ba27af1-60f9-4e33-935c-038bb3c6396c" daemon [_thread_blocked, id=6796, stack(0x000000d088700000,0x000000d088800000) (1024K)]
  0x0000026432928080 JavaThread "Start Level: Equinox Container: 6ba27af1-60f9-4e33-935c-038bb3c6396c" daemon [_thread_blocked, id=14052, stack(0x000000d088800000,0x000000d088900000) (1024K)]
  0x0000026432925290 JavaThread "SCR Component Actor"        daemon [_thread_blocked, id=14984, stack(0x000000d088900000,0x000000d088a00000) (1024K)]
  0x000002648f8572d0 JavaThread "Worker-JM"                         [_thread_blocked, id=14500, stack(0x000000d088a00000,0x000000d088b00000) (1024K)]
  0x000002648f858680 JavaThread "Worker-0"                          [_thread_blocked, id=14932, stack(0x000000d088b00000,0x000000d088c00000) (1024K)]
  0x000002648f858d10 JavaThread "Worker-1"                          [_thread_blocked, id=664, stack(0x000000d088c00000,0x000000d088d00000) (1024K)]
  0x000002648f856c40 JavaThread "Worker-2"                          [_thread_blocked, id=7936, stack(0x000000d088d00000,0x000000d088e00000) (1024K)]
  0x000002648f8537c0 JavaThread "JNA Cleaner"                daemon [_thread_blocked, id=1648, stack(0x000000d088e00000,0x000000d088f00000) (1024K)]
  0x000002648f8593a0 JavaThread "Thread-1"                   daemon [_thread_in_native, id=14620, stack(0x000000d089100000,0x000000d089200000) (1024K)]
  0x000002648f857960 JavaThread "Thread-2"                   daemon [_thread_in_native, id=14624, stack(0x000000d089200000,0x000000d089300000) (1024K)]
  0x000002648f855f20 JavaThread "Thread-3"                   daemon [_thread_in_native, id=11216, stack(0x000000d089300000,0x000000d089400000) (1024K)]
  0x000002648f8565b0 JavaThread "Thread-4"                   daemon [_thread_in_native, id=7664, stack(0x000000d089400000,0x000000d089500000) (1024K)]
  0x000002648f852aa0 JavaThread "Thread-5"                   daemon [_thread_in_native, id=11596, stack(0x000000d089500000,0x000000d089600000) (1024K)]
  0x000002648f852410 JavaThread "pool-2-thread-1"                   [_thread_blocked, id=15044, stack(0x000000d089600000,0x000000d089700000) (1024K)]
  0x000002648f857ff0 JavaThread "WorkspaceEventsHandler"            [_thread_blocked, id=7164, stack(0x000000d089700000,0x000000d089800000) (1024K)]
  0x000002648f853130 JavaThread "pool-1-thread-1"                   [_thread_in_vm, id=15208, stack(0x000000d089800000,0x000000d089900000) (1024K)]
  0x000002648f859a30 JavaThread "ForkJoinPool.commonPool-worker-1" daemon [_thread_blocked, id=1264, stack(0x000000d089900000,0x000000d089a00000) (1024K)]
  0x000002648f853e50 JavaThread "ForkJoinPool.commonPool-worker-2" daemon [_thread_in_Java, id=15116, stack(0x000000d089a00000,0x000000d089b00000) (1024K)]
  0x000002648f8544e0 JavaThread "Worker-3"                          [_thread_blocked, id=15188, stack(0x000000d089b00000,0x000000d089c00000) (1024K)]
Total: 31

Other Threads:
  0x0000026432aef340 VMThread "VM Thread"                           [id=7496, stack(0x000000d087800000,0x000000d087900000) (1024K)]
  0x00000264328ccbe0 WatcherThread "VM Periodic Task Thread"        [id=14428, stack(0x000000d087700000,0x000000d087800000) (1024K)]
  0x0000026432a4e580 WorkerThread "GC Thread#0"                     [id=13908, stack(0x000000d087600000,0x000000d087700000) (1024K)]
  0x000002648f5e0980 WorkerThread "GC Thread#1"                     [id=8264, stack(0x000000d088300000,0x000000d088400000) (1024K)]
  0x000002648f61e080 WorkerThread "GC Thread#2"                     [id=14352, stack(0x000000d088400000,0x000000d088500000) (1024K)]
  0x000002648f0b66d0 WorkerThread "GC Thread#3"                     [id=14460, stack(0x000000d088500000,0x000000d088600000) (1024K)]
Total: 6

Threads with active compile tasks:
C2 CompilerThread0  41919 4483       4       org.eclipse.jdt.internal.compiler.util.JrtFileSystem$2::visitFile (72 bytes)
Total: 1

VM state: not at safepoint (normal execution)

VM Mutex/Monitor currently owned by a thread: None

Heap address: 0x0000000080000000, size: 2048 MB, Compressed Oops mode: 32-bit

CDS archive(s) mapped at: [0x000002644a000000-0x000002644aba0000-0x000002644aba0000), size 12189696, SharedBaseAddress: 0x000002644a000000, ArchiveRelocationMode: 1.
Compressed class space mapped at: 0x000002644b000000-0x000002648b000000, reserved size: 1073741824
Narrow klass base: 0x000002644a000000, Narrow klass shift: 0, Narrow klass range: 0x100000000

GC Precious Log:
 CardTable entry size: 512
 CPUs: 4 total, 4 available
 Memory: 3974M
 Large Page Support: Disabled
 NUMA Support: Disabled
 Compressed Oops: Enabled (32-bit)
 Alignments: Space 512K, Generation 512K, Heap 2M
 Heap Min Capacity: 100M
 Heap Initial Capacity: 100M
 Heap Max Capacity: 2G
 Pre-touch: Disabled
 Parallel Workers: 4

Heap:
 PSYoungGen      total 23552K, used 22549K [0x00000000d5580000, 0x00000000d6f80000, 0x0000000100000000)
  eden space 21504K, 96% used [0x00000000d5580000,0x00000000d69bd518,0x00000000d6a80000)
  from space 2048K, 89% used [0x00000000d6a80000,0x00000000d6c48000,0x00000000d6c80000)
  to   space 2560K, 0% used [0x00000000d6d00000,0x00000000d6d00000,0x00000000d6f80000)
 ParOldGen       total 68608K, used 22576K [0x0000000080000000, 0x0000000084300000, 0x00000000d5580000)
  object space 68608K, 32% used [0x0000000080000000,0x000000008160c248,0x0000000084300000)
 Metaspace       used 37620K, committed 38656K, reserved 1114112K
  class space    used 3855K, committed 4288K, reserved 1048576K

Card table byte_map: [0x00000264323e0000,0x00000264327f0000] _byte_map_base: 0x0000026431fe0000

Marking Bits: (ParMarkBitMap*) 0x00007ff844f244a0
 Begin Bits: [0x0000026444ef0000, 0x0000026446ef0000)
 End Bits:   [0x0000026446ef0000, 0x0000026448ef0000)

Polling page: 0x00000264307c0000

Metaspace:

Usage:
  Non-class:     32.97 MB used.
      Class:      3.76 MB used.
       Both:     36.74 MB used.

Virtual space:
  Non-class space:       64.00 MB reserved,      33.56 MB ( 52%) committed,  1 nodes.
      Class space:        1.00 GB reserved,       4.19 MB ( <1%) committed,  1 nodes.
             Both:        1.06 GB reserved,      37.75 MB (  3%) committed. 

Chunk freelists:
   Non-Class:  14.04 MB
       Class:  11.83 MB
        Both:  25.87 MB

MaxMetaspaceSize: unlimited
CompressedClassSpaceSize: 1.00 GB
Initial GC threshold: 21.00 MB
Current GC threshold: 58.38 MB
CDS: on
 - commit_granule_bytes: 65536.
 - commit_granule_words: 8192.
 - virtual_space_node_default_size: 8388608.
 - enlarge_chunks_in_place: 1.
 - use_allocation_guard: 0.


Internal statistics:

num_allocs_failed_limit: 6.
num_arena_births: 696.
num_arena_deaths: 14.
num_vsnodes_births: 2.
num_vsnodes_deaths: 0.
num_space_committed: 604.
num_space_uncommitted: 0.
num_chunks_returned_to_freelist: 20.
num_chunks_taken_from_freelist: 2244.
num_chunk_merges: 12.
num_chunk_splits: 1427.
num_chunks_enlarged: 899.
num_inconsistent_stats: 0.

CodeHeap 'non-profiled nmethods': size=120000Kb used=2139Kb max_used=2139Kb free=117860Kb
 bounds [0x000002643d710000, 0x000002643d980000, 0x0000026444c40000]
CodeHeap 'profiled nmethods': size=120000Kb used=8540Kb max_used=8540Kb free=111459Kb
 bounds [0x0000026435c40000, 0x00000264364b0000, 0x000002643d170000]
CodeHeap 'non-nmethods': size=5760Kb used=1378Kb max_used=1407Kb free=4381Kb
 bounds [0x000002643d170000, 0x000002643d3e0000, 0x000002643d710000]
CodeCache: size=245760Kb, used=12057Kb, max_used=12086Kb, free=233700Kb
 total_blobs=4854, nmethods=4173, adapters=587, full_count=0
Compilation: enabled, stopped_count=0, restarted_count=0

Compilation events (20 events):
Event: 41.724 Thread 0x00000264329328b0 nmethod 4482 0x000002643d91b390 code [0x000002643d91b980, 0x000002643d91f960]
Event: 41.725 Thread 0x00000264329328b0 4555       4       java.util.ImmutableCollections$AbstractImmutableList::hashCode (36 bytes)
Event: 41.731 Thread 0x00000264329328b0 nmethod 4555 0x000002643d923190 code [0x000002643d923360, 0x000002643d923748]
Event: 41.731 Thread 0x00000264329328b0 4552       4       java.util.ArrayList::<init> (65 bytes)
Event: 41.737 Thread 0x00000264329328b0 nmethod 4552 0x000002643d923990 code [0x000002643d923b40, 0x000002643d923eb8]
Event: 41.737 Thread 0x00000264329328b0 4553       4       jdk.internal.jrtfs.JrtPath::subpath (129 bytes)
Event: 41.744 Thread 0x000002643295e4f0 4558       3       java.util.jar.JarEntry::<init> (6 bytes)
Event: 41.744 Thread 0x000002643295e4f0 nmethod 4558 0x0000026435e98410 code [0x0000026435e985c0, 0x0000026435e986f8]
Event: 41.744 Thread 0x000002643295e4f0 4559       3       java.util.zip.ZipEntry::<init> (172 bytes)
Event: 41.745 Thread 0x000002643295e4f0 nmethod 4559 0x0000026435cfef10 code [0x0000026435cff0e0, 0x0000026435cff4d0]
Event: 41.755 Thread 0x000002643295e4f0 4560       3       org.eclipse.jdt.internal.core.Openable::getPackageFragmentRoot (9 bytes)
Event: 41.756 Thread 0x000002643295e4f0 nmethod 4560 0x0000026435cfe410 code [0x0000026435cfe5e0, 0x0000026435cfec30]
Event: 41.780 Thread 0x00000264329328b0 nmethod 4553 0x000002643d924090 code [0x000002643d924340, 0x000002643d9256d8]
Event: 41.780 Thread 0x00000264329328b0 4554       4       jdk.internal.jrtfs.JrtPath::subpath (7 bytes)
Event: 41.781 Thread 0x00000264329328b0 nmethod 4554 0x000002643d926590 code [0x000002643d926720, 0x000002643d9267d0]
Event: 41.781 Thread 0x00000264329328b0 4550       4       java.util.Arrays$ArrayList::toArray (15 bytes)
Event: 41.783 Thread 0x00000264329328b0 nmethod 4550 0x000002643d926890 code [0x000002643d926a20, 0x000002643d926ba8]
Event: 41.783 Thread 0x00000264329328b0 4483       4       org.eclipse.jdt.internal.compiler.util.JrtFileSystem$2::visitFile (72 bytes)
Event: 41.852 Thread 0x000002643295e4f0 4561       1       org.eclipse.jdt.internal.core.AbstractClassFile::getElementType (3 bytes)
Event: 41.852 Thread 0x000002643295e4f0 nmethod 4561 0x000002643d926c90 code [0x000002643d926e20, 0x000002643d926ee8]

GC Heap History (20 events):
Event: 32.710 GC heap before
{Heap before GC invocations=8 (full 1):
 PSYoungGen      total 30720K, used 25088K [0x00000000d5580000, 0x00000000d7900000, 0x0000000100000000)
  eden space 25088K, 100% used [0x00000000d5580000,0x00000000d6e00000,0x00000000d6e00000)
  from space 5632K, 0% used [0x00000000d7380000,0x00000000d7380000,0x00000000d7900000)
  to   space 5632K, 0% used [0x00000000d6e00000,0x00000000d6e00000,0x00000000d7380000)
 ParOldGen       total 68608K, used 9816K [0x0000000080000000, 0x0000000084300000, 0x00000000d5580000)
  object space 68608K, 14% used [0x0000000080000000,0x00000000809960c8,0x0000000084300000)
 Metaspace       used 24867K, committed 25600K, reserved 1114112K
  class space    used 2419K, committed 2752K, reserved 1048576K
}
Event: 32.716 GC heap after
{Heap after GC invocations=8 (full 1):
 PSYoungGen      total 27136K, used 2481K [0x00000000d5580000, 0x00000000d7480000, 0x0000000100000000)
  eden space 24576K, 0% used [0x00000000d5580000,0x00000000d5580000,0x00000000d6d80000)
  from space 2560K, 96% used [0x00000000d6e00000,0x00000000d706c7d0,0x00000000d7080000)
  to   space 3584K, 0% used [0x00000000d7100000,0x00000000d7100000,0x00000000d7480000)
 ParOldGen       total 68608K, used 9824K [0x0000000080000000, 0x0000000084300000, 0x00000000d5580000)
  object space 68608K, 14% used [0x0000000080000000,0x00000000809980c8,0x0000000084300000)
 Metaspace       used 24867K, committed 25600K, reserved 1114112K
  class space    used 2419K, committed 2752K, reserved 1048576K
}
Event: 34.574 GC heap before
{Heap before GC invocations=9 (full 1):
 PSYoungGen      total 27136K, used 27057K [0x00000000d5580000, 0x00000000d7480000, 0x0000000100000000)
  eden space 24576K, 100% used [0x00000000d5580000,0x00000000d6d80000,0x00000000d6d80000)
  from space 2560K, 96% used [0x00000000d6e00000,0x00000000d706c7d0,0x00000000d7080000)
  to   space 3584K, 0% used [0x00000000d7100000,0x00000000d7100000,0x00000000d7480000)
 ParOldGen       total 68608K, used 9824K [0x0000000080000000, 0x0000000084300000, 0x00000000d5580000)
  object space 68608K, 14% used [0x0000000080000000,0x00000000809980c8,0x0000000084300000)
 Metaspace       used 28553K, committed 29312K, reserved 1114112K
  class space    used 2859K, committed 3200K, reserved 1048576K
}
Event: 34.583 GC heap after
{Heap after GC invocations=9 (full 1):
 PSYoungGen      total 27648K, used 3562K [0x00000000d5580000, 0x00000000d7500000, 0x0000000100000000)
  eden space 24064K, 0% used [0x00000000d5580000,0x00000000d5580000,0x00000000d6d00000)
  from space 3584K, 99% used [0x00000000d7100000,0x00000000d747a900,0x00000000d7480000)
  to   space 4096K, 0% used [0x00000000d6d00000,0x00000000d6d00000,0x00000000d7100000)
 ParOldGen       total 68608K, used 10084K [0x0000000080000000, 0x0000000084300000, 0x00000000d5580000)
  object space 68608K, 14% used [0x0000000080000000,0x00000000809d9388,0x0000000084300000)
 Metaspace       used 28553K, committed 29312K, reserved 1114112K
  class space    used 2859K, committed 3200K, reserved 1048576K
}
Event: 38.303 GC heap before
{Heap before GC invocations=10 (full 1):
 PSYoungGen      total 27648K, used 27016K [0x00000000d5580000, 0x00000000d7500000, 0x0000000100000000)
  eden space 24064K, 97% used [0x00000000d5580000,0x00000000d6c67818,0x00000000d6d00000)
  from space 3584K, 99% used [0x00000000d7100000,0x00000000d747a900,0x00000000d7480000)
  to   space 4096K, 0% used [0x00000000d6d00000,0x00000000d6d00000,0x00000000d7100000)
 ParOldGen       total 68608K, used 10084K [0x0000000080000000, 0x0000000084300000, 0x00000000d5580000)
  object space 68608K, 14% used [0x0000000080000000,0x00000000809d9388,0x0000000084300000)
 Metaspace       used 31289K, committed 32192K, reserved 1114112K
  class space    used 3183K, committed 3584K, reserved 1048576K
}
Event: 38.313 GC heap after
{Heap after GC invocations=10 (full 1):
 PSYoungGen      total 27648K, used 4095K [0x00000000d5580000, 0x00000000d7680000, 0x0000000100000000)
  eden space 23552K, 0% used [0x00000000d5580000,0x00000000d5580000,0x00000000d6c80000)
  from space 4096K, 99% used [0x00000000d6d00000,0x00000000d70fffe8,0x00000000d7100000)
  to   space 5120K, 0% used [0x00000000d7180000,0x00000000d7180000,0x00000000d7680000)
 ParOldGen       total 68608K, used 10576K [0x0000000080000000, 0x0000000084300000, 0x00000000d5580000)
  object space 68608K, 15% used [0x0000000080000000,0x0000000080a54398,0x0000000084300000)
 Metaspace       used 31289K, committed 32192K, reserved 1114112K
  class space    used 3183K, committed 3584K, reserved 1048576K
}
Event: 39.102 GC heap before
{Heap before GC invocations=11 (full 1):
 PSYoungGen      total 27648K, used 27647K [0x00000000d5580000, 0x00000000d7680000, 0x0000000100000000)
  eden space 23552K, 100% used [0x00000000d5580000,0x00000000d6c80000,0x00000000d6c80000)
  from space 4096K, 99% used [0x00000000d6d00000,0x00000000d70fffe8,0x00000000d7100000)
  to   space 5120K, 0% used [0x00000000d7180000,0x00000000d7180000,0x00000000d7680000)
 ParOldGen       total 68608K, used 10576K [0x0000000080000000, 0x0000000084300000, 0x00000000d5580000)
  object space 68608K, 15% used [0x0000000080000000,0x0000000080a54398,0x0000000084300000)
 Metaspace       used 34697K, committed 35648K, reserved 1114112K
  class space    used 3562K, committed 3968K, reserved 1048576K
}
Event: 39.119 GC heap after
{Heap after GC invocations=11 (full 1):
 PSYoungGen      total 26624K, used 3125K [0x00000000d5580000, 0x00000000d7500000, 0x0000000100000000)
  eden space 23040K, 0% used [0x00000000d5580000,0x00000000d5580000,0x00000000d6c00000)
  from space 3584K, 87% used [0x00000000d7180000,0x00000000d748d578,0x00000000d7500000)
  to   space 4096K, 0% used [0x00000000d6d00000,0x00000000d6d00000,0x00000000d7100000)
 ParOldGen       total 68608K, used 13810K [0x0000000080000000, 0x0000000084300000, 0x00000000d5580000)
  object space 68608K, 20% used [0x0000000080000000,0x0000000080d7c888,0x0000000084300000)
 Metaspace       used 34697K, committed 35648K, reserved 1114112K
  class space    used 3562K, committed 3968K, reserved 1048576K
}
Event: 39.238 GC heap before
{Heap before GC invocations=12 (full 1):
 PSYoungGen      total 26624K, used 6174K [0x00000000d5580000, 0x00000000d7500000, 0x0000000100000000)
  eden space 23040K, 13% used [0x00000000d5580000,0x00000000d587a410,0x00000000d6c00000)
  from space 3584K, 87% used [0x00000000d7180000,0x00000000d748d578,0x00000000d7500000)
  to   space 4096K, 0% used [0x00000000d6d00000,0x00000000d6d00000,0x00000000d7100000)
 ParOldGen       total 68608K, used 13810K [0x0000000080000000, 0x0000000084300000, 0x00000000d5580000)
  object space 68608K, 20% used [0x0000000080000000,0x0000000080d7c888,0x0000000084300000)
 Metaspace       used 34931K, committed 35840K, reserved 1114112K
  class space    used 3579K, committed 3968K, reserved 1048576K
}
Event: 39.244 GC heap after
{Heap after GC invocations=12 (full 1):
 PSYoungGen      total 23552K, used 441K [0x00000000d5580000, 0x00000000d7200000, 0x0000000100000000)
  eden space 23040K, 0% used [0x00000000d5580000,0x00000000d5580000,0x00000000d6c00000)
  from space 512K, 86% used [0x00000000d6d00000,0x00000000d6d6e470,0x00000000d6d80000)
  to   space 1536K, 0% used [0x00000000d7080000,0x00000000d7080000,0x00000000d7200000)
 ParOldGen       total 68608K, used 16795K [0x0000000080000000, 0x0000000084300000, 0x00000000d5580000)
  object space 68608K, 24% used [0x0000000080000000,0x0000000081066ce8,0x0000000084300000)
 Metaspace       used 34931K, committed 35840K, reserved 1114112K
  class space    used 3579K, committed 3968K, reserved 1048576K
}
Event: 39.244 GC heap before
{Heap before GC invocations=13 (full 2):
 PSYoungGen      total 23552K, used 441K [0x00000000d5580000, 0x00000000d7200000, 0x0000000100000000)
  eden space 23040K, 0% used [0x00000000d5580000,0x00000000d5580000,0x00000000d6c00000)
  from space 512K, 86% used [0x00000000d6d00000,0x00000000d6d6e470,0x00000000d6d80000)
  to   space 1536K, 0% used [0x00000000d7080000,0x00000000d7080000,0x00000000d7200000)
 ParOldGen       total 68608K, used 16795K [0x0000000080000000, 0x0000000084300000, 0x00000000d5580000)
  object space 68608K, 24% used [0x0000000080000000,0x0000000081066ce8,0x0000000084300000)
 Metaspace       used 34931K, committed 35840K, reserved 1114112K
  class space    used 3579K, committed 3968K, reserved 1048576K
}
Event: 39.316 GC heap after
{Heap after GC invocations=13 (full 2):
 PSYoungGen      total 23552K, used 0K [0x00000000d5580000, 0x00000000d7200000, 0x0000000100000000)
  eden space 23040K, 0% used [0x00000000d5580000,0x00000000d5580000,0x00000000d6c00000)
  from space 512K, 0% used [0x00000000d6d00000,0x00000000d6d00000,0x00000000d6d80000)
  to   space 1536K, 0% used [0x00000000d7080000,0x00000000d7080000,0x00000000d7200000)
 ParOldGen       total 68608K, used 16079K [0x0000000080000000, 0x0000000084300000, 0x00000000d5580000)
  object space 68608K, 23% used [0x0000000080000000,0x0000000080fb3e08,0x0000000084300000)
 Metaspace       used 34931K, committed 35840K, reserved 1114112K
  class space    used 3579K, committed 3968K, reserved 1048576K
}
Event: 39.966 GC heap before
{Heap before GC invocations=14 (full 2):
 PSYoungGen      total 23552K, used 23040K [0x00000000d5580000, 0x00000000d7200000, 0x0000000100000000)
  eden space 23040K, 100% used [0x00000000d5580000,0x00000000d6c00000,0x00000000d6c00000)
  from space 512K, 0% used [0x00000000d6d00000,0x00000000d6d00000,0x00000000d6d80000)
  to   space 1536K, 0% used [0x00000000d7080000,0x00000000d7080000,0x00000000d7200000)
 ParOldGen       total 68608K, used 16079K [0x0000000080000000, 0x0000000084300000, 0x00000000d5580000)
  object space 68608K, 23% used [0x0000000080000000,0x0000000080fb3e08,0x0000000084300000)
 Metaspace       used 36667K, committed 37632K, reserved 1114112K
  class space    used 3747K, committed 4160K, reserved 1048576K
}
Event: 39.970 GC heap after
{Heap after GC invocations=14 (full 2):
 PSYoungGen      total 24064K, used 1520K [0x00000000d5580000, 0x00000000d7200000, 0x0000000100000000)
  eden space 22528K, 0% used [0x00000000d5580000,0x00000000d5580000,0x00000000d6b80000)
  from space 1536K, 98% used [0x00000000d7080000,0x00000000d71fc060,0x00000000d7200000)
  to   space 2560K, 0% used [0x00000000d6d00000,0x00000000d6d00000,0x00000000d6f80000)
 ParOldGen       total 68608K, used 16616K [0x0000000080000000, 0x0000000084300000, 0x00000000d5580000)
  object space 68608K, 24% used [0x0000000080000000,0x000000008103a3c8,0x0000000084300000)
 Metaspace       used 36667K, committed 37632K, reserved 1114112K
  class space    used 3747K, committed 4160K, reserved 1048576K
}
Event: 40.284 GC heap before
{Heap before GC invocations=15 (full 2):
 PSYoungGen      total 24064K, used 24048K [0x00000000d5580000, 0x00000000d7200000, 0x0000000100000000)
  eden space 22528K, 100% used [0x00000000d5580000,0x00000000d6b80000,0x00000000d6b80000)
  from space 1536K, 98% used [0x00000000d7080000,0x00000000d71fc060,0x00000000d7200000)
  to   space 2560K, 0% used [0x00000000d6d00000,0x00000000d6d00000,0x00000000d6f80000)
 ParOldGen       total 68608K, used 16616K [0x0000000080000000, 0x0000000084300000, 0x00000000d5580000)
  object space 68608K, 24% used [0x0000000080000000,0x000000008103a3c8,0x0000000084300000)
 Metaspace       used 37249K, committed 38208K, reserved 1114112K
  class space    used 3780K, committed 4224K, reserved 1048576K
}
Event: 40.292 GC heap after
{Heap after GC invocations=15 (full 2):
 PSYoungGen      total 24064K, used 1856K [0x00000000d5580000, 0x00000000d7100000, 0x0000000100000000)
  eden space 22016K, 0% used [0x00000000d5580000,0x00000000d5580000,0x00000000d6b00000)
  from space 2048K, 90% used [0x00000000d6d00000,0x00000000d6ed0010,0x00000000d6f00000)
  to   space 2048K, 0% used [0x00000000d6f00000,0x00000000d6f00000,0x00000000d7100000)
 ParOldGen       total 68608K, used 18830K [0x0000000080000000, 0x0000000084300000, 0x00000000d5580000)
  object space 68608K, 27% used [0x0000000080000000,0x0000000081263a18,0x0000000084300000)
 Metaspace       used 37249K, committed 38208K, reserved 1114112K
  class space    used 3780K, committed 4224K, reserved 1048576K
}
Event: 40.783 GC heap before
{Heap before GC invocations=16 (full 2):
 PSYoungGen      total 24064K, used 23872K [0x00000000d5580000, 0x00000000d7100000, 0x0000000100000000)
  eden space 22016K, 100% used [0x00000000d5580000,0x00000000d6b00000,0x00000000d6b00000)
  from space 2048K, 90% used [0x00000000d6d00000,0x00000000d6ed0010,0x00000000d6f00000)
  to   space 2048K, 0% used [0x00000000d6f00000,0x00000000d6f00000,0x00000000d7100000)
 ParOldGen       total 68608K, used 18830K [0x0000000080000000, 0x0000000084300000, 0x00000000d5580000)
  object space 68608K, 27% used [0x0000000080000000,0x0000000081263a18,0x0000000084300000)
 Metaspace       used 37548K, committed 38592K, reserved 1114112K
  class space    used 3829K, committed 4288K, reserved 1048576K
}
Event: 40.800 GC heap after
{Heap after GC invocations=16 (full 2):
 PSYoungGen      total 23552K, used 2018K [0x00000000d5580000, 0x00000000d7400000, 0x0000000100000000)
  eden space 21504K, 0% used [0x00000000d5580000,0x00000000d5580000,0x00000000d6a80000)
  from space 2048K, 98% used [0x00000000d6f00000,0x00000000d70f8830,0x00000000d7100000)
  to   space 4608K, 0% used [0x00000000d6a80000,0x00000000d6a80000,0x00000000d6f00000)
 ParOldGen       total 68608K, used 20622K [0x0000000080000000, 0x0000000084300000, 0x00000000d5580000)
  object space 68608K, 30% used [0x0000000080000000,0x0000000081423a18,0x0000000084300000)
 Metaspace       used 37548K, committed 38592K, reserved 1114112K
  class space    used 3829K, committed 4288K, reserved 1048576K
}
Event: 41.503 GC heap before
{Heap before GC invocations=17 (full 2):
 PSYoungGen      total 23552K, used 23522K [0x00000000d5580000, 0x00000000d7400000, 0x0000000100000000)
  eden space 21504K, 100% used [0x00000000d5580000,0x00000000d6a80000,0x00000000d6a80000)
  from space 2048K, 98% used [0x00000000d6f00000,0x00000000d70f8830,0x00000000d7100000)
  to   space 4608K, 0% used [0x00000000d6a80000,0x00000000d6a80000,0x00000000d6f00000)
 ParOldGen       total 68608K, used 20622K [0x0000000080000000, 0x0000000084300000, 0x00000000d5580000)
  object space 68608K, 30% used [0x0000000080000000,0x0000000081423a18,0x0000000084300000)
 Metaspace       used 37588K, committed 38656K, reserved 1114112K
  class space    used 3841K, committed 4288K, reserved 1048576K
}
Event: 41.512 GC heap after
{Heap after GC invocations=17 (full 2):
 PSYoungGen      total 23552K, used 1824K [0x00000000d5580000, 0x00000000d6f80000, 0x0000000100000000)
  eden space 21504K, 0% used [0x00000000d5580000,0x00000000d5580000,0x00000000d6a80000)
  from space 2048K, 89% used [0x00000000d6a80000,0x00000000d6c48000,0x00000000d6c80000)
  to   space 2560K, 0% used [0x00000000d6d00000,0x00000000d6d00000,0x00000000d6f80000)
 ParOldGen       total 68608K, used 22576K [0x0000000080000000, 0x0000000084300000, 0x00000000d5580000)
  object space 68608K, 32% used [0x0000000080000000,0x000000008160c248,0x0000000084300000)
 Metaspace       used 37588K, committed 38656K, reserved 1114112K
  class space    used 3841K, committed 4288K, reserved 1048576K
}

Dll operation events (20 events):
Event: 0.414 Attempting to load shared library C:\Users\Randani\.vscode\extensions\redhat.java-1.56.0-win32-x64\jre\21.0.12.1-win32-x86_64\bin\instrument.dll
Event: 0.414 Loaded shared library C:\Users\Randani\.vscode\extensions\redhat.java-1.56.0-win32-x64\jre\21.0.12.1-win32-x86_64\bin\instrument.dll
Event: 0.433 Attempting to load shared library C:\Users\Randani\.vscode\extensions\redhat.java-1.56.0-win32-x64\jre\21.0.12.1-win32-x86_64\bin\net.dll
Event: 0.435 Loaded shared library C:\Users\Randani\.vscode\extensions\redhat.java-1.56.0-win32-x64\jre\21.0.12.1-win32-x86_64\bin\net.dll
Event: 0.438 Attempting to load shared library C:\Users\Randani\.vscode\extensions\redhat.java-1.56.0-win32-x64\jre\21.0.12.1-win32-x86_64\bin\nio.dll
Event: 0.440 Loaded shared library C:\Users\Randani\.vscode\extensions\redhat.java-1.56.0-win32-x64\jre\21.0.12.1-win32-x86_64\bin\nio.dll
Event: 0.445 Attempting to load shared library C:\Users\Randani\.vscode\extensions\redhat.java-1.56.0-win32-x64\jre\21.0.12.1-win32-x86_64\bin\zip.dll
Event: 0.445 Loaded shared library C:\Users\Randani\.vscode\extensions\redhat.java-1.56.0-win32-x64\jre\21.0.12.1-win32-x86_64\bin\zip.dll
Event: 0.489 Attempting to load shared library C:\Users\Randani\.vscode\extensions\redhat.java-1.56.0-win32-x64\jre\21.0.12.1-win32-x86_64\bin\jimage.dll
Event: 0.489 Loaded shared library C:\Users\Randani\.vscode\extensions\redhat.java-1.56.0-win32-x64\jre\21.0.12.1-win32-x86_64\bin\jimage.dll
Event: 0.695 Attempting to load shared library c:\Users\Randani\.vscode\extensions\redhat.java-1.56.0-win32-x64\jre\21.0.12.1-win32-x86_64\bin\verify.dll
Event: 0.696 Loaded shared library c:\Users\Randani\.vscode\extensions\redhat.java-1.56.0-win32-x64\jre\21.0.12.1-win32-x86_64\bin\verify.dll
Event: 15.082 Attempting to load shared library C:\Users\Randani\AppData\Roaming\Code\User\globalStorage\redhat.java\1.56.0\config_ss_win\org.eclipse.equinox.launcher\org.eclipse.equinox.launcher.win32.win32.x86_64_1.3.100.v20260804-1928\eclipse_11924.dll
Event: 15.089 Loaded shared library C:\Users\Randani\AppData\Roaming\Code\User\globalStorage\redhat.java\1.56.0\config_ss_win\org.eclipse.equinox.launcher\org.eclipse.equinox.launcher.win32.win32.x86_64_1.3.100.v20260804-1928\eclipse_11924.dll
Event: 17.796 Attempting to load shared library C:\Users\Randani\.vscode\extensions\redhat.java-1.56.0-win32-x64\jre\21.0.12.1-win32-x86_64\bin\management.dll
Event: 17.813 Loaded shared library C:\Users\Randani\.vscode\extensions\redhat.java-1.56.0-win32-x64\jre\21.0.12.1-win32-x86_64\bin\management.dll
Event: 17.822 Attempting to load shared library C:\Users\Randani\.vscode\extensions\redhat.java-1.56.0-win32-x64\jre\21.0.12.1-win32-x86_64\bin\management_ext.dll
Event: 17.826 Loaded shared library C:\Users\Randani\.vscode\extensions\redhat.java-1.56.0-win32-x64\jre\21.0.12.1-win32-x86_64\bin\management_ext.dll
Event: 32.248 Attempting to load shared library C:\Users\Randani\AppData\Local\Temp\jna--1652418697\jna1003285259576049903.dll
Event: 32.259 Loaded shared library C:\Users\Randani\AppData\Local\Temp\jna--1652418697\jna1003285259576049903.dll

Deoptimization events (20 events):
Event: 40.333 Thread 0x000002648f853130 DEOPT PACKING pc=0x0000026435ce79f8 sp=0x000000d0898fc230
Event: 40.333 Thread 0x000002648f853130 DEOPT UNPACKING pc=0x000002643d1c4242 sp=0x000000d0898fb718 mode 0
Event: 40.407 Thread 0x000002648f853e50 Uncommon trap: trap_request=0xffffff76 fr.pc=0x000002643d754c6c relative=0x000000000000044c
Event: 40.407 Thread 0x000002648f853e50 Uncommon trap: reason=predicate action=maybe_recompile pc=0x000002643d754c6c method=java.util.ArrayList.equalsRange(Ljava/util/List;II)Z @ 31 c2
Event: 40.407 Thread 0x000002648f853e50 DEOPT PACKING pc=0x000002643d754c6c sp=0x000000d089afd4a0
Event: 40.407 Thread 0x000002648f853e50 DEOPT UNPACKING pc=0x000002643d1c3aa2 sp=0x000000d089afd428 mode 2
Event: 40.506 Thread 0x000002648f853130 DEOPT PACKING pc=0x00000264363de1b9 sp=0x000000d0898f8400
Event: 40.506 Thread 0x000002648f853130 DEOPT UNPACKING pc=0x000002643d1c4242 sp=0x000000d0898f7900 mode 0
Event: 40.640 Thread 0x000002648f853130 DEOPT PACKING pc=0x000002643619198d sp=0x000000d0898f8790
Event: 40.640 Thread 0x000002648f853130 DEOPT UNPACKING pc=0x000002643d1c4242 sp=0x000000d0898f7c40 mode 0
Event: 40.712 Thread 0x000002648f853130 DEOPT PACKING pc=0x0000026435ce79f8 sp=0x000000d0898f8570
Event: 40.712 Thread 0x000002648f853130 DEOPT UNPACKING pc=0x000002643d1c4242 sp=0x000000d0898f7a58 mode 0
Event: 40.763 Thread 0x000002648f853e50 Uncommon trap: trap_request=0xffffff45 fr.pc=0x000002643d8f6318 relative=0x0000000000002158
Event: 40.763 Thread 0x000002648f853e50 Uncommon trap: reason=unstable_if action=reinterpret pc=0x000002643d8f6318 method=org.eclipse.jdt.internal.core.JarPackageFragmentRoot.initRawPackageInfo(Ljava/util/Map;Ljava/lang/String;Ljava/lang/String;ZLjava/lang/String;)V @ 151 c2
Event: 40.763 Thread 0x000002648f853e50 DEOPT PACKING pc=0x000002643d8f6318 sp=0x000000d089afd280
Event: 40.763 Thread 0x000002648f853e50 DEOPT UNPACKING pc=0x000002643d1c3aa2 sp=0x000000d089afd248 mode 2
Event: 41.502 Thread 0x000002648f853130 DEOPT PACKING pc=0x00000264363de1b9 sp=0x000000d0898f83a0
Event: 41.502 Thread 0x000002648f853130 DEOPT UNPACKING pc=0x000002643d1c4242 sp=0x000000d0898f78a0 mode 0
Event: 41.657 Thread 0x000002648f853130 DEOPT PACKING pc=0x0000026435ce79f8 sp=0x000000d0898f8570
Event: 41.658 Thread 0x000002648f853130 DEOPT UNPACKING pc=0x000002643d1c4242 sp=0x000000d0898f7a58 mode 0

Classes loaded (20 events):
Event: 39.945 Loading class com/sun/org/apache/xerces/internal/impl/msg/XMLSerializerMessages_en
Event: 39.945 Loading class com/sun/org/apache/xerces/internal/impl/msg/XMLSerializerMessages_en done
Event: 39.945 Loading class com/sun/org/apache/xerces/internal/impl/msg/XMLSerializerMessages_en
Event: 39.945 Loading class com/sun/org/apache/xerces/internal/impl/msg/XMLSerializerMessages_en done
Event: 39.945 Loading class com/sun/org/apache/xerces/internal/impl/msg/XMLSerializerMessages_en_US
Event: 39.945 Loading class com/sun/org/apache/xerces/internal/impl/msg/XMLSerializerMessages_en_US done
Event: 39.945 Loading class com/sun/org/apache/xerces/internal/impl/msg/XMLSerializerMessages_en_US
Event: 39.945 Loading class com/sun/org/apache/xerces/internal/impl/msg/XMLSerializerMessages_en_US done
Event: 39.945 Loading class com/sun/org/apache/xerces/internal/impl/msg/XMLMessages
Event: 39.945 Loading class com/sun/org/apache/xerces/internal/impl/msg/XMLMessages done
Event: 39.945 Loading class com/sun/org/apache/xerces/internal/impl/msg/XMLMessages
Event: 39.945 Loading class com/sun/org/apache/xerces/internal/impl/msg/XMLMessages done
Event: 39.957 Loading class com/sun/org/apache/xerces/internal/impl/msg/XMLMessages_en
Event: 39.957 Loading class com/sun/org/apache/xerces/internal/impl/msg/XMLMessages_en done
Event: 39.957 Loading class com/sun/org/apache/xerces/internal/impl/msg/XMLMessages_en
Event: 39.957 Loading class com/sun/org/apache/xerces/internal/impl/msg/XMLMessages_en done
Event: 39.957 Loading class com/sun/org/apache/xerces/internal/impl/msg/XMLMessages_en_US
Event: 39.957 Loading class com/sun/org/apache/xerces/internal/impl/msg/XMLMessages_en_US done
Event: 39.957 Loading class com/sun/org/apache/xerces/internal/impl/msg/XMLMessages_en_US
Event: 39.957 Loading class com/sun/org/apache/xerces/internal/impl/msg/XMLMessages_en_US done

Classes unloaded (7 events):
Event: 29.147 Thread 0x0000026432aef340 Unloading class 0x000002644b18d400 'java/lang/invoke/LambdaForm$MH+0x000002644b18d400'
Event: 29.147 Thread 0x0000026432aef340 Unloading class 0x000002644b18d000 'java/lang/invoke/LambdaForm$MH+0x000002644b18d000'
Event: 29.147 Thread 0x0000026432aef340 Unloading class 0x000002644b18cc00 'java/lang/invoke/LambdaForm$MH+0x000002644b18cc00'
Event: 29.147 Thread 0x0000026432aef340 Unloading class 0x000002644b18c800 'java/lang/invoke/LambdaForm$MH+0x000002644b18c800'
Event: 29.147 Thread 0x0000026432aef340 Unloading class 0x000002644b18c400 'java/lang/invoke/LambdaForm$BMH+0x000002644b18c400'
Event: 29.147 Thread 0x0000026432aef340 Unloading class 0x000002644b18c000 'java/lang/invoke/LambdaForm$DMH+0x000002644b18c000'
Event: 29.147 Thread 0x0000026432aef340 Unloading class 0x000002644b18ac00 'java/lang/invoke/LambdaForm$DMH+0x000002644b18ac00'

Classes redefined (0 events):
No events

Internal exceptions (20 events):
Event: 39.523 Thread 0x000002648f853e50 Exception <a 'java/lang/NoSuchMethodError'{0x00000000d5a30230}: 'int java.lang.invoke.DirectMethodHandle$Holder.invokeStaticInit(java.lang.Object, int, int)'> (0x00000000d5a30230) 
thrown [s\src\hotspot\share\interpreter\linkResolver.cpp, line 773]
Event: 39.524 Thread 0x000002648f853e50 Exception <a 'java/lang/NoSuchMethodError'{0x00000000d5a54c18}: 'int java.lang.invoke.DirectMethodHandle$Holder.invokeStaticInit(java.lang.Object, long, long)'> (0x00000000d5a54c18) 
thrown [s\src\hotspot\share\interpreter\linkResolver.cpp, line 773]
Event: 39.535 Thread 0x000002648f853e50 Exception <a 'java/lang/NoSuchMethodError'{0x00000000d5a5b960}: 'int java.lang.invoke.DirectMethodHandle$Holder.invokeStaticInit(java.lang.Object, float, float)'> (0x00000000d5a5b960) 
thrown [s\src\hotspot\share\interpreter\linkResolver.cpp, line 773]
Event: 39.535 Thread 0x000002648f853e50 Exception <a 'java/lang/NoSuchMethodError'{0x00000000d5a626a0}: 'int java.lang.invoke.DirectMethodHandle$Holder.invokeStaticInit(java.lang.Object, double, double)'> (0x00000000d5a626a0) 
thrown [s\src\hotspot\share\interpreter\linkResolver.cpp, line 773]
Event: 39.536 Thread 0x000002648f853e50 Exception <a 'java/lang/NoSuchMethodError'{0x00000000d5a71c40}: 'int java.lang.invoke.DirectMethodHandle$Holder.invokeStatic(java.lang.Object, long)'> (0x00000000d5a71c40) 
thrown [s\src\hotspot\share\interpreter\linkResolver.cpp, line 773]
Event: 39.540 Thread 0x000002648f853e50 Exception <a 'java/lang/NoSuchMethodError'{0x00000000d5aa6568}: 'int java.lang.invoke.Invokers$Holder.linkToTargetMethod(java.lang.Object, java.lang.Object)'> (0x00000000d5aa6568) 
thrown [s\src\hotspot\share\interpreter\linkResolver.cpp, line 773]
Event: 39.942 Thread 0x000002648f858680 Exception <a 'java/lang/ClassNotFoundException'{0x00000000d6b9fc30}: com/sun/org/apache/xerces/internal/impl/msg/spi/DOMMessagesProvider> (0x00000000d6b9fc30) 
thrown [s\src\hotspot\share\classfile\systemDictionary.cpp, line 313]
Event: 39.944 Thread 0x000002648f858680 Exception <a 'java/lang/ClassNotFoundException'{0x00000000d6bb1618}: com/sun/org/apache/xerces/internal/impl/msg/spi/XMLSerializerMessagesProvider> (0x00000000d6bb1618) 
thrown [s\src\hotspot\share\classfile\systemDictionary.cpp, line 313]
Event: 39.945 Thread 0x000002648f858680 Exception <a 'java/lang/ClassNotFoundException'{0x00000000d6bbe8d0}: com/sun/org/apache/xerces/internal/impl/msg/spi/XMLMessagesProvider> (0x00000000d6bbe8d0) 
thrown [s\src\hotspot\share\classfile\systemDictionary.cpp, line 313]
Event: 39.988 Thread 0x000002648f858680 Exception <a 'java/io/FileNotFoundException'{0x00000000d5690e30}> (0x00000000d5690e30) 
thrown [s\src\hotspot\share\prims\jni.cpp, line 520]
Event: 39.992 Thread 0x000002648f858680 Exception <a 'sun/nio/fs/WindowsException'{0x00000000d56b9f88}> (0x00000000d56b9f88) 
thrown [s\src\hotspot\share\prims\jni.cpp, line 520]
Event: 40.007 Thread 0x000002648f858680 Exception <a 'sun/nio/fs/WindowsException'{0x00000000d5840b68}> (0x00000000d5840b68) 
thrown [s\src\hotspot\share\prims\jni.cpp, line 520]
Event: 40.015 Thread 0x000002648f859a30 Exception <a 'java/lang/NoClassDefFoundError'{0x00000000d57fad68}: org/eclipse/jdt/core/dom/Name> (0x00000000d57fad68) 
thrown [s\src\hotspot\share\classfile\systemDictionary.cpp, line 302]
Event: 40.015 Thread 0x000002648f859a30 Exception <a 'java/lang/NullPointerException'{0x00000000d57fb308}> (0x00000000d57fb308) 
thrown [s\src\hotspot\share\interpreter\linkResolver.cpp, line 1372]
Event: 40.018 Thread 0x000002648f853130 Exception <a 'java/lang/NullPointerException'{0x00000000d56bad40}> (0x00000000d56bad40) 
thrown [s\src\hotspot\share\interpreter\linkResolver.cpp, line 1372]
Event: 40.036 Thread 0x000002648f858d10 Exception <a 'sun/nio/fs/WindowsException'{0x00000000d5c0b1d0}> (0x00000000d5c0b1d0) 
thrown [s\src\hotspot\share\prims\jni.cpp, line 520]
Event: 40.037 Thread 0x000002648f858d10 Exception <a 'sun/nio/fs/WindowsException'{0x00000000d5c0b8e0}> (0x00000000d5c0b8e0) 
thrown [s\src\hotspot\share\prims\jni.cpp, line 520]
Event: 40.128 Thread 0x000002648f853130 Exception <a 'java/lang/NullPointerException'{0x00000000d64b6bf8}> (0x00000000d64b6bf8) 
thrown [s\src\hotspot\share\interpreter\linkResolver.cpp, line 1372]
Event: 40.131 Thread 0x000002648f859a30 Exception <a 'java/lang/NullPointerException'{0x00000000d59f2dd8}> (0x00000000d59f2dd8) 
thrown [s\src\hotspot\share\interpreter\linkResolver.cpp, line 1372]
Event: 40.232 Thread 0x000002648f859a30 Exception <a 'java/lang/LinkageError'{0x00000000d651c590}: loader lombok.launch.ShadowClassLoader @5d7816b3 attempted duplicate class definition for lombok.launch.PatchFixesHider$Transform. (lombok.launch.PatchFixesHider$Transform is in unnamed module of loader lombok.launch.ShadowClassLoader @5d7816b3, parent loader org.eclipse.osgi.internal.loader.EquinoxClassLoader @278d263e)> (0x00000000d651c590) 
thrown [s\src\hotspot\share\classfile\systemDictionary.cpp, line 1673]

ZGC Phase Switch (0 events):
No events

VM Operations (20 events):
Event: 38.603 Executing non-safepoint VM operation: HandshakeAllThreads (Deoptimize)
Event: 38.617 Executing non-safepoint VM operation: HandshakeAllThreads (Deoptimize) done
Event: 38.767 Executing non-safepoint VM operation: HandshakeAllThreads (Deoptimize)
Event: 38.767 Executing non-safepoint VM operation: HandshakeAllThreads (Deoptimize) done
Event: 38.768 Executing non-safepoint VM operation: HandshakeAllThreads (Deoptimize)
Event: 38.768 Executing non-safepoint VM operation: HandshakeAllThreads (Deoptimize) done
Event: 39.067 Executing safepoint VM operation: ParallelGCFailedAllocation (Allocation Failure)
Event: 39.119 Executing safepoint VM operation: ParallelGCFailedAllocation (Allocation Failure) done
Event: 39.238 Executing safepoint VM operation: CollectForMetadataAllocation (Metadata GC Threshold)
Event: 39.316 Executing safepoint VM operation: CollectForMetadataAllocation (Metadata GC Threshold) done
Event: 39.957 Executing safepoint VM operation: ParallelGCFailedAllocation (Allocation Failure)
Event: 39.970 Executing safepoint VM operation: ParallelGCFailedAllocation (Allocation Failure) done
Event: 40.018 Executing non-safepoint VM operation: HandshakeAllThreads (Deoptimize)
Event: 40.058 Executing non-safepoint VM operation: HandshakeAllThreads (Deoptimize) done
Event: 40.284 Executing safepoint VM operation: ParallelGCFailedAllocation (Allocation Failure)
Event: 40.292 Executing safepoint VM operation: ParallelGCFailedAllocation (Allocation Failure) done
Event: 40.783 Executing safepoint VM operation: ParallelGCFailedAllocation (Allocation Failure)
Event: 40.800 Executing safepoint VM operation: ParallelGCFailedAllocation (Allocation Failure) done
Event: 41.502 Executing safepoint VM operation: ParallelGCFailedAllocation (Allocation Failure)
Event: 41.512 Executing safepoint VM operation: ParallelGCFailedAllocation (Allocation Failure) done

Memory protections (0 events):
No events

Nmethod flushes (20 events):
Event: 39.273 Thread 0x0000026432aef340 flushing  nmethod 0x0000026435f93710
Event: 39.273 Thread 0x0000026432aef340 flushing  nmethod 0x0000026435fd7990
Event: 39.273 Thread 0x0000026432aef340 flushing  nmethod 0x0000026435fd7c90
Event: 39.273 Thread 0x0000026432aef340 flushing  nmethod 0x0000026435fdf390
Event: 39.273 Thread 0x0000026432aef340 flushing  nmethod 0x0000026435fe3590
Event: 39.273 Thread 0x0000026432aef340 flushing  nmethod 0x00000264360b0310
Event: 39.273 Thread 0x0000026432aef340 flushing  nmethod 0x00000264360c8310
Event: 39.273 Thread 0x0000026432aef340 flushing  nmethod 0x00000264360ca110
Event: 39.273 Thread 0x0000026432aef340 flushing  nmethod 0x00000264360ca510
Event: 39.273 Thread 0x0000026432aef340 flushing  nmethod 0x00000264360d7690
Event: 39.273 Thread 0x0000026432aef340 flushing  nmethod 0x00000264360d8090
Event: 39.273 Thread 0x0000026432aef340 flushing  nmethod 0x00000264360dcd10
Event: 39.273 Thread 0x0000026432aef340 flushing  nmethod 0x0000026436109d10
Event: 39.273 Thread 0x0000026432aef340 flushing  nmethod 0x000002643610a210
Event: 39.273 Thread 0x0000026432aef340 flushing  nmethod 0x000002643610a810
Event: 39.273 Thread 0x0000026432aef340 flushing  nmethod 0x000002643610ad10
Event: 39.273 Thread 0x0000026432aef340 flushing  nmethod 0x0000026436115310
Event: 39.273 Thread 0x0000026432aef340 flushing  nmethod 0x0000026436119690
Event: 39.273 Thread 0x0000026432aef340 flushing  nmethod 0x000002643611e990
Event: 39.273 Thread 0x0000026432aef340 flushing  nmethod 0x0000026436142b90

Events (20 events):
Event: 36.390 Thread 0x000002648f854b70 Thread exited: 0x000002648f854b70
Event: 36.392 Thread 0x000002648f853e50 Thread exited: 0x000002648f853e50
Event: 36.393 Thread 0x000002648f859a30 Thread exited: 0x000002648f859a30
Event: 36.510 Thread 0x000002648f853130 Thread added: 0x000002648f859a30
Event: 36.510 Thread 0x000002648f853130 Thread added: 0x000002648f8544e0
Event: 36.510 Thread 0x000002648f853130 Thread added: 0x000002648f853e50
Event: 36.511 Thread 0x000002648f853130 Thread added: 0x000002648f854b70
Event: 37.510 Thread 0x000002648f8544e0 Thread exited: 0x000002648f8544e0
Event: 37.510 Thread 0x000002648f853e50 Thread exited: 0x000002648f853e50
Event: 37.528 Thread 0x000002648f859a30 Thread exited: 0x000002648f859a30
Event: 37.528 Thread 0x000002648f854b70 Thread exited: 0x000002648f854b70
Event: 38.067 Thread 0x000002648f853130 Thread added: 0x000002648f859a30
Event: 38.108 Thread 0x000002648f859a30 Thread added: 0x000002648f853e50
Event: 38.444 Thread 0x000002648f858680 Thread added: 0x000002648f8544e0
Event: 38.454 Thread 0x000002648f8544e0 Thread added: 0x000002648f854b70
Event: 38.455 Thread 0x000002648f8544e0 Thread added: 0x000002648f855890
Event: 38.518 Thread 0x000002648f854b70 Thread exited: 0x000002648f854b70
Event: 38.518 Thread 0x000002648f8544e0 Thread exited: 0x000002648f8544e0
Event: 38.519 Thread 0x000002648f855890 Thread exited: 0x000002648f855890
Event: 40.016 Thread 0x000002648f856c40 Thread added: 0x000002648f8544e0


Dynamic libraries:
0x00007ff782460000 - 0x00007ff78246e000 	c:\Users\Randani\.vscode\extensions\redhat.java-1.56.0-win32-x64\jre\21.0.12.1-win32-x86_64\bin\java.exe
0x00007ff8d19f0000 - 0x00007ff8d1be8000 	C:\WINDOWS\SYSTEM32\ntdll.dll
0x00007ff8d0c30000 - 0x00007ff8d0cf2000 	C:\WINDOWS\System32\KERNEL32.DLL
0x00007ff8cf230000 - 0x00007ff8cf526000 	C:\WINDOWS\System32\KERNELBASE.dll
0x00007ff8cf090000 - 0x00007ff8cf190000 	C:\WINDOWS\System32\ucrtbase.dll
0x00007ff8bf9a0000 - 0x00007ff8bf9b8000 	c:\Users\Randani\.vscode\extensions\redhat.java-1.56.0-win32-x64\jre\21.0.12.1-win32-x86_64\bin\jli.dll
0x00007ff8bf4a0000 - 0x00007ff8bf4be000 	c:\Users\Randani\.vscode\extensions\redhat.java-1.56.0-win32-x64\jre\21.0.12.1-win32-x86_64\bin\VCRUNTIME140.dll
0x00007ff8d1560000 - 0x00007ff8d16fd000 	C:\WINDOWS\System32\USER32.dll
0x00007ff8cf530000 - 0x00007ff8cf552000 	C:\WINDOWS\System32\win32u.dll
0x00007ff8d0d00000 - 0x00007ff8d0d2b000 	C:\WINDOWS\System32\GDI32.dll
0x00007ff8cf8d0000 - 0x00007ff8cf9e9000 	C:\WINDOWS\System32\gdi32full.dll
0x00007ff8cf190000 - 0x00007ff8cf22d000 	C:\WINDOWS\System32\msvcp_win.dll
0x00007ff8c21c0000 - 0x00007ff8c245b000 	C:\WINDOWS\WinSxS\amd64_microsoft.windows.common-controls_6595b64144ccf1df_6.0.19041.6280_none_60bc30a171f2f3f3\COMCTL32.dll
0x00007ff8cfa20000 - 0x00007ff8cfabe000 	C:\WINDOWS\System32\msvcrt.dll
0x00007ff8d11a0000 - 0x00007ff8d11cf000 	C:\WINDOWS\System32\IMM32.DLL
0x00007ff8cbf20000 - 0x00007ff8cbf2c000 	c:\Users\Randani\.vscode\extensions\redhat.java-1.56.0-win32-x64\jre\21.0.12.1-win32-x86_64\bin\vcruntime140_1.dll
0x00007ff8bf410000 - 0x00007ff8bf49d000 	c:\Users\Randani\.vscode\extensions\redhat.java-1.56.0-win32-x64\jre\21.0.12.1-win32-x86_64\bin\msvcp140.dll
0x00007ff844260000 - 0x00007ff845002000 	c:\Users\Randani\.vscode\extensions\redhat.java-1.56.0-win32-x64\jre\21.0.12.1-win32-x86_64\bin\server\jvm.dll
0x00007ff8d0270000 - 0x00007ff8d0321000 	C:\WINDOWS\System32\ADVAPI32.dll
0x00007ff8cfe60000 - 0x00007ff8cfeff000 	C:\WINDOWS\System32\sechost.dll
0x00007ff8cfbe0000 - 0x00007ff8cfd00000 	C:\WINDOWS\System32\RPCRT4.dll
0x00007ff8cf9f0000 - 0x00007ff8cfa17000 	C:\WINDOWS\System32\bcrypt.dll
0x00007ff8d1940000 - 0x00007ff8d19ab000 	C:\WINDOWS\System32\WS2_32.dll
0x00007ff8ce620000 - 0x00007ff8ce66b000 	C:\WINDOWS\SYSTEM32\POWRPROF.dll
0x00007ff8bc930000 - 0x00007ff8bc957000 	C:\WINDOWS\SYSTEM32\WINMM.dll
0x00007ff8bc660000 - 0x00007ff8bc66a000 	C:\WINDOWS\SYSTEM32\VERSION.dll
0x00007ff8ce490000 - 0x00007ff8ce4a2000 	C:\WINDOWS\SYSTEM32\UMPDC.dll
0x00007ff8ccf10000 - 0x00007ff8ccf22000 	C:\WINDOWS\SYSTEM32\kernel.appcore.dll
0x00007ff8c06b0000 - 0x00007ff8c06ba000 	c:\Users\Randani\.vscode\extensions\redhat.java-1.56.0-win32-x64\jre\21.0.12.1-win32-x86_64\bin\jimage.dll
0x00007ff8bc670000 - 0x00007ff8bc871000 	C:\WINDOWS\SYSTEM32\DBGHELP.DLL
0x00007ff8b79d0000 - 0x00007ff8b7a04000 	C:\WINDOWS\SYSTEM32\dbgcore.DLL
0x00007ff8cf7f0000 - 0x00007ff8cf872000 	C:\WINDOWS\System32\bcryptPrimitives.dll
0x00007ff8c0070000 - 0x00007ff8c007f000 	c:\Users\Randani\.vscode\extensions\redhat.java-1.56.0-win32-x64\jre\21.0.12.1-win32-x86_64\bin\instrument.dll
0x00007ff8bf3f0000 - 0x00007ff8bf410000 	c:\Users\Randani\.vscode\extensions\redhat.java-1.56.0-win32-x64\jre\21.0.12.1-win32-x86_64\bin\java.dll
0x00007ff8d0390000 - 0x00007ff8d0b00000 	C:\WINDOWS\System32\SHELL32.dll
0x00007ff8cd110000 - 0x00007ff8cd8b5000 	C:\WINDOWS\SYSTEM32\windows.storage.dll
0x00007ff8cff00000 - 0x00007ff8d0253000 	C:\WINDOWS\System32\combase.dll
0x00007ff8ceac0000 - 0x00007ff8ceaeb000 	C:\WINDOWS\SYSTEM32\Wldp.dll
0x00007ff8d13e0000 - 0x00007ff8d14ad000 	C:\WINDOWS\System32\OLEAUT32.dll
0x00007ff8cfad0000 - 0x00007ff8cfb7d000 	C:\WINDOWS\System32\SHCORE.dll
0x00007ff8d17c0000 - 0x00007ff8d181b000 	C:\WINDOWS\System32\shlwapi.dll
0x00007ff8cefc0000 - 0x00007ff8cefe4000 	C:\WINDOWS\SYSTEM32\profapi.dll
0x00007ff8bf3d0000 - 0x00007ff8bf3e8000 	c:\Users\Randani\.vscode\extensions\redhat.java-1.56.0-win32-x64\jre\21.0.12.1-win32-x86_64\bin\zip.dll
0x00007ff8c0140000 - 0x00007ff8c0150000 	C:\Users\Randani\.vscode\extensions\redhat.java-1.56.0-win32-x64\jre\21.0.12.1-win32-x86_64\bin\net.dll
0x00007ff8c93a0000 - 0x00007ff8c94aa000 	C:\WINDOWS\SYSTEM32\WINHTTP.dll
0x00007ff8ce820000 - 0x00007ff8ce88a000 	C:\WINDOWS\system32\mswsock.dll
0x00007ff8bf3b0000 - 0x00007ff8bf3c6000 	C:\Users\Randani\.vscode\extensions\redhat.java-1.56.0-win32-x64\jre\21.0.12.1-win32-x86_64\bin\nio.dll
0x00007ff8bf970000 - 0x00007ff8bf980000 	c:\Users\Randani\.vscode\extensions\redhat.java-1.56.0-win32-x64\jre\21.0.12.1-win32-x86_64\bin\verify.dll
0x00007ff8b3880000 - 0x00007ff8b38c5000 	C:\Users\Randani\AppData\Roaming\Code\User\globalStorage\redhat.java\1.56.0\config_ss_win\org.eclipse.equinox.launcher\org.eclipse.equinox.launcher.win32.win32.x86_64_1.3.100.v20260804-1928\eclipse_11924.dll
0x00007ff8d0b00000 - 0x00007ff8d0c2b000 	C:\WINDOWS\System32\ole32.dll
0x00007ff8bf300000 - 0x00007ff8bf30a000 	C:\Users\Randani\.vscode\extensions\redhat.java-1.56.0-win32-x64\jre\21.0.12.1-win32-x86_64\bin\management.dll
0x00007ff8bf2f0000 - 0x00007ff8bf2fc000 	C:\Users\Randani\.vscode\extensions\redhat.java-1.56.0-win32-x64\jre\21.0.12.1-win32-x86_64\bin\management_ext.dll
0x00007ff8d17b0000 - 0x00007ff8d17b8000 	C:\WINDOWS\System32\PSAPI.DLL
0x00007ff8cea10000 - 0x00007ff8cea28000 	C:\WINDOWS\SYSTEM32\CRYPTSP.dll
0x00007ff8ce0d0000 - 0x00007ff8ce108000 	C:\WINDOWS\system32\rsaenh.dll
0x00007ff8cef80000 - 0x00007ff8cefae000 	C:\WINDOWS\SYSTEM32\USERENV.dll
0x00007ff8cea30000 - 0x00007ff8cea3c000 	C:\WINDOWS\SYSTEM32\CRYPTBASE.dll
0x00007ff8ce4b0000 - 0x00007ff8ce4eb000 	C:\WINDOWS\SYSTEM32\IPHLPAPI.DLL
0x00007ff8d0260000 - 0x00007ff8d0268000 	C:\WINDOWS\System32\NSI.dll
0x00007ff8b0d90000 - 0x00007ff8b0dd9000 	C:\Users\Randani\AppData\Local\Temp\jna--1652418697\jna1003285259576049903.dll
0x00007ff8c73a0000 - 0x00007ff8c73b7000 	C:\WINDOWS\SYSTEM32\dhcpcsvc6.DLL
0x00007ff8c94b0000 - 0x00007ff8c94cd000 	C:\WINDOWS\SYSTEM32\dhcpcsvc.DLL

JVMTI agents:
c:\Users\Randani\.vscode\extensions\redhat.java-1.56.0-win32-x64\lombok\lombok-1.18.39-4050.jar path:c:\Users\Randani\.vscode\extensions\redhat.java-1.56.0-win32-x64\jre\21.0.12.1-win32-x86_64\bin\instrument.dll, loaded, initialized, instrumentlib options:none

dbghelp: loaded successfully - version: 4.0.5 - missing functions: none
symbol engine: initialized successfully - sym options: 0x614 - pdb path: .;c:\Users\Randani\.vscode\extensions\redhat.java-1.56.0-win32-x64\jre\21.0.12.1-win32-x86_64\bin;C:\WINDOWS\SYSTEM32;C:\WINDOWS\WinSxS\amd64_microsoft.windows.common-controls_6595b64144ccf1df_6.0.19041.6280_none_60bc30a171f2f3f3;c:\Users\Randani\.vscode\extensions\redhat.java-1.56.0-win32-x64\jre\21.0.12.1-win32-x86_64\bin\server;C:\Users\Randani\AppData\Roaming\Code\User\globalStorage\redhat.java\1.56.0\config_ss_win\org.eclipse.equinox.launcher\org.eclipse.equinox.launcher.win32.win32.x86_64_1.3.100.v20260804-1928;C:\Users\Randani\AppData\Local\Temp\jna--1652418697

VM Arguments:
jvm_args: --add-modules=ALL-SYSTEM --add-opens=java.base/java.util=ALL-UNNAMED --add-opens=java.base/java.lang=ALL-UNNAMED --add-opens=java.base/sun.nio.fs=ALL-UNNAMED -Declipse.application=org.eclipse.jdt.ls.core.id1 -Dosgi.bundles.defaultStartLevel=4 -Declipse.product=org.eclipse.jdt.ls.core.product -Djava.import.generatesMetadataFilesAtProjectRoot=false -Dm2e.project.cache.size=50 -DDetectVMInstallationsJob.disabled=true -Dfile.encoding=utf8 -XX:+UseParallelGC -XX:GCTimeRatio=4 -XX:AdaptiveSizePolicyWeight=90 -Dsun.zip.disableMemoryMapping=true -Xmx2G -Xms100m -Xlog:disable -javaagent:c:\Users\Randani\.vscode\extensions\redhat.java-1.56.0-win32-x64\lombok\lombok-1.18.39-4050.jar 
java_command: c:\Users\Randani\.vscode\extensions\redhat.java-1.56.0-win32-x64\server\plugins\org.eclipse.equinox.launcher_1.8.0.v20260804-1928.jar -configuration c:\Users\Randani\AppData\Roaming\Code\User\globalStorage\redhat.java\1.56.0\config_ss_win -data c:\Users\Randani\AppData\Roaming\Code\User\workspaceStorage\26abe79bd59ea3f30d222db4cd519e31\redhat.java\ss_ws --pipe=\\.\pipe\lsp-83bc6850b3c2db98de6061b8f6ea2a88-sock
java_class_path (initial): c:\Users\Randani\.vscode\extensions\redhat.java-1.56.0-win32-x64\server\plugins\org.eclipse.equinox.launcher_1.8.0.v20260804-1928.jar
Launcher Type: SUN_STANDARD

[Global flags]
    uintx AdaptiveSizePolicyWeight                 = 90                                        {product} {command line}
     intx CICompilerCount                          = 3                                         {product} {ergonomic}
    uintx GCTimeRatio                              = 4                                         {product} {command line}
   size_t InitialHeapSize                          = 104857600                                 {product} {command line}
   size_t MaxHeapSize                              = 2147483648                                {product} {command line}
   size_t MaxNewSize                               = 715653120                                 {product} {ergonomic}
   size_t MinHeapDeltaBytes                        = 524288                                    {product} {ergonomic}
   size_t MinHeapSize                              = 104857600                                 {product} {command line}
   size_t NewSize                                  = 34603008                                  {product} {ergonomic}
    uintx NonNMethodCodeHeapSize                   = 5832780                                {pd product} {ergonomic}
    uintx NonProfiledCodeHeapSize                  = 122912730                              {pd product} {ergonomic}
   size_t OldSize                                  = 70254592                                  {product} {ergonomic}
    uintx ProfiledCodeHeapSize                     = 122912730                              {pd product} {ergonomic}
    uintx ReservedCodeCacheSize                    = 251658240                              {pd product} {ergonomic}
     bool SegmentedCodeCache                       = true                                      {product} {ergonomic}
   size_t SoftMaxHeapSize                          = 2147483648                             {manageable} {ergonomic}
     bool UseCompressedOops                        = true                           {product lp64_product} {ergonomic}
     bool UseLargePagesIndividualAllocation        = false                                  {pd product} {ergonomic}
     bool UseParallelGC                            = true                                      {product} {command line}

Logging:
Log output configuration:
 #0: stdout all=off uptime,level,tags foldmultilines=false
 #1: stderr all=off uptime,level,tags foldmultilines=false

Release file:
JAVA_VERSION="21.0.12.1" 
MODULES="java.base java.compiler java.datatransfer java.xml java.prefs java.desktop java.instrument java.logging java.management java.security.sasl java.naming java.rmi java.management.rmi java.net.http java.scripting java.security.jgss java.transaction.xa java.sql java.sql.rowset java.xml.crypto java.se java.smartcardio jdk.accessibility jdk.internal.jvmstat jdk.attach jdk.charsets jdk.internal.opt jdk.zipfs jdk.compiler jdk.crypto.ec jdk.crypto.cryptoki jdk.crypto.mscapi jdk.dynalink jdk.internal.ed jdk.editpad jdk.hotspot.agent jdk.httpserver jdk.internal.le jdk.internal.vm.ci jdk.internal.vm.compiler jdk.internal.vm.compiler.management jdk.jartool jdk.javadoc jdk.jcmd jdk.management jdk.management.agent jdk.jconsole jdk.jdeps jdk.jdwp.agent jdk.jdi jdk.jfr jdk.jshell jdk.jsobject jdk.jstatd jdk.localedata jdk.management.jfr jdk.naming.dns jdk.naming.rmi jdk.net jdk.nio.mapmode jdk.random jdk.sctp jdk.security.auth jdk.security.jgss jdk.unsupported jdk.unsupported.desktop jdk.xml.dom" 

Environment Variables:
PATH=C:\Python314\Scripts\;C:\Python314\;C:\Program Files\Eclipse Adoptium\jdk-25.0.3.9-hotspot\bin;C:\Program Files (x86)\Common Files\Oracle\Java\javapath;C:\WINDOWS\system32;C:\WINDOWS;C:\WINDOWS\System32\Wbem;C:\WINDOWS\System32\WindowsPowerShell\v1.0\;C:\WINDOWS\System32\OpenSSH\;C:\xampp\php;C:\Program Files\Azure Data Studio\bin;C:\Program Files (x86)\Microsoft SQL Server\150\DTS\Binn\;C:\Program Files (x86)\Microsoft SQL Server\160\DTS\Binn\;C:\Program Files (x86)\Microsoft SQL Server\160\Tools\Binn\;C:\Program Files\Microsoft SQL Server\160\Tools\Binn\;C:\Program Files\Microsoft SQL Server\Client SDK\ODBC\170\Tools\Binn\;C:\Program Files\Microsoft SQL Server\160\DTS\Binn\;C:\Program Files\Git\cmd;C:\ProgramData\chocolatey\bin;C:\Program Files\nodejs\;C:\Users\Randani\AppData\Local\Programs\Python\Launcher\;C:\Users\Randani\AppData\Local\Microsoft\WindowsApps;C:\Users\Randani\AppData\Local\Programs\Microsoft VS Code\bin;C:\msys64\ucrt64\bin;;C:\Program Files\Azure Data Studio\bin;C:\Users\Randani\AppData\Roaming\npm
USERNAME=Randani
OS=Windows_NT
PROCESSOR_IDENTIFIER=Intel64 Family 6 Model 58 Stepping 9, GenuineIntel
TMP=C:\Users\Randani\AppData\Local\Temp
TEMP=C:\Users\Randani\AppData\Local\Temp




Periodic native trim disabled

---------------  S Y S T E M  ---------------

OS:
 Windows 10 , 64 bit Build 19041 (10.0.19041.5915)
OS uptime: 0 days 0:36 hours

CPU: total 4 (initial active 4) (2 cores per cpu, 2 threads per core) family 6 model 58 stepping 9 microcode 0x21, cx8, cmov, fxsr, ht, mmx, sse, sse2, sse3, ssse3, sse4.1, sse4.2, popcnt, tsc, tscinvbit, avx, aes, erms, clmul, vzeroupper, clflush, rdtscp, f16c
Processor Information for the first 4 processors :
  Max Mhz: 2101, Current Mhz: 2101, Mhz Limit: 2101

Memory: 4k page, system-wide physical 3974M (110M free)
TotalPageFile size 16262M (AvailPageFile size 1M)
current process WorkingSet (physical memory assigned to process): 160M, peak: 167M
current process commit charge ("private bytes"): 277M, peak: 287M

vm_info: OpenJDK 64-Bit Server VM (21.0.12.1+1-LTS) for windows-amd64 JRE (21.0.12.1+1-LTS), built on 2026-08-18T00:00:00Z by "admin" with MS VC++ 17.12 (VS2022)

END.
