#
# There is insufficient memory for the Java Runtime Environment to continue.
# Native memory allocation (malloc) failed to allocate 367680 bytes. Error detail: Chunk::new
# Possible reasons:
#   The system is out of physical RAM or swap space
#   This process is running with CompressedOops enabled, and the Java Heap may be blocking the growth of the native heap
# Possible solutions:
#   Reduce memory load on the system
#   Increase physical memory or swap space
#   Check if swap backing store is full
#   Decrease Java heap size (-Xmx/-Xms)
#   Decrease number of Java threads
#   Decrease Java thread stack sizes (-Xss)
#   Set larger code cache with -XX:ReservedCodeCacheSize=
#   JVM is running with Unscaled Compressed Oops mode in which the Java heap is
#     placed in the first 4GB address space. The Java Heap base address is the
#     maximum limit for the native heap growth. Please use -XX:HeapBaseMinAddress
#     to set the Java Heap base and to place the Java Heap above 4GB virtual address.
# This output file may be truncated or incomplete.
#
#  Out of Memory Error (arena.cpp:168), pid=15060, tid=15272
#
# JRE version: OpenJDK Runtime Environment Temurin-21.0.12.1+1 (21.0.12.1+1) (build 21.0.12.1+1-LTS)
# Java VM: OpenJDK 64-Bit Server VM Temurin-21.0.12.1+1 (21.0.12.1+1-LTS, mixed mode, sharing, tiered, compressed oops, compressed class ptrs, parallel gc, windows-amd64)
# No core dump will be written. Minidumps are not enabled by default on client versions of Windows
#

---------------  S U M M A R Y ------------

Command Line: --add-modules=ALL-SYSTEM --add-opens=java.base/java.util=ALL-UNNAMED --add-opens=java.base/java.lang=ALL-UNNAMED --add-opens=java.base/sun.nio.fs=ALL-UNNAMED -Declipse.application=org.eclipse.jdt.ls.core.id1 -Dosgi.bundles.defaultStartLevel=4 -Declipse.product=org.eclipse.jdt.ls.core.product -Djava.import.generatesMetadataFilesAtProjectRoot=false -Dm2e.project.cache.size=50 -DDetectVMInstallationsJob.disabled=true -Dfile.encoding=utf8 -XX:+UseParallelGC -XX:GCTimeRatio=4 -XX:AdaptiveSizePolicyWeight=90 -Dsun.zip.disableMemoryMapping=true -Xmx2G -Xms100m -Xlog:disable -javaagent:c:\Users\Randani\.vscode\extensions\redhat.java-1.56.0-win32-x64\lombok\lombok-1.18.39-4050.jar -XX:+HeapDumpOnOutOfMemoryError -XX:HeapDumpPath=c:\Users\Randani\AppData\Roaming\Code\User\workspaceStorage\26abe79bd59ea3f30d222db4cd519e31\redhat.java -Daether.dependencyCollector.impl=bf c:\Users\Randani\.vscode\extensions\redhat.java-1.56.0-win32-x64\server\plugins\org.eclipse.equinox.launcher_1.8.0.v20260804-1928.jar -configuration c:\Users\Randani\AppData\Roaming\Code\User\globalStorage\redhat.java\1.56.0\config_win -data c:\Users\Randani\AppData\Roaming\Code\User\workspaceStorage\26abe79bd59ea3f30d222db4cd519e31\redhat.java\jdt_ws --stdio

Host: Intel(R) Core(TM) i7-3687U CPU @ 2.10GHz, 4 cores, 3G,  Windows 10 , 64 bit Build 19041 (10.0.19041.5915)
Time: Tue Sep 29 22:31:09 2026 South Africa Standard Time elapsed time: 5.929682 seconds (0d 0h 0m 5s)

---------------  T H R E A D  ---------------

Current thread (0x00000298162721c0):  JavaThread "C2 CompilerThread0" daemon [_thread_in_native, id=15272, stack(0x000000cdbe400000,0x000000cdbe500000) (1024K)]


Current CompileTask:
C2:5929  546       4       lombok.launch.PackageShader::apply (252 bytes)

Stack: [0x000000cdbe400000,0x000000cdbe500000]
Native frames: (J=compiled Java code, j=interpreted, Vv=VM code, C=native code)
V  [jvm.dll+0x6d83e9]
V  [jvm.dll+0x8b5736]
V  [jvm.dll+0x8b7cee]
V  [jvm.dll+0x8b83d3]
V  [jvm.dll+0x284596]
V  [jvm.dll+0xc685d]
V  [jvm.dll+0xc6da1]
V  [jvm.dll+0x3bf18b]
V  [jvm.dll+0x1e4149]
V  [jvm.dll+0x24c853]
V  [jvm.dll+0x24bce0]
V  [jvm.dll+0x1cb4ae]
V  [jvm.dll+0x25baad]
V  [jvm.dll+0x25a03a]
V  [jvm.dll+0x3f8aae]
V  [jvm.dll+0x8600cd]
V  [jvm.dll+0x6d6c1d]
C  [ucrtbase.dll+0x21bb2]
C  [KERNEL32.DLL+0x17374]
C  [ntdll.dll+0x4cc91]


---------------  P R O C E S S  ---------------

Threads class SMR info:
_java_thread_list=0x000002985c14e570, length=10, elements={
0x000002987dba0090, 0x0000029816267720, 0x0000029816269fa0, 0x000002981626bb70,
0x000002981626ca90, 0x000002981626d9b0, 0x0000029816271430, 0x00000298162721c0,
0x00000298162e6f10, 0x000002985c1bbfa0
}

Java Threads: ( => current thread )
  0x000002987dba0090 JavaThread "main"                              [_thread_in_Java, id=14776, stack(0x000000cdbda00000,0x000000cdbdb00000) (1024K)]
  0x0000029816267720 JavaThread "Reference Handler"          daemon [_thread_blocked, id=2232, stack(0x000000cdbde00000,0x000000cdbdf00000) (1024K)]
  0x0000029816269fa0 JavaThread "Finalizer"                  daemon [_thread_blocked, id=7596, stack(0x000000cdbdf00000,0x000000cdbe000000) (1024K)]
  0x000002981626bb70 JavaThread "Signal Dispatcher"          daemon [_thread_blocked, id=14580, stack(0x000000cdbe000000,0x000000cdbe100000) (1024K)]
  0x000002981626ca90 JavaThread "Attach Listener"            daemon [_thread_blocked, id=13388, stack(0x000000cdbe100000,0x000000cdbe200000) (1024K)]
  0x000002981626d9b0 JavaThread "Service Thread"             daemon [_thread_blocked, id=15296, stack(0x000000cdbe200000,0x000000cdbe300000) (1024K)]
  0x0000029816271430 JavaThread "Monitor Deflation Thread"   daemon [_thread_blocked, id=14940, stack(0x000000cdbe300000,0x000000cdbe400000) (1024K)]
=>0x00000298162721c0 JavaThread "C2 CompilerThread0"         daemon [_thread_in_native, id=15272, stack(0x000000cdbe400000,0x000000cdbe500000) (1024K)]
  0x00000298162e6f10 JavaThread "C1 CompilerThread0"         daemon [_thread_in_native, id=13912, stack(0x000000cdbe500000,0x000000cdbe600000) (1024K)]
  0x000002985c1bbfa0 JavaThread "Common-Cleaner"             daemon [_thread_blocked, id=3380, stack(0x000000cdbe600000,0x000000cdbe700000) (1024K)]
Total: 10

Other Threads:
  0x000002981624ffb0 VMThread "VM Thread"                           [id=15260, stack(0x000000cdbdd00000,0x000000cdbde00000) (1024K)]
  0x000002987dc67e60 WatcherThread "VM Periodic Task Thread"        [id=13284, stack(0x000000cdbdc00000,0x000000cdbdd00000) (1024K)]
  0x000002987dbbe310 WorkerThread "GC Thread#0"                     [id=15300, stack(0x000000cdbdb00000,0x000000cdbdc00000) (1024K)]
Total: 3

Threads with active compile tasks:
C2 CompilerThread0  5948  546       4       lombok.launch.PackageShader::apply (252 bytes)
Total: 1

VM state: not at safepoint (normal execution)

VM Mutex/Monitor currently owned by a thread: None

Heap address: 0x0000000080000000, size: 2048 MB, Compressed Oops mode: 32-bit

CDS archive(s) mapped at: [0x0000029817000000-0x0000029817ba0000-0x0000029817ba0000), size 12189696, SharedBaseAddress: 0x0000029817000000, ArchiveRelocationMode: 1.
Compressed class space mapped at: 0x0000029818000000-0x0000029858000000, reserved size: 1073741824
Narrow klass base: 0x0000029817000000, Narrow klass shift: 0, Narrow klass range: 0x100000000

GC Precious Log:
 CardTable entry size: 512
 CPUs: 4 total, 4 available
 Memory: 3974M
 Large Page Support: Disabled
 NUMA Support: Disabled
 Compressed Oops: Enabled (32-bit)
 Alignments: Space 512K, Generation 512K, Heap 2M
 Heap Min Capacity: 100M
 Heap Initial Capacity: 100M
 Heap Max Capacity: 2G
 Pre-touch: Disabled
 Parallel Workers: 4

Heap:
 PSYoungGen      total 29696K, used 9227K [0x00000000d5580000, 0x00000000d7680000, 0x0000000100000000)
  eden space 25600K, 36% used [0x00000000d5580000,0x00000000d5e82db0,0x00000000d6e80000)
  from space 4096K, 0% used [0x00000000d7280000,0x00000000d7280000,0x00000000d7680000)
  to   space 4096K, 0% used [0x00000000d6e80000,0x00000000d6e80000,0x00000000d7280000)
 ParOldGen       total 68608K, used 0K [0x0000000080000000, 0x0000000084300000, 0x00000000d5580000)
  object space 68608K, 0% used [0x0000000080000000,0x0000000080000000,0x0000000084300000)
 Metaspace       used 1130K, committed 1344K, reserved 1114112K
  class space    used 100K, committed 192K, reserved 1048576K

Card table byte_map: [0x000002987d570000,0x000002987d980000] _byte_map_base: 0x000002987d170000

Marking Bits: (ParMarkBitMap*) 0x00007ff844f244a0
 Begin Bits: [0x0000029812140000, 0x0000029814140000)
 End Bits:   [0x0000029814140000, 0x0000029816140000)

Polling page: 0x000002987bab0000

Metaspace:

Usage:
  Non-class:      1.01 MB used.
      Class:    100.66 KB used.
       Both:      1.10 MB used.

Virtual space:
  Non-class space:       64.00 MB reserved,       1.12 MB (  2%) committed,  1 nodes.
      Class space:        1.00 GB reserved,     192.00 KB ( <1%) committed,  1 nodes.
             Both:        1.06 GB reserved,       1.31 MB ( <1%) committed. 

Chunk freelists:
   Non-Class:  11.67 MB
       Class:  15.67 MB
        Both:  27.34 MB

MaxMetaspaceSize: unlimited
CompressedClassSpaceSize: 1.00 GB
Initial GC threshold: 21.00 MB
Current GC threshold: 21.00 MB
CDS: on
 - commit_granule_bytes: 65536.
 - commit_granule_words: 8192.
 - virtual_space_node_default_size: 8388608.
 - enlarge_chunks_in_place: 1.
 - use_allocation_guard: 0.


Internal statistics:

num_allocs_failed_limit: 0.
num_arena_births: 74.
num_arena_deaths: 0.
num_vsnodes_births: 2.
num_vsnodes_deaths: 0.
num_space_committed: 21.
num_space_uncommitted: 0.
num_chunks_returned_to_freelist: 0.
num_chunks_taken_from_freelist: 96.
num_chunk_merges: 0.
num_chunk_splits: 67.
num_chunks_enlarged: 42.
num_inconsistent_stats: 0.

CodeHeap 'non-profiled nmethods': size=120000Kb used=182Kb max_used=182Kb free=119817Kb
 bounds [0x000002980ac10000, 0x000002980ae80000, 0x0000029812140000]
CodeHeap 'profiled nmethods': size=120000Kb used=771Kb max_used=771Kb free=119228Kb
 bounds [0x0000029803140000, 0x00000298033b0000, 0x000002980a670000]
CodeHeap 'non-nmethods': size=5760Kb used=1147Kb max_used=1163Kb free=4612Kb
 bounds [0x000002980a670000, 0x000002980a8e0000, 0x000002980ac10000]
CodeCache: size=245760Kb, used=2100Kb, max_used=2116Kb, free=243657Kb
 total_blobs=943, nmethods=547, adapters=303, full_count=0
Compilation: enabled, stopped_count=0, restarted_count=0

Compilation events (20 events):
Event: 5.745 Thread 0x00000298162e6f10 nmethod 535 0x00000298031fd510 code [0x00000298031fd6a0, 0x00000298031fd798]
Event: 5.746 Thread 0x00000298162e6f10  536       1       java.net.URLConnection::getUseCaches (5 bytes)
Event: 5.746 Thread 0x00000298162e6f10 nmethod 536 0x000002980ac3c810 code [0x000002980ac3c9a0, 0x000002980ac3ca70]
Event: 5.747 Thread 0x00000298162721c0  537       4       java.lang.StringLatin1::replace (198 bytes)
Event: 5.763 Thread 0x00000298162721c0 nmethod 537 0x000002980ac3cb10 code [0x000002980ac3cce0, 0x000002980ac3d1b8]
Event: 5.769 Thread 0x00000298162e6f10  538       3       java.util.ArrayList$Itr::next (66 bytes)
Event: 5.770 Thread 0x00000298162e6f10 nmethod 538 0x00000298031fd810 code [0x00000298031fda00, 0x00000298031fddc0]
Event: 5.771 Thread 0x00000298162e6f10  539       3       java.util.AbstractList::<init> (10 bytes)
Event: 5.771 Thread 0x00000298162e6f10 nmethod 539 0x00000298031fdf90 code [0x00000298031fe140, 0x00000298031fe310]
Event: 5.773 Thread 0x00000298162e6f10  540       3       java.util.ArrayList::grow (60 bytes)
Event: 5.773 Thread 0x00000298162e6f10 nmethod 540 0x00000298031fe410 code [0x00000298031fe600, 0x00000298031feb98]
Event: 5.808 Thread 0x00000298162e6f10  542       3       java.util.ArrayList::<init> (12 bytes)
Event: 5.808 Thread 0x00000298162e6f10 nmethod 542 0x00000298031fed90 code [0x00000298031fef40, 0x00000298031ff190]
Event: 5.809 Thread 0x00000298162e6f10  543       3       java.util.Collections$UnmodifiableMap::get (11 bytes)
Event: 5.809 Thread 0x00000298162e6f10 nmethod 543 0x00000298031ff290 code [0x00000298031ff440, 0x00000298031ff618]
Event: 5.810 Thread 0x00000298162e6f10  544       3       java.util.Collections$UnmodifiableCollection$1::hasNext (10 bytes)
Event: 5.810 Thread 0x00000298162e6f10 nmethod 544 0x00000298031ff710 code [0x00000298031ff8c0, 0x00000298031ffa98]
Event: 5.833 Thread 0x00000298162e6f10  545       3       java.lang.String::equalsIgnoreCase (45 bytes)
Event: 5.834 Thread 0x00000298162e6f10 nmethod 545 0x00000298031ffb90 code [0x00000298031ffd80, 0x00000298032002b0]
Event: 5.835 Thread 0x00000298162721c0  546       4       lombok.launch.PackageShader::apply (252 bytes)

GC Heap History (0 events):
No events

Dll operation events (16 events):
Event: 0.296 Attempting to load shared library c:\Users\Randani\.vscode\extensions\redhat.java-1.56.0-win32-x64\jre\21.0.12.1-win32-x86_64\bin\java.dll
Event: 0.296 Loaded shared library c:\Users\Randani\.vscode\extensions\redhat.java-1.56.0-win32-x64\jre\21.0.12.1-win32-x86_64\bin\java.dll
Event: 2.931 Attempting to load shared library c:\Users\Randani\.vscode\extensions\redhat.java-1.56.0-win32-x64\jre\21.0.12.1-win32-x86_64\bin\zip.dll
Event: 2.948 Loaded shared library c:\Users\Randani\.vscode\extensions\redhat.java-1.56.0-win32-x64\jre\21.0.12.1-win32-x86_64\bin\zip.dll
Event: 3.017 Attempting to load shared library C:\Users\Randani\.vscode\extensions\redhat.java-1.56.0-win32-x64\jre\21.0.12.1-win32-x86_64\bin\instrument.dll
Event: 3.017 Loaded shared library C:\Users\Randani\.vscode\extensions\redhat.java-1.56.0-win32-x64\jre\21.0.12.1-win32-x86_64\bin\instrument.dll
Event: 3.061 Attempting to load shared library C:\Users\Randani\.vscode\extensions\redhat.java-1.56.0-win32-x64\jre\21.0.12.1-win32-x86_64\bin\net.dll
Event: 3.064 Loaded shared library C:\Users\Randani\.vscode\extensions\redhat.java-1.56.0-win32-x64\jre\21.0.12.1-win32-x86_64\bin\net.dll
Event: 3.096 Attempting to load shared library C:\Users\Randani\.vscode\extensions\redhat.java-1.56.0-win32-x64\jre\21.0.12.1-win32-x86_64\bin\nio.dll
Event: 3.097 Loaded shared library C:\Users\Randani\.vscode\extensions\redhat.java-1.56.0-win32-x64\jre\21.0.12.1-win32-x86_64\bin\nio.dll
Event: 3.124 Attempting to load shared library C:\Users\Randani\.vscode\extensions\redhat.java-1.56.0-win32-x64\jre\21.0.12.1-win32-x86_64\bin\zip.dll
Event: 3.124 Loaded shared library C:\Users\Randani\.vscode\extensions\redhat.java-1.56.0-win32-x64\jre\21.0.12.1-win32-x86_64\bin\zip.dll
Event: 3.295 Attempting to load shared library C:\Users\Randani\.vscode\extensions\redhat.java-1.56.0-win32-x64\jre\21.0.12.1-win32-x86_64\bin\jimage.dll
Event: 3.295 Loaded shared library C:\Users\Randani\.vscode\extensions\redhat.java-1.56.0-win32-x64\jre\21.0.12.1-win32-x86_64\bin\jimage.dll
Event: 4.218 Attempting to load shared library c:\Users\Randani\.vscode\extensions\redhat.java-1.56.0-win32-x64\jre\21.0.12.1-win32-x86_64\bin\verify.dll
Event: 4.221 Loaded shared library c:\Users\Randani\.vscode\extensions\redhat.java-1.56.0-win32-x64\jre\21.0.12.1-win32-x86_64\bin\verify.dll

Deoptimization events (18 events):
Event: 3.148 Thread 0x000002987dba0090 Uncommon trap: trap_request=0xffffffde fr.pc=0x000002980ac1d780 relative=0x00000000000007c0
Event: 3.148 Thread 0x000002987dba0090 Uncommon trap: reason=class_check action=maybe_recompile pc=0x000002980ac1d780 method=java.util.HashMap.putVal(ILjava/lang/Object;Ljava/lang/Object;ZZ)Ljava/lang/Object; @ 152 c2
Event: 3.148 Thread 0x000002987dba0090 DEOPT PACKING pc=0x000002980ac1d780 sp=0x000000cdbdafe150
Event: 3.148 Thread 0x000002987dba0090 DEOPT UNPACKING pc=0x000002980a6c3aa2 sp=0x000000cdbdafe0b0 mode 2
Event: 3.148 Thread 0x000002987dba0090 Uncommon trap: trap_request=0xffffffde fr.pc=0x000002980ac1d780 relative=0x00000000000007c0
Event: 3.148 Thread 0x000002987dba0090 Uncommon trap: reason=class_check action=maybe_recompile pc=0x000002980ac1d780 method=java.util.HashMap.putVal(ILjava/lang/Object;Ljava/lang/Object;ZZ)Ljava/lang/Object; @ 152 c2
Event: 3.148 Thread 0x000002987dba0090 DEOPT PACKING pc=0x000002980ac1d780 sp=0x000000cdbdafe150
Event: 3.148 Thread 0x000002987dba0090 DEOPT UNPACKING pc=0x000002980a6c3aa2 sp=0x000000cdbdafe0b0 mode 2
Event: 3.367 Thread 0x000002987dba0090 DEOPT PACKING pc=0x000002980317a4c9 sp=0x000000cdbdafdf30
Event: 3.367 Thread 0x000002987dba0090 DEOPT UNPACKING pc=0x000002980a6c4242 sp=0x000000cdbdafd3b8 mode 0
Event: 4.210 Thread 0x000002987dba0090 Uncommon trap: trap_request=0xffffff45 fr.pc=0x000002980ac31118 relative=0x0000000000000638
Event: 4.210 Thread 0x000002987dba0090 Uncommon trap: reason=unstable_if action=reinterpret pc=0x000002980ac31118 method=java.lang.String.<init>([CIILjava/lang/Void;)V @ 5 c2
Event: 4.210 Thread 0x000002987dba0090 DEOPT PACKING pc=0x000002980ac31118 sp=0x000000cdbdafd530
Event: 4.210 Thread 0x000002987dba0090 DEOPT UNPACKING pc=0x000002980a6c3aa2 sp=0x000000cdbdafd3c0 mode 2
Event: 5.747 Thread 0x000002987dba0090 DEOPT PACKING pc=0x0000029803176b18 sp=0x000000cdbdafbc70
Event: 5.748 Thread 0x000002987dba0090 DEOPT UNPACKING pc=0x000002980a6c4242 sp=0x000000cdbdafb130 mode 0
Event: 5.849 Thread 0x000002987dba0090 DEOPT PACKING pc=0x00000298031e920d sp=0x000000cdbdaf9b10
Event: 5.849 Thread 0x000002987dba0090 DEOPT UNPACKING pc=0x000002980a6c4242 sp=0x000000cdbdaf8fc0 mode 0

Classes loaded (20 events):
Event: 4.289 Loading class java/lang/IllegalAccessException
Event: 4.290 Loading class java/lang/IllegalAccessException done
Event: 4.306 Loading class java/lang/IllegalStateException
Event: 4.306 Loading class java/lang/IllegalStateException done
Event: 4.414 Loading class java/lang/UnsupportedOperationException
Event: 4.414 Loading class java/lang/UnsupportedOperationException done
Event: 4.419 Loading class java/lang/instrument/ClassFileTransformer
Event: 4.419 Loading class java/lang/instrument/ClassFileTransformer done
Event: 4.618 Loading class java/lang/instrument/UnmodifiableClassException
Event: 4.619 Loading class java/lang/instrument/UnmodifiableClassException done
Event: 4.619 Loading class java/lang/instrument/ClassDefinition
Event: 4.632 Loading class java/lang/instrument/ClassDefinition done
Event: 4.746 Loading class java/lang/invoke/WrongMethodTypeException
Event: 4.746 Loading class java/lang/invoke/WrongMethodTypeException done
Event: 4.761 Loading class java/net/URLClassLoader
Event: 4.762 Loading class java/net/URLClassLoader done
Event: 4.956 Loading class java/util/regex/Pattern$Loop
Event: 4.956 Loading class java/util/regex/Pattern$Loop done
Event: 4.956 Loading class java/util/regex/Pattern$Prolog
Event: 4.956 Loading class java/util/regex/Pattern$Prolog done

Classes unloaded (0 events):
No events

Classes redefined (0 events):
No events

Internal exceptions (11 events):
Event: 2.923 Thread 0x000002987dba0090 Exception <a 'java/lang/NoSuchMethodError'{0x00000000d57a91d8}: 'void java.lang.invoke.DirectMethodHandle$Holder.invokeStatic(java.lang.Object, java.lang.Object, java.lang.Object)'> (0x00000000d57a91d8) 
thrown [s\src\hotspot\share\interpreter\linkResolver.cpp, line 773]
Event: 3.197 Thread 0x000002987dba0090 Exception <a 'java/lang/NoSuchMethodError'{0x00000000d5911cb0}: 'java.lang.Object java.lang.invoke.Invokers$Holder.invokeExact_MT(java.lang.Object, java.lang.Object, java.lang.Object, java.lang.Object, java.lang.Object)'> (0x00000000d5911cb0) 
thrown [s\src\hotspot\share\interpreter\linkResolver.cpp, line 773]
Event: 3.863 Thread 0x000002987dba0090 Exception <a 'java/lang/NoSuchMethodError'{0x00000000d59ca328}: 'int java.lang.invoke.DirectMethodHandle$Holder.invokeSpecial(java.lang.Object, java.lang.Object, java.lang.Object, int)'> (0x00000000d59ca328) 
thrown [s\src\hotspot\share\interpreter\linkResolver.cpp, line 773]
Event: 3.867 Thread 0x000002987dba0090 Exception <a 'java/lang/NoSuchMethodError'{0x00000000d59dcd10}: 'java.lang.Object java.lang.invoke.DirectMethodHandle$Holder.invokeStatic(java.lang.Object, java.lang.Object, java.lang.Object, java.lang.Object, int)'> (0x00000000d59dcd10) 
thrown [s\src\hotspot\share\interpreter\linkResolver.cpp, line 773]
Event: 3.869 Thread 0x000002987dba0090 Exception <a 'java/lang/NoSuchMethodError'{0x00000000d59e8150}: 'void java.lang.invoke.DelegatingMethodHandle$Holder.reinvoke_L(java.lang.Object, java.lang.Object, java.lang.Object, int, java.lang.Object)'> (0x00000000d59e8150) 
thrown [s\src\hotspot\share\interpreter\linkResolver.cpp, line 773]
Event: 3.887 Thread 0x000002987dba0090 Exception <a 'java/lang/NoSuchMethodError'{0x00000000d59f8c48}: 'int java.lang.invoke.DirectMethodHandle$Holder.invokeSpecial(java.lang.Object, java.lang.Object, java.lang.Object)'> (0x00000000d59f8c48) 
thrown [s\src\hotspot\share\interpreter\linkResolver.cpp, line 773]
Event: 3.893 Thread 0x000002987dba0090 Exception <a 'java/lang/NoSuchMethodError'{0x00000000d5a04908}: 'java.lang.Object java.lang.invoke.DirectMethodHandle$Holder.invokeStatic(java.lang.Object, java.lang.Object, int)'> (0x00000000d5a04908) 
thrown [s\src\hotspot\share\interpreter\linkResolver.cpp, line 773]
Event: 3.896 Thread 0x000002987dba0090 Exception <a 'java/lang/NoSuchMethodError'{0x00000000d5a09258}: 'void java.lang.invoke.DirectMethodHandle$Holder.invokeStatic(java.lang.Object, java.lang.Object, int, java.lang.Object)'> (0x00000000d5a09258) 
thrown [s\src\hotspot\share\interpreter\linkResolver.cpp, line 773]
Event: 3.898 Thread 0x000002987dba0090 Exception <a 'java/lang/NoSuchMethodError'{0x00000000d5a0cde8}: 'void java.lang.invoke.DirectMethodHandle$Holder.invokeSpecial(java.lang.Object, java.lang.Object, java.lang.Object, int, java.lang.Object)'> (0x00000000d5a0cde8) 
thrown [s\src\hotspot\share\interpreter\linkResolver.cpp, line 773]
Event: 3.904 Thread 0x000002987dba0090 Exception <a 'java/lang/NoSuchMethodError'{0x00000000d5a10258}: 'void java.lang.invoke.DelegatingMethodHandle$Holder.delegate(java.lang.Object, java.lang.Object, int, java.lang.Object)'> (0x00000000d5a10258) 
thrown [s\src\hotspot\share\interpreter\linkResolver.cpp, line 773]
Event: 4.735 Thread 0x000002987dba0090 Exception <a 'java/lang/NoSuchMethodError'{0x00000000d5bd13c0}: 'void java.lang.invoke.DelegatingMethodHandle$Holder.reinvoke_L(java.lang.Object, java.lang.Object, java.lang.Object, int)'> (0x00000000d5bd13c0) 
thrown [s\src\hotspot\share\interpreter\linkResolver.cpp, line 773]

ZGC Phase Switch (0 events):
No events

VM Operations (10 events):
Event: 2.929 Executing non-safepoint VM operation: HandshakeAllThreads (Deoptimize)
Event: 2.929 Executing non-safepoint VM operation: HandshakeAllThreads (Deoptimize) done
Event: 2.929 Executing safepoint VM operation: Cleanup
Event: 2.929 Executing safepoint VM operation: Cleanup done
Event: 3.509 Executing non-safepoint VM operation: HandshakeAllThreads (Deoptimize)
Event: 3.509 Executing non-safepoint VM operation: HandshakeAllThreads (Deoptimize) done
Event: 4.514 Executing safepoint VM operation: Cleanup
Event: 4.514 Executing safepoint VM operation: Cleanup done
Event: 5.522 Executing safepoint VM operation: Cleanup
Event: 5.522 Executing safepoint VM operation: Cleanup done

Memory protections (0 events):
No events

Nmethod flushes (0 events):
No events

Events (10 events):
Event: 1.436 Thread 0x000002987dba0090 Thread added: 0x000002987dba0090
Event: 2.358 Thread 0x000002987dba0090 Thread added: 0x0000029816267720
Event: 2.359 Thread 0x000002987dba0090 Thread added: 0x0000029816269fa0
Event: 2.383 Thread 0x000002987dba0090 Thread added: 0x000002981626bb70
Event: 2.384 Thread 0x000002987dba0090 Thread added: 0x000002981626ca90
Event: 2.385 Thread 0x000002987dba0090 Thread added: 0x000002981626d9b0
Event: 2.409 Thread 0x000002987dba0090 Thread added: 0x0000029816271430
Event: 2.457 Thread 0x000002987dba0090 Thread added: 0x00000298162721c0
Event: 2.620 Thread 0x000002987dba0090 Thread added: 0x00000298162e6f10
Event: 3.051 Thread 0x000002987dba0090 Thread added: 0x000002985c1bbfa0


Dynamic libraries:
0x00007ff782460000 - 0x00007ff78246e000 	c:\Users\Randani\.vscode\extensions\redhat.java-1.56.0-win32-x64\jre\21.0.12.1-win32-x86_64\bin\java.exe
0x00007ff8d19f0000 - 0x00007ff8d1be8000 	C:\WINDOWS\SYSTEM32\ntdll.dll
0x00007ff8d0c30000 - 0x00007ff8d0cf2000 	C:\WINDOWS\System32\KERNEL32.DLL
0x00007ff8cf230000 - 0x00007ff8cf526000 	C:\WINDOWS\System32\KERNELBASE.dll
0x00007ff8cf090000 - 0x00007ff8cf190000 	C:\WINDOWS\System32\ucrtbase.dll
0x00007ff8bf9a0000 - 0x00007ff8bf9b8000 	c:\Users\Randani\.vscode\extensions\redhat.java-1.56.0-win32-x64\jre\21.0.12.1-win32-x86_64\bin\jli.dll
0x00007ff8d1560000 - 0x00007ff8d16fd000 	C:\WINDOWS\System32\USER32.dll
0x00007ff8cf530000 - 0x00007ff8cf552000 	C:\WINDOWS\System32\win32u.dll
0x00007ff8d0d00000 - 0x00007ff8d0d2b000 	C:\WINDOWS\System32\GDI32.dll
0x00007ff8cf8d0000 - 0x00007ff8cf9e9000 	C:\WINDOWS\System32\gdi32full.dll
0x00007ff8cf190000 - 0x00007ff8cf22d000 	C:\WINDOWS\System32\msvcp_win.dll
0x00007ff8bf4a0000 - 0x00007ff8bf4be000 	c:\Users\Randani\.vscode\extensions\redhat.java-1.56.0-win32-x64\jre\21.0.12.1-win32-x86_64\bin\VCRUNTIME140.dll
0x00007ff8c21c0000 - 0x00007ff8c245b000 	C:\WINDOWS\WinSxS\amd64_microsoft.windows.common-controls_6595b64144ccf1df_6.0.19041.6280_none_60bc30a171f2f3f3\COMCTL32.dll
0x00007ff8cfa20000 - 0x00007ff8cfabe000 	C:\WINDOWS\System32\msvcrt.dll
0x00007ff8d11a0000 - 0x00007ff8d11cf000 	C:\WINDOWS\System32\IMM32.DLL
0x00007ff8cbf20000 - 0x00007ff8cbf2c000 	c:\Users\Randani\.vscode\extensions\redhat.java-1.56.0-win32-x64\jre\21.0.12.1-win32-x86_64\bin\vcruntime140_1.dll
0x00007ff8bf410000 - 0x00007ff8bf49d000 	c:\Users\Randani\.vscode\extensions\redhat.java-1.56.0-win32-x64\jre\21.0.12.1-win32-x86_64\bin\msvcp140.dll
0x00007ff844260000 - 0x00007ff845002000 	c:\Users\Randani\.vscode\extensions\redhat.java-1.56.0-win32-x64\jre\21.0.12.1-win32-x86_64\bin\server\jvm.dll
0x00007ff8d0270000 - 0x00007ff8d0321000 	C:\WINDOWS\System32\ADVAPI32.dll
0x00007ff8cfe60000 - 0x00007ff8cfeff000 	C:\WINDOWS\System32\sechost.dll
0x00007ff8cfbe0000 - 0x00007ff8cfd00000 	C:\WINDOWS\System32\RPCRT4.dll
0x00007ff8cf9f0000 - 0x00007ff8cfa17000 	C:\WINDOWS\System32\bcrypt.dll
0x00007ff8d1940000 - 0x00007ff8d19ab000 	C:\WINDOWS\System32\WS2_32.dll
0x00007ff8ce620000 - 0x00007ff8ce66b000 	C:\WINDOWS\SYSTEM32\POWRPROF.dll
0x00007ff8bc660000 - 0x00007ff8bc66a000 	C:\WINDOWS\SYSTEM32\VERSION.dll
0x00007ff8bc930000 - 0x00007ff8bc957000 	C:\WINDOWS\SYSTEM32\WINMM.dll
0x00007ff8ce490000 - 0x00007ff8ce4a2000 	C:\WINDOWS\SYSTEM32\UMPDC.dll
0x00007ff8ccf10000 - 0x00007ff8ccf22000 	C:\WINDOWS\SYSTEM32\kernel.appcore.dll
0x00007ff8c06b0000 - 0x00007ff8c06ba000 	c:\Users\Randani\.vscode\extensions\redhat.java-1.56.0-win32-x64\jre\21.0.12.1-win32-x86_64\bin\jimage.dll
0x00007ff8bc670000 - 0x00007ff8bc871000 	C:\WINDOWS\SYSTEM32\DBGHELP.DLL
0x00007ff8b79d0000 - 0x00007ff8b7a04000 	C:\WINDOWS\SYSTEM32\dbgcore.DLL
0x00007ff8cf7f0000 - 0x00007ff8cf872000 	C:\WINDOWS\System32\bcryptPrimitives.dll
0x00007ff8c0070000 - 0x00007ff8c007f000 	c:\Users\Randani\.vscode\extensions\redhat.java-1.56.0-win32-x64\jre\21.0.12.1-win32-x86_64\bin\instrument.dll
0x00007ff8bf3f0000 - 0x00007ff8bf410000 	c:\Users\Randani\.vscode\extensions\redhat.java-1.56.0-win32-x64\jre\21.0.12.1-win32-x86_64\bin\java.dll
0x00007ff8d0390000 - 0x00007ff8d0b00000 	C:\WINDOWS\System32\SHELL32.dll
0x00007ff8cd110000 - 0x00007ff8cd8b5000 	C:\WINDOWS\SYSTEM32\windows.storage.dll
0x00007ff8cff00000 - 0x00007ff8d0253000 	C:\WINDOWS\System32\combase.dll
0x00007ff8ceac0000 - 0x00007ff8ceaeb000 	C:\WINDOWS\SYSTEM32\Wldp.dll
0x00007ff8d13e0000 - 0x00007ff8d14ad000 	C:\WINDOWS\System32\OLEAUT32.dll
0x00007ff8cfad0000 - 0x00007ff8cfb7d000 	C:\WINDOWS\System32\SHCORE.dll
0x00007ff8d17c0000 - 0x00007ff8d181b000 	C:\WINDOWS\System32\shlwapi.dll
0x00007ff8cefc0000 - 0x00007ff8cefe4000 	C:\WINDOWS\SYSTEM32\profapi.dll
0x00007ff8bf3d0000 - 0x00007ff8bf3e8000 	c:\Users\Randani\.vscode\extensions\redhat.java-1.56.0-win32-x64\jre\21.0.12.1-win32-x86_64\bin\zip.dll
0x00007ff8c0140000 - 0x00007ff8c0150000 	C:\Users\Randani\.vscode\extensions\redhat.java-1.56.0-win32-x64\jre\21.0.12.1-win32-x86_64\bin\net.dll
0x00007ff8c93a0000 - 0x00007ff8c94aa000 	C:\WINDOWS\SYSTEM32\WINHTTP.dll
0x00007ff8ce820000 - 0x00007ff8ce88a000 	C:\WINDOWS\system32\mswsock.dll
0x00007ff8bf3b0000 - 0x00007ff8bf3c6000 	C:\Users\Randani\.vscode\extensions\redhat.java-1.56.0-win32-x64\jre\21.0.12.1-win32-x86_64\bin\nio.dll
0x00007ff8bf970000 - 0x00007ff8bf980000 	c:\Users\Randani\.vscode\extensions\redhat.java-1.56.0-win32-x64\jre\21.0.12.1-win32-x86_64\bin\verify.dll

JVMTI agents:
c:\Users\Randani\.vscode\extensions\redhat.java-1.56.0-win32-x64\lombok\lombok-1.18.39-4050.jar path:c:\Users\Randani\.vscode\extensions\redhat.java-1.56.0-win32-x64\jre\21.0.12.1-win32-x86_64\bin\instrument.dll, loaded, initialized, instrumentlib options:none

dbghelp: loaded successfully - version: 4.0.5 - missing functions: none
symbol engine: initialized successfully - sym options: 0x614 - pdb path: .;c:\Users\Randani\.vscode\extensions\redhat.java-1.56.0-win32-x64\jre\21.0.12.1-win32-x86_64\bin;C:\WINDOWS\SYSTEM32;C:\WINDOWS\WinSxS\amd64_microsoft.windows.common-controls_6595b64144ccf1df_6.0.19041.6280_none_60bc30a171f2f3f3;c:\Users\Randani\.vscode\extensions\redhat.java-1.56.0-win32-x64\jre\21.0.12.1-win32-x86_64\bin\server

VM Arguments:
jvm_args: --add-modules=ALL-SYSTEM --add-opens=java.base/java.util=ALL-UNNAMED --add-opens=java.base/java.lang=ALL-UNNAMED --add-opens=java.base/sun.nio.fs=ALL-UNNAMED -Declipse.application=org.eclipse.jdt.ls.core.id1 -Dosgi.bundles.defaultStartLevel=4 -Declipse.product=org.eclipse.jdt.ls.core.product -Djava.import.generatesMetadataFilesAtProjectRoot=false -Dm2e.project.cache.size=50 -DDetectVMInstallationsJob.disabled=true -Dfile.encoding=utf8 -XX:+UseParallelGC -XX:GCTimeRatio=4 -XX:AdaptiveSizePolicyWeight=90 -Dsun.zip.disableMemoryMapping=true -Xmx2G -Xms100m -Xlog:disable -javaagent:c:\Users\Randani\.vscode\extensions\redhat.java-1.56.0-win32-x64\lombok\lombok-1.18.39-4050.jar -XX:+HeapDumpOnOutOfMemoryError -XX:HeapDumpPath=c:\Users\Randani\AppData\Roaming\Code\User\workspaceStorage\26abe79bd59ea3f30d222db4cd519e31\redhat.java -Daether.dependencyCollector.impl=bf 
java_command: c:\Users\Randani\.vscode\extensions\redhat.java-1.56.0-win32-x64\server\plugins\org.eclipse.equinox.launcher_1.8.0.v20260804-1928.jar -configuration c:\Users\Randani\AppData\Roaming\Code\User\globalStorage\redhat.java\1.56.0\config_win -data c:\Users\Randani\AppData\Roaming\Code\User\workspaceStorage\26abe79bd59ea3f30d222db4cd519e31\redhat.java\jdt_ws --stdio
java_class_path (initial): c:\Users\Randani\.vscode\extensions\redhat.java-1.56.0-win32-x64\server\plugins\org.eclipse.equinox.launcher_1.8.0.v20260804-1928.jar
Launcher Type: SUN_STANDARD

[Global flags]
    uintx AdaptiveSizePolicyWeight                 = 90                                        {product} {command line}
     intx CICompilerCount                          = 3                                         {product} {ergonomic}
    uintx GCTimeRatio                              = 4                                         {product} {command line}
     bool HeapDumpOnOutOfMemoryError               = true                                   {manageable} {command line}
    ccstr HeapDumpPath                             = c:\Users\Randani\AppData\Roaming\Code\User\workspaceStorage\26abe79bd59ea3f30d222db4cd519e31\redhat.java         {manageable} {command line}
   size_t InitialHeapSize                          = 104857600                                 {product} {command line}
   size_t MaxHeapSize                              = 2147483648                                {product} {command line}
   size_t MaxNewSize                               = 715653120                                 {product} {ergonomic}
   size_t MinHeapDeltaBytes                        = 524288                                    {product} {ergonomic}
   size_t MinHeapSize                              = 104857600                                 {product} {command line}
   size_t NewSize                                  = 34603008                                  {product} {ergonomic}
    uintx NonNMethodCodeHeapSize                   = 5832780                                {pd product} {ergonomic}
    uintx NonProfiledCodeHeapSize                  = 122912730                              {pd product} {ergonomic}
   size_t OldSize                                  = 70254592                                  {product} {ergonomic}
    uintx ProfiledCodeHeapSize                     = 122912730                              {pd product} {ergonomic}
    uintx ReservedCodeCacheSize                    = 251658240                              {pd product} {ergonomic}
     bool SegmentedCodeCache                       = true                                      {product} {ergonomic}
   size_t SoftMaxHeapSize                          = 2147483648                             {manageable} {ergonomic}
     bool UseCompressedOops                        = true                           {product lp64_product} {ergonomic}
     bool UseLargePagesIndividualAllocation        = false                                  {pd product} {ergonomic}
     bool UseParallelGC                            = true                                      {product} {command line}

Logging:
Log output configuration:
 #0: stdout all=off uptime,level,tags foldmultilines=false
 #1: stderr all=off uptime,level,tags foldmultilines=false

Release file:
<release file has not been read>
Environment Variables:
PATH=C:\Python314\Scripts\;C:\Python314\;C:\Program Files\Eclipse Adoptium\jdk-25.0.3.9-hotspot\bin;C:\Program Files (x86)\Common Files\Oracle\Java\javapath;C:\WINDOWS\system32;C:\WINDOWS;C:\WINDOWS\System32\Wbem;C:\WINDOWS\System32\WindowsPowerShell\v1.0\;C:\WINDOWS\System32\OpenSSH\;C:\xampp\php;C:\Program Files\Azure Data Studio\bin;C:\Program Files (x86)\Microsoft SQL Server\150\DTS\Binn\;C:\Program Files (x86)\Microsoft SQL Server\160\DTS\Binn\;C:\Program Files (x86)\Microsoft SQL Server\160\Tools\Binn\;C:\Program Files\Microsoft SQL Server\160\Tools\Binn\;C:\Program Files\Microsoft SQL Server\Client SDK\ODBC\170\Tools\Binn\;C:\Program Files\Microsoft SQL Server\160\DTS\Binn\;C:\Program Files\Git\cmd;C:\ProgramData\chocolatey\bin;C:\Program Files\nodejs\;C:\Users\Randani\AppData\Local\Programs\Python\Launcher\;C:\Users\Randani\AppData\Local\Microsoft\WindowsApps;C:\Users\Randani\AppData\Local\Programs\Microsoft VS Code\bin;C:\msys64\ucrt64\bin;;C:\Program Files\Azure Data Studio\bin;C:\Users\Randani\AppData\Roaming\npm
USERNAME=Randani
OS=Windows_NT
PROCESSOR_IDENTIFIER=Intel64 Family 6 Model 58 Stepping 9, GenuineIntel
TMP=C:\Users\Randani\AppData\Local\Temp
TEMP=C:\Users\Randani\AppData\Local\Temp




Periodic native trim disabled

---------------  S Y S T E M  ---------------

OS:
 Windows 10 , 64 bit Build 19041 (10.0.19041.5915)
OS uptime: 0 days 0:36 hours

CPU: total 4 (initial active 4) (2 cores per cpu, 2 threads per core) family 6 model 58 stepping 9 microcode 0x21, cx8, cmov, fxsr, ht, mmx, sse, sse2, sse3, ssse3, sse4.1, sse4.2, popcnt, tsc, tscinvbit, avx, aes, erms, clmul, vzeroupper, clflush, rdtscp, f16c
Processor Information for the first 4 processors :
  Max Mhz: 2101, Current Mhz: 2101, Mhz Limit: 2101

Memory: 4k page, system-wide physical 3974M (147M free)
TotalPageFile size 16262M (AvailPageFile size 2M)
current process WorkingSet (physical memory assigned to process): 46M, peak: 46M
current process commit charge ("private bytes"): 213M, peak: 214M

vm_info: OpenJDK 64-Bit Server VM (21.0.12.1+1-LTS) for windows-amd64 JRE (21.0.12.1+1-LTS), built on 2026-08-18T00:00:00Z by "admin" with MS VC++ 17.12 (VS2022)

END.
