#
# There is insufficient memory for the Java Runtime Environment to continue.
# Native memory allocation (malloc) failed to allocate 1768496 bytes. Error detail: Chunk::new
# Possible reasons:
#   The system is out of physical RAM or swap space
#   This process is running with CompressedOops enabled, and the Java Heap may be blocking the growth of the native heap
# Possible solutions:
#   Reduce memory load on the system
#   Increase physical memory or swap space
#   Check if swap backing store is full
#   Decrease Java heap size (-Xmx/-Xms)
#   Decrease number of Java threads
#   Decrease Java thread stack sizes (-Xss)
#   Set larger code cache with -XX:ReservedCodeCacheSize=
#   JVM is running with Unscaled Compressed Oops mode in which the Java heap is
#     placed in the first 4GB address space. The Java Heap base address is the
#     maximum limit for the native heap growth. Please use -XX:HeapBaseMinAddress
#     to set the Java Heap base and to place the Java Heap above 4GB virtual address.
# This output file may be truncated or incomplete.
#
#  Out of Memory Error (arena.cpp:168), pid=15276, tid=15136
#
# JRE version: OpenJDK Runtime Environment Temurin-21.0.12.1+1 (21.0.12.1+1) (build 21.0.12.1+1-LTS)
# Java VM: OpenJDK 64-Bit Server VM Temurin-21.0.12.1+1 (21.0.12.1+1-LTS, mixed mode, sharing, tiered, compressed oops, compressed class ptrs, parallel gc, windows-amd64)
# No core dump will be written. Minidumps are not enabled by default on client versions of Windows
#

---------------  S U M M A R Y ------------

Command Line: --add-modules=ALL-SYSTEM --add-opens=java.base/java.util=ALL-UNNAMED --add-opens=java.base/java.lang=ALL-UNNAMED --add-opens=java.base/sun.nio.fs=ALL-UNNAMED -Declipse.application=org.eclipse.jdt.ls.core.id1 -Dosgi.bundles.defaultStartLevel=4 -Declipse.product=org.eclipse.jdt.ls.core.product -Djava.import.generatesMetadataFilesAtProjectRoot=false -Dm2e.project.cache.size=50 -DDetectVMInstallationsJob.disabled=true -Dfile.encoding=utf8 -XX:+UseParallelGC -XX:GCTimeRatio=4 -XX:AdaptiveSizePolicyWeight=90 -Dsun.zip.disableMemoryMapping=true -Xmx2G -Xms100m -Xlog:disable -javaagent:c:\Users\Randani\.vscode\extensions\redhat.java-1.56.0-win32-x64\lombok\lombok-1.18.39-4050.jar -XX:+HeapDumpOnOutOfMemoryError -XX:HeapDumpPath=c:\Users\Randani\AppData\Roaming\Code\User\workspaceStorage\26abe79bd59ea3f30d222db4cd519e31\redhat.java -Daether.dependencyCollector.impl=bf c:\Users\Randani\.vscode\extensions\redhat.java-1.56.0-win32-x64\server\plugins\org.eclipse.equinox.launcher_1.8.0.v20260804-1928.jar -configuration c:\Users\Randani\AppData\Roaming\Code\User\globalStorage\redhat.java\1.56.0\config_win -data c:\Users\Randani\AppData\Roaming\Code\User\workspaceStorage\26abe79bd59ea3f30d222db4cd519e31\redhat.java\jdt_ws --pipe=\\.\pipe\lsp-243eec03358c162d5fb765a447bc7ae8-sock

Host: Intel(R) Core(TM) i7-3687U CPU @ 2.10GHz, 4 cores, 3G,  Windows 10 , 64 bit Build 19041 (10.0.19041.5915)
Time: Tue Sep 29 22:31:09 2026 South Africa Standard Time elapsed time: 40.261505 seconds (0d 0h 0m 40s)

---------------  T H R E A D  ---------------

Current thread (0x00000267a8712580):  JavaThread "C2 CompilerThread0" daemon [_thread_in_native, id=15136, stack(0x000000d6b8800000,0x000000d6b8900000) (1024K)]


Current CompileTask:
C2:40261 4123   !   4       org.eclipse.osgi.internal.loader.classpath.ClasspathManager::findClassImpl (328 bytes)

Stack: [0x000000d6b8800000,0x000000d6b8900000]
Native frames: (J=compiled Java code, j=interpreted, Vv=VM code, C=native code)
V  [jvm.dll+0x6d83e9]
V  [jvm.dll+0x8b5736]
V  [jvm.dll+0x8b7cee]
V  [jvm.dll+0x8b83d3]
V  [jvm.dll+0x284596]
V  [jvm.dll+0xc685d]
V  [jvm.dll+0xc6da1]
V  [jvm.dll+0x3bf151]
V  [jvm.dll+0x38b6d2]
V  [jvm.dll+0x38ab1a]
V  [jvm.dll+0x24c700]
V  [jvm.dll+0x24bce0]
V  [jvm.dll+0x1cb4ae]
V  [jvm.dll+0x25baad]
V  [jvm.dll+0x25a03a]
V  [jvm.dll+0x3f8aae]
V  [jvm.dll+0x8600cd]
V  [jvm.dll+0x6d6c1d]
C  [ucrtbase.dll+0x21bb2]
C  [KERNEL32.DLL+0x17374]
C  [ntdll.dll+0x4cc91]


---------------  P R O C E S S  ---------------

Threads class SMR info:
_java_thread_list=0x00000268065b7dc0, length=22, elements={
0x00000267a88205f0, 0x00000267a8708b20, 0x00000267a870a390, 0x00000267a870be80,
0x00000267a870cda0, 0x00000267a870dcc0, 0x00000267a8711740, 0x00000267a8712580,
0x00000267a8787380, 0x00000268050ffe90, 0x0000026805272090, 0x0000026805454730,
0x00000268051ea020, 0x00000268051e0030, 0x00000268051d4330, 0x0000026805bded90,
0x00000268060a61c0, 0x0000026805b616e0, 0x0000026805cd8080, 0x0000026805cd79f0,
0x0000026805cd6cd0, 0x0000026805cd8da0
}

Java Threads: ( => current thread )
  0x00000267a88205f0 JavaThread "main"                              [_thread_blocked, id=15232, stack(0x000000d6b7e00000,0x000000d6b7f00000) (1024K)]
  0x00000267a8708b20 JavaThread "Reference Handler"          daemon [_thread_blocked, id=14476, stack(0x000000d6b8200000,0x000000d6b8300000) (1024K)]
  0x00000267a870a390 JavaThread "Finalizer"                  daemon [_thread_blocked, id=3296, stack(0x000000d6b8300000,0x000000d6b8400000) (1024K)]
  0x00000267a870be80 JavaThread "Signal Dispatcher"          daemon [_thread_blocked, id=14152, stack(0x000000d6b8400000,0x000000d6b8500000) (1024K)]
  0x00000267a870cda0 JavaThread "Attach Listener"            daemon [_thread_blocked, id=2640, stack(0x000000d6b8500000,0x000000d6b8600000) (1024K)]
  0x00000267a870dcc0 JavaThread "Service Thread"             daemon [_thread_blocked, id=15172, stack(0x000000d6b8600000,0x000000d6b8700000) (1024K)]
  0x00000267a8711740 JavaThread "Monitor Deflation Thread"   daemon [_thread_blocked, id=4840, stack(0x000000d6b8700000,0x000000d6b8800000) (1024K)]
=>0x00000267a8712580 JavaThread "C2 CompilerThread0"         daemon [_thread_in_native, id=15136, stack(0x000000d6b8800000,0x000000d6b8900000) (1024K)]
  0x00000267a8787380 JavaThread "C1 CompilerThread0"         daemon [_thread_blocked, id=14688, stack(0x000000d6b8900000,0x000000d6b8a00000) (1024K)]
  0x00000268050ffe90 JavaThread "Common-Cleaner"             daemon [_thread_blocked, id=9248, stack(0x000000d6b8a00000,0x000000d6b8b00000) (1024K)]
  0x0000026805272090 JavaThread "Notification Thread"        daemon [_thread_blocked, id=15052, stack(0x000000d6b8b00000,0x000000d6b8c00000) (1024K)]
  0x0000026805454730 JavaThread "Active Thread: Equinox Container: 09711eca-d92f-404f-a5dc-bf8c7ad0a219"        [_thread_blocked, id=14988, stack(0x000000d6b8f00000,0x000000d6b9000000) (1024K)]
  0x00000268051ea020 JavaThread "Refresh Thread: Equinox Container: 09711eca-d92f-404f-a5dc-bf8c7ad0a219" daemon [_thread_blocked, id=11680, stack(0x000000d6b9000000,0x000000d6b9100000) (1024K)]
  0x00000268051e0030 JavaThread "Framework Event Dispatcher: Equinox Container: 09711eca-d92f-404f-a5dc-bf8c7ad0a219" daemon [_thread_blocked, id=12548, stack(0x000000d6b9100000,0x000000d6b9200000) (1024K)]
  0x00000268051d4330 JavaThread "Start Level: Equinox Container: 09711eca-d92f-404f-a5dc-bf8c7ad0a219" daemon [_thread_in_native, id=2756, stack(0x000000d6b9200000,0x000000d6b9300000) (1024K)]
  0x0000026805bded90 JavaThread "Bundle File Closer"         daemon [_thread_blocked, id=15084, stack(0x000000d6b9300000,0x000000d6b9400000) (1024K)]
  0x00000268060a61c0 JavaThread "SCR Component Actor"        daemon [_thread_blocked, id=15012, stack(0x000000d6b9400000,0x000000d6b9500000) (1024K)]
  0x0000026805b616e0 JavaThread "Worker-JM"                         [_thread_blocked, id=8944, stack(0x000000d6b9500000,0x000000d6b9600000) (1024K)]
  0x0000026805cd8080 JavaThread "Worker-0: Repository registry initialization"        [_thread_in_native, id=10140, stack(0x000000d6b9600000,0x000000d6b9700000) (1024K)]
  0x0000026805cd79f0 JavaThread "Worker-1: Updating Maven Dependencies"        [_thread_blocked, id=9576, stack(0x000000d6b9700000,0x000000d6b9800000) (1024K)]
  0x0000026805cd6cd0 JavaThread "Worker-2"                          [_thread_blocked, id=10892, stack(0x000000d6b9800000,0x000000d6b9900000) (1024K)]
  0x0000026805cd8da0 JavaThread "Worker-3"                          [_thread_blocked, id=15148, stack(0x000000d6b9900000,0x000000d6b9a00000) (1024K)]
Total: 22

Other Threads:
  0x00000267a86f01a0 VMThread "VM Thread"                           [id=14344, stack(0x000000d6b8100000,0x000000d6b8200000) (1024K)]
  0x00000267a88e93d0 WatcherThread "VM Periodic Task Thread"        [id=15220, stack(0x000000d6b8000000,0x000000d6b8100000) (1024K)]
  0x00000267a883e870 WorkerThread "GC Thread#0"                     [id=15356, stack(0x000000d6b7f00000,0x000000d6b8000000) (1024K)]
  0x00000268052e15b0 WorkerThread "GC Thread#1"                     [id=4480, stack(0x000000d6b8c00000,0x000000d6b8d00000) (1024K)]
  0x00000268052e1960 WorkerThread "GC Thread#2"                     [id=8088, stack(0x000000d6b8d00000,0x000000d6b8e00000) (1024K)]
  0x00000268052e1d10 WorkerThread "GC Thread#3"                     [id=6148, stack(0x000000d6b8e00000,0x000000d6b8f00000) (1024K)]
Total: 6

Threads with active compile tasks:
C2 CompilerThread0  40324 4123   !   4       org.eclipse.osgi.internal.loader.classpath.ClasspathManager::findClassImpl (328 bytes)
Total: 1

VM state: not at safepoint (normal execution)

VM Mutex/Monitor currently owned by a thread: None

Heap address: 0x0000000080000000, size: 2048 MB, Compressed Oops mode: 32-bit

CDS archive(s) mapped at: [0x00000267c0000000-0x00000267c0ba0000-0x00000267c0ba0000), size 12189696, SharedBaseAddress: 0x00000267c0000000, ArchiveRelocationMode: 1.
Compressed class space mapped at: 0x00000267c1000000-0x0000026801000000, reserved size: 1073741824
Narrow klass base: 0x00000267c0000000, Narrow klass shift: 0, Narrow klass range: 0x100000000

GC Precious Log:
 CardTable entry size: 512
 CPUs: 4 total, 4 available
 Memory: 3974M
 Large Page Support: Disabled
 NUMA Support: Disabled
 Compressed Oops: Enabled (32-bit)
 Alignments: Space 512K, Generation 512K, Heap 2M
 Heap Min Capacity: 100M
 Heap Initial Capacity: 100M
 Heap Max Capacity: 2G
 Pre-touch: Disabled
 Parallel Workers: 4

Heap:
 PSYoungGen      total 28160K, used 22550K [0x00000000d5580000, 0x00000000d7380000, 0x0000000100000000)
  eden space 23552K, 93% used [0x00000000d5580000,0x00000000d6ae5a58,0x00000000d6c80000)
  from space 4608K, 13% used [0x00000000d6d00000,0x00000000d6d9ff10,0x00000000d7180000)
  to   space 2048K, 0% used [0x00000000d7180000,0x00000000d7180000,0x00000000d7380000)
 ParOldGen       total 68608K, used 12988K [0x0000000080000000, 0x0000000084300000, 0x00000000d5580000)
  object space 68608K, 18% used [0x0000000080000000,0x0000000080caf2d0,0x0000000084300000)
 Metaspace       used 26330K, committed 27136K, reserved 1114112K
  class space    used 2675K, committed 3008K, reserved 1048576K

Card table byte_map: [0x00000267a81d0000,0x00000267a85e0000] _byte_map_base: 0x00000267a7dd0000

Marking Bits: (ParMarkBitMap*) 0x00007ff844f244a0
 Begin Bits: [0x00000267bace0000, 0x00000267bcce0000)
 End Bits:   [0x00000267bcce0000, 0x00000267bece0000)

Polling page: 0x00000267a64a0000

Metaspace:

Usage:
  Non-class:     23.10 MB used.
      Class:      2.61 MB used.
       Both:     25.71 MB used.

Virtual space:
  Non-class space:       64.00 MB reserved,      23.56 MB ( 37%) committed,  1 nodes.
      Class space:        1.00 GB reserved,       2.94 MB ( <1%) committed,  1 nodes.
             Both:        1.06 GB reserved,      26.50 MB (  2%) committed. 

Chunk freelists:
   Non-Class:  7.77 MB
       Class:  12.94 MB
        Both:  20.70 MB

MaxMetaspaceSize: unlimited
CompressedClassSpaceSize: 1.00 GB
Initial GC threshold: 21.00 MB
Current GC threshold: 35.00 MB
CDS: on
 - commit_granule_bytes: 65536.
 - commit_granule_words: 8192.
 - virtual_space_node_default_size: 8388608.
 - enlarge_chunks_in_place: 1.
 - use_allocation_guard: 0.


Internal statistics:

num_allocs_failed_limit: 3.
num_arena_births: 654.
num_arena_deaths: 14.
num_vsnodes_births: 2.
num_vsnodes_deaths: 0.
num_space_committed: 424.
num_space_uncommitted: 0.
num_chunks_returned_to_freelist: 17.
num_chunks_taken_from_freelist: 1716.
num_chunk_merges: 7.
num_chunk_splits: 1090.
num_chunks_enlarged: 668.
num_inconsistent_stats: 0.

CodeHeap 'non-profiled nmethods': size=120000Kb used=1839Kb max_used=1839Kb free=118160Kb
 bounds [0x00000267b3500000, 0x00000267b3770000, 0x00000267baa30000]
CodeHeap 'profiled nmethods': size=120000Kb used=8809Kb max_used=8809Kb free=111190Kb
 bounds [0x00000267aba30000, 0x00000267ac2d0000, 0x00000267b2f60000]
CodeHeap 'non-nmethods': size=5760Kb used=1320Kb max_used=1321Kb free=4439Kb
 bounds [0x00000267b2f60000, 0x00000267b31d0000, 0x00000267b3500000]
CodeCache: size=245760Kb, used=11968Kb, max_used=11969Kb, free=233789Kb
 total_blobs=4755, nmethods=4147, adapters=514, full_count=0
Compilation: enabled, stopped_count=0, restarted_count=0

Compilation events (20 events):
Event: 40.039 Thread 0x00000267a8787380 4145       3       java.util.regex.Matcher::matches (10 bytes)
Event: 40.039 Thread 0x00000267a8787380 nmethod 4145 0x00000267ac2c2d90 code [0x00000267ac2c2f40, 0x00000267ac2c3088]
Event: 40.039 Thread 0x00000267a8787380 4146       2       java.util.regex.Pattern$BmpCharPropertyGreedy::match (89 bytes)
Event: 40.040 Thread 0x00000267a8787380 nmethod 4146 0x00000267ac2c3110 code [0x00000267ac2c32e0, 0x00000267ac2c3650]
Event: 40.043 Thread 0x00000267a8787380 4147       3       org.lombokweb.asm.MethodVisitor::visitJumpInsn (17 bytes)
Event: 40.044 Thread 0x00000267a8787380 nmethod 4147 0x00000267ac2c3810 code [0x00000267ac2c39c0, 0x00000267ac2c3bc8]
Event: 40.044 Thread 0x00000267a8787380 4148       3       org.lombokweb.asm.MethodVisitor::visitMethodInsn (80 bytes)
Event: 40.044 Thread 0x00000267a8787380 nmethod 4148 0x00000267ac2c3c90 code [0x00000267ac2c3e80, 0x00000267ac2c4328]
Event: 40.044 Thread 0x00000267a8787380 4149       1       lombok.patcher.MethodLogistics::getReturnOpcode (5 bytes)
Event: 40.044 Thread 0x00000267a8787380 nmethod 4149 0x00000267b36cbb90 code [0x00000267b36cbd20, 0x00000267b36cbde8]
Event: 40.055 Thread 0x00000267a8787380 4150       3       org.lombokweb.asm.MethodWriter::visitFrame (811 bytes)
Event: 40.058 Thread 0x00000267a8787380 nmethod 4150 0x00000267ac2c4490 code [0x00000267ac2c49e0, 0x00000267ac2c6c50]
Event: 40.058 Thread 0x00000267a8787380 4151       3       org.lombokweb.asm.SymbolTable::addConstantMethodref (24 bytes)
Event: 40.058 Thread 0x00000267a8787380 nmethod 4151 0x00000267ac2c7b90 code [0x00000267ac2c7d40, 0x00000267ac2c7ee0]
Event: 40.077 Thread 0x00000267a8787380 4152       3       java.lang.Module::isStaticallyExportedOrOpen (70 bytes)
Event: 40.078 Thread 0x00000267a8787380 nmethod 4152 0x00000267ac2c7f90 code [0x00000267ac2c81a0, 0x00000267ac2c8850]
Event: 40.079 Thread 0x00000267a8787380 4153       3       java.lang.invoke.DirectMethodHandle::makeAllocator (137 bytes)
Event: 40.080 Thread 0x00000267a8787380 nmethod 4153 0x00000267ac2c8a10 code [0x00000267ac2c8c20, 0x00000267ac2c90a8]
Event: 40.080 Thread 0x00000267a8787380 4154       3       java.util.ImmutableCollections$Set12::<init> (53 bytes)
Event: 40.081 Thread 0x00000267a8787380 nmethod 4154 0x00000267ac2c9310 code [0x00000267ac2c95c0, 0x00000267ac2ca180]

GC Heap History (20 events):
Event: 7.263 GC heap before
{Heap before GC invocations=1 (full 0):
 PSYoungGen      total 29696K, used 25600K [0x00000000d5580000, 0x00000000d7680000, 0x0000000100000000)
  eden space 25600K, 100% used [0x00000000d5580000,0x00000000d6e80000,0x00000000d6e80000)
  from space 4096K, 0% used [0x00000000d7280000,0x00000000d7280000,0x00000000d7680000)
  to   space 4096K, 0% used [0x00000000d6e80000,0x00000000d6e80000,0x00000000d7280000)
 ParOldGen       total 68608K, used 0K [0x0000000080000000, 0x0000000084300000, 0x00000000d5580000)
  object space 68608K, 0% used [0x0000000080000000,0x0000000080000000,0x0000000084300000)
 Metaspace       used 4369K, committed 4608K, reserved 1114112K
  class space    used 475K, committed 576K, reserved 1048576K
}
Event: 7.274 GC heap after
{Heap after GC invocations=1 (full 0):
 PSYoungGen      total 29696K, used 3303K [0x00000000d5580000, 0x00000000d7680000, 0x0000000100000000)
  eden space 25600K, 0% used [0x00000000d5580000,0x00000000d5580000,0x00000000d6e80000)
  from space 4096K, 80% used [0x00000000d6e80000,0x00000000d71b9e98,0x00000000d7280000)
  to   space 4096K, 0% used [0x00000000d7280000,0x00000000d7280000,0x00000000d7680000)
 ParOldGen       total 68608K, used 16K [0x0000000080000000, 0x0000000084300000, 0x00000000d5580000)
  object space 68608K, 0% used [0x0000000080000000,0x0000000080004000,0x0000000084300000)
 Metaspace       used 4369K, committed 4608K, reserved 1114112K
  class space    used 475K, committed 576K, reserved 1048576K
}
Event: 18.890 GC heap before
{Heap before GC invocations=2 (full 0):
 PSYoungGen      total 29696K, used 28903K [0x00000000d5580000, 0x00000000d7680000, 0x0000000100000000)
  eden space 25600K, 100% used [0x00000000d5580000,0x00000000d6e80000,0x00000000d6e80000)
  from space 4096K, 80% used [0x00000000d6e80000,0x00000000d71b9e98,0x00000000d7280000)
  to   space 4096K, 0% used [0x00000000d7280000,0x00000000d7280000,0x00000000d7680000)
 ParOldGen       total 68608K, used 16K [0x0000000080000000, 0x0000000084300000, 0x00000000d5580000)
  object space 68608K, 0% used [0x0000000080000000,0x0000000080004000,0x0000000084300000)
 Metaspace       used 8057K, committed 8384K, reserved 1114112K
  class space    used 832K, committed 960K, reserved 1048576K
}
Event: 18.900 GC heap after
{Heap after GC invocations=2 (full 0):
 PSYoungGen      total 29696K, used 4080K [0x00000000d5580000, 0x00000000d7680000, 0x0000000100000000)
  eden space 25600K, 0% used [0x00000000d5580000,0x00000000d5580000,0x00000000d6e80000)
  from space 4096K, 99% used [0x00000000d7280000,0x00000000d767c148,0x00000000d7680000)
  to   space 4096K, 0% used [0x00000000d6e80000,0x00000000d6e80000,0x00000000d7280000)
 ParOldGen       total 68608K, used 1975K [0x0000000080000000, 0x0000000084300000, 0x00000000d5580000)
  object space 68608K, 2% used [0x0000000080000000,0x00000000801edc90,0x0000000084300000)
 Metaspace       used 8057K, committed 8384K, reserved 1114112K
  class space    used 832K, committed 960K, reserved 1048576K
}
Event: 21.816 GC heap before
{Heap before GC invocations=3 (full 0):
 PSYoungGen      total 29696K, used 29519K [0x00000000d5580000, 0x00000000d7680000, 0x0000000100000000)
  eden space 25600K, 99% used [0x00000000d5580000,0x00000000d6e57b08,0x00000000d6e80000)
  from space 4096K, 99% used [0x00000000d7280000,0x00000000d767c148,0x00000000d7680000)
  to   space 4096K, 0% used [0x00000000d6e80000,0x00000000d6e80000,0x00000000d7280000)
 ParOldGen       total 68608K, used 1975K [0x0000000080000000, 0x0000000084300000, 0x00000000d5580000)
  object space 68608K, 2% used [0x0000000080000000,0x00000000801edc90,0x0000000084300000)
 Metaspace       used 9503K, committed 9856K, reserved 1114112K
  class space    used 1006K, committed 1152K, reserved 1048576K
}
Event: 21.827 GC heap after
{Heap after GC invocations=3 (full 0):
 PSYoungGen      total 29696K, used 4082K [0x00000000d5580000, 0x00000000d7680000, 0x0000000100000000)
  eden space 25600K, 0% used [0x00000000d5580000,0x00000000d5580000,0x00000000d6e80000)
  from space 4096K, 99% used [0x00000000d6e80000,0x00000000d727cb70,0x00000000d7280000)
  to   space 4096K, 0% used [0x00000000d7280000,0x00000000d7280000,0x00000000d7680000)
 ParOldGen       total 68608K, used 5044K [0x0000000080000000, 0x0000000084300000, 0x00000000d5580000)
  object space 68608K, 7% used [0x0000000080000000,0x00000000804ed290,0x0000000084300000)
 Metaspace       used 9503K, committed 9856K, reserved 1114112K
  class space    used 1006K, committed 1152K, reserved 1048576K
}
Event: 25.691 GC heap before
{Heap before GC invocations=4 (full 0):
 PSYoungGen      total 29696K, used 29682K [0x00000000d5580000, 0x00000000d7680000, 0x0000000100000000)
  eden space 25600K, 100% used [0x00000000d5580000,0x00000000d6e80000,0x00000000d6e80000)
  from space 4096K, 99% used [0x00000000d6e80000,0x00000000d727cb70,0x00000000d7280000)
  to   space 4096K, 0% used [0x00000000d7280000,0x00000000d7280000,0x00000000d7680000)
 ParOldGen       total 68608K, used 5044K [0x0000000080000000, 0x0000000084300000, 0x00000000d5580000)
  object space 68608K, 7% used [0x0000000080000000,0x00000000804ed290,0x0000000084300000)
 Metaspace       used 11795K, committed 12160K, reserved 1114112K
  class space    used 1236K, committed 1408K, reserved 1048576K
}
Event: 25.704 GC heap after
{Heap after GC invocations=4 (full 0):
 PSYoungGen      total 29696K, used 4079K [0x00000000d5580000, 0x00000000d7680000, 0x0000000100000000)
  eden space 25600K, 0% used [0x00000000d5580000,0x00000000d5580000,0x00000000d6e80000)
  from space 4096K, 99% used [0x00000000d7280000,0x00000000d767bec0,0x00000000d7680000)
  to   space 4096K, 0% used [0x00000000d6e80000,0x00000000d6e80000,0x00000000d7280000)
 ParOldGen       total 68608K, used 6729K [0x0000000080000000, 0x0000000084300000, 0x00000000d5580000)
  object space 68608K, 9% used [0x0000000080000000,0x0000000080692430,0x0000000084300000)
 Metaspace       used 11795K, committed 12160K, reserved 1114112K
  class space    used 1236K, committed 1408K, reserved 1048576K
}
Event: 27.459 GC heap before
{Heap before GC invocations=5 (full 0):
 PSYoungGen      total 29696K, used 29679K [0x00000000d5580000, 0x00000000d7680000, 0x0000000100000000)
  eden space 25600K, 100% used [0x00000000d5580000,0x00000000d6e80000,0x00000000d6e80000)
  from space 4096K, 99% used [0x00000000d7280000,0x00000000d767bec0,0x00000000d7680000)
  to   space 4096K, 0% used [0x00000000d6e80000,0x00000000d6e80000,0x00000000d7280000)
 ParOldGen       total 68608K, used 6729K [0x0000000080000000, 0x0000000084300000, 0x00000000d5580000)
  object space 68608K, 9% used [0x0000000080000000,0x0000000080692430,0x0000000084300000)
 Metaspace       used 14948K, committed 15488K, reserved 1114112K
  class space    used 1513K, committed 1728K, reserved 1048576K
}
Event: 27.468 GC heap after
{Heap after GC invocations=5 (full 0):
 PSYoungGen      total 29184K, used 4066K [0x00000000d5580000, 0x00000000d7900000, 0x0000000100000000)
  eden space 25088K, 0% used [0x00000000d5580000,0x00000000d5580000,0x00000000d6e00000)
  from space 4096K, 99% used [0x00000000d6e80000,0x00000000d7278b40,0x00000000d7280000)
  to   space 5632K, 0% used [0x00000000d7380000,0x00000000d7380000,0x00000000d7900000)
 ParOldGen       total 68608K, used 7629K [0x0000000080000000, 0x0000000084300000, 0x00000000d5580000)
  object space 68608K, 11% used [0x0000000080000000,0x0000000080773668,0x0000000084300000)
 Metaspace       used 14948K, committed 15488K, reserved 1114112K
  class space    used 1513K, committed 1728K, reserved 1048576K
}
Event: 33.633 GC heap before
{Heap before GC invocations=6 (full 0):
 PSYoungGen      total 29184K, used 29154K [0x00000000d5580000, 0x00000000d7900000, 0x0000000100000000)
  eden space 25088K, 100% used [0x00000000d5580000,0x00000000d6e00000,0x00000000d6e00000)
  from space 4096K, 99% used [0x00000000d6e80000,0x00000000d7278b40,0x00000000d7280000)
  to   space 5632K, 0% used [0x00000000d7380000,0x00000000d7380000,0x00000000d7900000)
 ParOldGen       total 68608K, used 7629K [0x0000000080000000, 0x0000000084300000, 0x00000000d5580000)
  object space 68608K, 11% used [0x0000000080000000,0x0000000080773668,0x0000000084300000)
 Metaspace       used 17953K, committed 18624K, reserved 1114112K
  class space    used 1849K, committed 2112K, reserved 1048576K
}
Event: 33.671 GC heap after
{Heap after GC invocations=6 (full 0):
 PSYoungGen      total 29696K, used 4805K [0x00000000d5580000, 0x00000000d7880000, 0x0000000100000000)
  eden space 24576K, 0% used [0x00000000d5580000,0x00000000d5580000,0x00000000d6d80000)
  from space 5120K, 93% used [0x00000000d7380000,0x00000000d7831548,0x00000000d7880000)
  to   space 5120K, 0% used [0x00000000d6e80000,0x00000000d6e80000,0x00000000d7380000)
 ParOldGen       total 68608K, used 7637K [0x0000000080000000, 0x0000000084300000, 0x00000000d5580000)
  object space 68608K, 11% used [0x0000000080000000,0x0000000080775668,0x0000000084300000)
 Metaspace       used 17953K, committed 18624K, reserved 1114112K
  class space    used 1849K, committed 2112K, reserved 1048576K
}
Event: 38.007 GC heap before
{Heap before GC invocations=7 (full 0):
 PSYoungGen      total 29696K, used 29381K [0x00000000d5580000, 0x00000000d7880000, 0x0000000100000000)
  eden space 24576K, 100% used [0x00000000d5580000,0x00000000d6d80000,0x00000000d6d80000)
  from space 5120K, 93% used [0x00000000d7380000,0x00000000d7831548,0x00000000d7880000)
  to   space 5120K, 0% used [0x00000000d6e80000,0x00000000d6e80000,0x00000000d7380000)
 ParOldGen       total 68608K, used 7637K [0x0000000080000000, 0x0000000084300000, 0x00000000d5580000)
  object space 68608K, 11% used [0x0000000080000000,0x0000000080775668,0x0000000084300000)
 Metaspace       used 20517K, committed 21248K, reserved 1114112K
  class space    used 2110K, committed 2432K, reserved 1048576K
}
Event: 38.022 GC heap after
{Heap after GC invocations=7 (full 0):
 PSYoungGen      total 28672K, used 4385K [0x00000000d5580000, 0x00000000d7600000, 0x0000000100000000)
  eden space 24064K, 0% used [0x00000000d5580000,0x00000000d5580000,0x00000000d6d00000)
  from space 4608K, 95% used [0x00000000d6e80000,0x00000000d72c8570,0x00000000d7300000)
  to   space 3072K, 0% used [0x00000000d7300000,0x00000000d7300000,0x00000000d7600000)
 ParOldGen       total 68608K, used 9308K [0x0000000080000000, 0x0000000084300000, 0x00000000d5580000)
  object space 68608K, 13% used [0x0000000080000000,0x0000000080917330,0x0000000084300000)
 Metaspace       used 20517K, committed 21248K, reserved 1114112K
  class space    used 2110K, committed 2432K, reserved 1048576K
}
Event: 38.129 GC heap before
{Heap before GC invocations=8 (full 0):
 PSYoungGen      total 28672K, used 5903K [0x00000000d5580000, 0x00000000d7600000, 0x0000000100000000)
  eden space 24064K, 6% used [0x00000000d5580000,0x00000000d56fb978,0x00000000d6d00000)
  from space 4608K, 95% used [0x00000000d6e80000,0x00000000d72c8570,0x00000000d7300000)
  to   space 3072K, 0% used [0x00000000d7300000,0x00000000d7300000,0x00000000d7600000)
 ParOldGen       total 68608K, used 9308K [0x0000000080000000, 0x0000000084300000, 0x00000000d5580000)
  object space 68608K, 13% used [0x0000000080000000,0x0000000080917330,0x0000000084300000)
 Metaspace       used 20767K, committed 21504K, reserved 1114112K
  class space    used 2138K, committed 2496K, reserved 1048576K
}
Event: 38.134 GC heap after
{Heap after GC invocations=8 (full 0):
 PSYoungGen      total 27136K, used 3043K [0x00000000d5580000, 0x00000000d7600000, 0x0000000100000000)
  eden space 24064K, 0% used [0x00000000d5580000,0x00000000d5580000,0x00000000d6d00000)
  from space 3072K, 99% used [0x00000000d7300000,0x00000000d75f8e68,0x00000000d7600000)
  to   space 4608K, 0% used [0x00000000d6d00000,0x00000000d6d00000,0x00000000d7180000)
 ParOldGen       total 68608K, used 10629K [0x0000000080000000, 0x0000000084300000, 0x00000000d5580000)
  object space 68608K, 15% used [0x0000000080000000,0x0000000080a61498,0x0000000084300000)
 Metaspace       used 20767K, committed 21504K, reserved 1114112K
  class space    used 2138K, committed 2496K, reserved 1048576K
}
Event: 38.134 GC heap before
{Heap before GC invocations=9 (full 1):
 PSYoungGen      total 27136K, used 3043K [0x00000000d5580000, 0x00000000d7600000, 0x0000000100000000)
  eden space 24064K, 0% used [0x00000000d5580000,0x00000000d5580000,0x00000000d6d00000)
  from space 3072K, 99% used [0x00000000d7300000,0x00000000d75f8e68,0x00000000d7600000)
  to   space 4608K, 0% used [0x00000000d6d00000,0x00000000d6d00000,0x00000000d7180000)
 ParOldGen       total 68608K, used 10629K [0x0000000080000000, 0x0000000084300000, 0x00000000d5580000)
  object space 68608K, 15% used [0x0000000080000000,0x0000000080a61498,0x0000000084300000)
 Metaspace       used 20767K, committed 21504K, reserved 1114112K
  class space    used 2138K, committed 2496K, reserved 1048576K
}
Event: 38.211 GC heap after
{Heap after GC invocations=9 (full 1):
 PSYoungGen      total 27136K, used 0K [0x00000000d5580000, 0x00000000d7600000, 0x0000000100000000)
  eden space 24064K, 0% used [0x00000000d5580000,0x00000000d5580000,0x00000000d6d00000)
  from space 3072K, 0% used [0x00000000d7300000,0x00000000d7300000,0x00000000d7600000)
  to   space 4608K, 0% used [0x00000000d6d00000,0x00000000d6d00000,0x00000000d7180000)
 ParOldGen       total 68608K, used 12980K [0x0000000080000000, 0x0000000084300000, 0x00000000d5580000)
  object space 68608K, 18% used [0x0000000080000000,0x0000000080cad2d0,0x0000000084300000)
 Metaspace       used 20754K, committed 21504K, reserved 1114112K
  class space    used 2135K, committed 2496K, reserved 1048576K
}
Event: 39.293 GC heap before
{Heap before GC invocations=10 (full 1):
 PSYoungGen      total 27136K, used 24064K [0x00000000d5580000, 0x00000000d7600000, 0x0000000100000000)
  eden space 24064K, 100% used [0x00000000d5580000,0x00000000d6d00000,0x00000000d6d00000)
  from space 3072K, 0% used [0x00000000d7300000,0x00000000d7300000,0x00000000d7600000)
  to   space 4608K, 0% used [0x00000000d6d00000,0x00000000d6d00000,0x00000000d7180000)
 ParOldGen       total 68608K, used 12980K [0x0000000080000000, 0x0000000084300000, 0x00000000d5580000)
  object space 68608K, 18% used [0x0000000080000000,0x0000000080cad2d0,0x0000000084300000)
 Metaspace       used 23165K, committed 24000K, reserved 1114112K
  class space    used 2314K, committed 2688K, reserved 1048576K
}
Event: 39.295 GC heap after
{Heap after GC invocations=10 (full 1):
 PSYoungGen      total 28160K, used 639K [0x00000000d5580000, 0x00000000d7380000, 0x0000000100000000)
  eden space 23552K, 0% used [0x00000000d5580000,0x00000000d5580000,0x00000000d6c80000)
  from space 4608K, 13% used [0x00000000d6d00000,0x00000000d6d9ff10,0x00000000d7180000)
  to   space 2048K, 0% used [0x00000000d7180000,0x00000000d7180000,0x00000000d7380000)
 ParOldGen       total 68608K, used 12988K [0x0000000080000000, 0x0000000084300000, 0x00000000d5580000)
  object space 68608K, 18% used [0x0000000080000000,0x0000000080caf2d0,0x0000000084300000)
 Metaspace       used 23165K, committed 24000K, reserved 1114112K
  class space    used 2314K, committed 2688K, reserved 1048576K
}

Dll operation events (20 events):
Event: 2.539 Attempting to load shared library c:\Users\Randani\.vscode\extensions\redhat.java-1.56.0-win32-x64\jre\21.0.12.1-win32-x86_64\bin\zip.dll
Event: 2.541 Loaded shared library c:\Users\Randani\.vscode\extensions\redhat.java-1.56.0-win32-x64\jre\21.0.12.1-win32-x86_64\bin\zip.dll
Event: 2.924 Attempting to load shared library C:\Users\Randani\.vscode\extensions\redhat.java-1.56.0-win32-x64\jre\21.0.12.1-win32-x86_64\bin\instrument.dll
Event: 2.925 Loaded shared library C:\Users\Randani\.vscode\extensions\redhat.java-1.56.0-win32-x64\jre\21.0.12.1-win32-x86_64\bin\instrument.dll
Event: 2.940 Attempting to load shared library C:\Users\Randani\.vscode\extensions\redhat.java-1.56.0-win32-x64\jre\21.0.12.1-win32-x86_64\bin\net.dll
Event: 2.995 Loaded shared library C:\Users\Randani\.vscode\extensions\redhat.java-1.56.0-win32-x64\jre\21.0.12.1-win32-x86_64\bin\net.dll
Event: 3.029 Attempting to load shared library C:\Users\Randani\.vscode\extensions\redhat.java-1.56.0-win32-x64\jre\21.0.12.1-win32-x86_64\bin\nio.dll
Event: 3.031 Loaded shared library C:\Users\Randani\.vscode\extensions\redhat.java-1.56.0-win32-x64\jre\21.0.12.1-win32-x86_64\bin\nio.dll
Event: 3.049 Attempting to load shared library C:\Users\Randani\.vscode\extensions\redhat.java-1.56.0-win32-x64\jre\21.0.12.1-win32-x86_64\bin\zip.dll
Event: 3.049 Loaded shared library C:\Users\Randani\.vscode\extensions\redhat.java-1.56.0-win32-x64\jre\21.0.12.1-win32-x86_64\bin\zip.dll
Event: 3.171 Attempting to load shared library C:\Users\Randani\.vscode\extensions\redhat.java-1.56.0-win32-x64\jre\21.0.12.1-win32-x86_64\bin\jimage.dll
Event: 3.171 Loaded shared library C:\Users\Randani\.vscode\extensions\redhat.java-1.56.0-win32-x64\jre\21.0.12.1-win32-x86_64\bin\jimage.dll
Event: 3.897 Attempting to load shared library c:\Users\Randani\.vscode\extensions\redhat.java-1.56.0-win32-x64\jre\21.0.12.1-win32-x86_64\bin\verify.dll
Event: 3.899 Loaded shared library c:\Users\Randani\.vscode\extensions\redhat.java-1.56.0-win32-x64\jre\21.0.12.1-win32-x86_64\bin\verify.dll
Event: 19.105 Attempting to load shared library C:\Users\Randani\AppData\Roaming\Code\User\globalStorage\redhat.java\1.56.0\config_win\org.eclipse.equinox.launcher\org.eclipse.equinox.launcher.win32.win32.x86_64_1.3.100.v20260804-1928\eclipse_11924.dll
Event: 19.136 Loaded shared library C:\Users\Randani\AppData\Roaming\Code\User\globalStorage\redhat.java\1.56.0\config_win\org.eclipse.equinox.launcher\org.eclipse.equinox.launcher.win32.win32.x86_64_1.3.100.v20260804-1928\eclipse_11924.dll
Event: 27.968 Attempting to load shared library C:\Users\Randani\.vscode\extensions\redhat.java-1.56.0-win32-x64\jre\21.0.12.1-win32-x86_64\bin\management.dll
Event: 27.968 Loaded shared library C:\Users\Randani\.vscode\extensions\redhat.java-1.56.0-win32-x64\jre\21.0.12.1-win32-x86_64\bin\management.dll
Event: 28.026 Attempting to load shared library C:\Users\Randani\.vscode\extensions\redhat.java-1.56.0-win32-x64\jre\21.0.12.1-win32-x86_64\bin\management_ext.dll
Event: 28.076 Loaded shared library C:\Users\Randani\.vscode\extensions\redhat.java-1.56.0-win32-x64\jre\21.0.12.1-win32-x86_64\bin\management_ext.dll

Deoptimization events (20 events):
Event: 38.923 Thread 0x0000026805cd8080 Uncommon trap: trap_request=0xffffffde fr.pc=0x00000267b36b32b8 relative=0x00000000000000f8
Event: 38.923 Thread 0x0000026805cd8080 Uncommon trap: reason=class_check action=maybe_recompile pc=0x00000267b36b32b8 method=java.lang.Character.codePointAt(Ljava/lang/CharSequence;I)I @ 2 c2
Event: 38.923 Thread 0x0000026805cd8080 DEOPT PACKING pc=0x00000267b36b32b8 sp=0x000000d6b96fea80
Event: 38.923 Thread 0x0000026805cd8080 DEOPT UNPACKING pc=0x00000267b2fb3aa2 sp=0x000000d6b96fea08 mode 2
Event: 38.923 Thread 0x0000026805cd8080 Uncommon trap: trap_request=0xffffffde fr.pc=0x00000267b36b32b8 relative=0x00000000000000f8
Event: 38.923 Thread 0x0000026805cd8080 Uncommon trap: reason=class_check action=maybe_recompile pc=0x00000267b36b32b8 method=java.lang.Character.codePointAt(Ljava/lang/CharSequence;I)I @ 2 c2
Event: 38.923 Thread 0x0000026805cd8080 DEOPT PACKING pc=0x00000267b36b32b8 sp=0x000000d6b96fea80
Event: 38.923 Thread 0x0000026805cd8080 DEOPT UNPACKING pc=0x00000267b2fb3aa2 sp=0x000000d6b96fea08 mode 2
Event: 38.923 Thread 0x0000026805cd8080 Uncommon trap: trap_request=0xffffffde fr.pc=0x00000267b36b32b8 relative=0x00000000000000f8
Event: 38.923 Thread 0x0000026805cd8080 Uncommon trap: reason=class_check action=maybe_recompile pc=0x00000267b36b32b8 method=java.lang.Character.codePointAt(Ljava/lang/CharSequence;I)I @ 2 c2
Event: 38.923 Thread 0x0000026805cd8080 DEOPT PACKING pc=0x00000267b36b32b8 sp=0x000000d6b96fea80
Event: 38.923 Thread 0x0000026805cd8080 DEOPT UNPACKING pc=0x00000267b2fb3aa2 sp=0x000000d6b96fea08 mode 2
Event: 38.923 Thread 0x0000026805cd8080 Uncommon trap: trap_request=0xffffffde fr.pc=0x00000267b36b32b8 relative=0x00000000000000f8
Event: 38.923 Thread 0x0000026805cd8080 Uncommon trap: reason=class_check action=maybe_recompile pc=0x00000267b36b32b8 method=java.lang.Character.codePointAt(Ljava/lang/CharSequence;I)I @ 2 c2
Event: 38.923 Thread 0x0000026805cd8080 DEOPT PACKING pc=0x00000267b36b32b8 sp=0x000000d6b96fea80
Event: 38.923 Thread 0x0000026805cd8080 DEOPT UNPACKING pc=0x00000267b2fb3aa2 sp=0x000000d6b96fea08 mode 2
Event: 38.923 Thread 0x0000026805cd8080 Uncommon trap: trap_request=0xffffff76 fr.pc=0x00000267b3699800 relative=0x0000000000000380
Event: 38.923 Thread 0x0000026805cd8080 Uncommon trap: reason=predicate action=maybe_recompile pc=0x00000267b3699800 method=java.util.regex.Pattern$BmpCharPropertyGreedy.match(Ljava/util/regex/Matcher;ILjava/lang/CharSequence;)Z @ 12 c2
Event: 38.923 Thread 0x0000026805cd8080 DEOPT PACKING pc=0x00000267b3699800 sp=0x000000d6b96fe9c0
Event: 38.923 Thread 0x0000026805cd8080 DEOPT UNPACKING pc=0x00000267b2fb3aa2 sp=0x000000d6b96fe968 mode 2

Classes loaded (20 events):
Event: 40.067 Loading class sun/reflect/generics/repository/AbstractRepository
Event: 40.067 Loading class sun/reflect/generics/repository/AbstractRepository done
Event: 40.067 Loading class sun/reflect/generics/repository/GenericDeclRepository done
Event: 40.067 Loading class sun/reflect/generics/repository/ClassRepository done
Event: 40.067 Loading class sun/reflect/generics/tree/FormalTypeParameter
Event: 40.068 Loading class sun/reflect/generics/tree/FormalTypeParameter done
Event: 40.068 Loading class sun/reflect/generics/tree/ClassSignature
Event: 40.068 Loading class sun/reflect/generics/tree/Signature
Event: 40.068 Loading class sun/reflect/generics/tree/Signature done
Event: 40.068 Loading class sun/reflect/generics/tree/ClassSignature done
Event: 40.068 Loading class sun/reflect/annotation/TypeAnnotation$TypeAnnotationTarget
Event: 40.068 Loading class sun/reflect/annotation/TypeAnnotation$TypeAnnotationTarget done
Event: 40.068 Loading class sun/reflect/annotation/TypeAnnotation$LocationInfo
Event: 40.068 Loading class sun/reflect/annotation/TypeAnnotation$LocationInfo done
Event: 40.069 Loading class sun/reflect/annotation/TypeAnnotation$LocationInfo$Location
Event: 40.069 Loading class sun/reflect/annotation/TypeAnnotation$LocationInfo$Location done
Event: 40.069 Loading class sun/reflect/annotation/AnnotatedTypeFactory
Event: 40.069 Loading class sun/reflect/annotation/AnnotatedTypeFactory done
Event: 40.069 Loading class sun/reflect/annotation/AnnotatedTypeFactory$AnnotatedTypeBaseImpl
Event: 40.077 Loading class sun/reflect/annotation/AnnotatedTypeFactory$AnnotatedTypeBaseImpl done

Classes unloaded (7 events):
Event: 38.146 Thread 0x00000267a86f01a0 Unloading class 0x00000267c11ac800 'java/lang/invoke/LambdaForm$MH+0x00000267c11ac800'
Event: 38.146 Thread 0x00000267a86f01a0 Unloading class 0x00000267c11ac400 'java/lang/invoke/LambdaForm$MH+0x00000267c11ac400'
Event: 38.146 Thread 0x00000267a86f01a0 Unloading class 0x00000267c11ac000 'java/lang/invoke/LambdaForm$MH+0x00000267c11ac000'
Event: 38.146 Thread 0x00000267a86f01a0 Unloading class 0x00000267c11abc00 'java/lang/invoke/LambdaForm$MH+0x00000267c11abc00'
Event: 38.146 Thread 0x00000267a86f01a0 Unloading class 0x00000267c11ab800 'java/lang/invoke/LambdaForm$BMH+0x00000267c11ab800'
Event: 38.146 Thread 0x00000267a86f01a0 Unloading class 0x00000267c11ab400 'java/lang/invoke/LambdaForm$DMH+0x00000267c11ab400'
Event: 38.146 Thread 0x00000267a86f01a0 Unloading class 0x00000267c11aa000 'java/lang/invoke/LambdaForm$DMH+0x00000267c11aa000'

Classes redefined (0 events):
No events

Internal exceptions (20 events):
Event: 37.830 Thread 0x00000268051d4330 Exception <a 'java/lang/NoSuchMethodError'{0x00000000d6aa5298}: 'double java.lang.invoke.DirectMethodHandle$Holder.invokeStaticInit(java.lang.Object, java.lang.Object)'> (0x00000000d6aa5298) 
thrown [s\src\hotspot\share\interpreter\linkResolver.cpp, line 773]
Event: 38.798 Thread 0x0000026805cd79f0 Exception <a 'java/lang/NoSuchMethodError'{0x00000000d62eb008}: 'java.lang.Object java.lang.invoke.DirectMethodHandle$Holder.invokeStaticInit(java.lang.Object, java.lang.Object, java.lang.Object, java.lang.Object, java.lang.Object, java.lang.Object, java.lang.Object)'> (0x00000000d62eb008) 
thrown [s\src\hotspot\share\interpreter\linkResolver.cpp, line 773]
Event: 38.799 Thread 0x0000026805cd79f0 Exception <a 'java/lang/NoSuchMethodError'{0x00000000d62ef7e0}: 'java.lang.Object java.lang.invoke.Invokers$Holder.invoke_MT(java.lang.Object, java.lang.Object, java.lang.Object, java.lang.Object, java.lang.Object, java.lang.Object, java.lang.Object, java.lang.Object, java.lang.Object)'> (0x00000000d62ef7e0) 
thrown [s\src\hotspot\share\interpreter\linkResolver.cpp, line 773]
Event: 38.818 Thread 0x0000026805cd79f0 Exception <a 'java/lang/NoSuchMethodError'{0x00000000d632f338}: 'int java.lang.invoke.DirectMethodHandle$Holder.invokeVirtual(java.lang.Object, java.lang.Object, java.lang.Object)'> (0x00000000d632f338) 
thrown [s\src\hotspot\share\interpreter\linkResolver.cpp, line 773]
Event: 38.819 Thread 0x0000026805cd79f0 Exception <a 'java/lang/NoSuchMethodError'{0x00000000d6333370}: 'int java.lang.invoke.DirectMethodHandle$Holder.invokeStaticInit(java.lang.Object, java.lang.Object, java.lang.Object)'> (0x00000000d6333370) 
thrown [s\src\hotspot\share\interpreter\linkResolver.cpp, line 773]
Event: 38.820 Thread 0x0000026805cd79f0 Exception <a 'java/lang/NoSuchMethodError'{0x00000000d6336a30}: 'int java.lang.invoke.DirectMethodHandle$Holder.invokeStaticInit(java.lang.Object, int, int)'> (0x00000000d6336a30) 
thrown [s\src\hotspot\share\interpreter\linkResolver.cpp, line 773]
Event: 38.821 Thread 0x0000026805cd79f0 Exception <a 'java/lang/NoSuchMethodError'{0x00000000d633e130}: 'int java.lang.invoke.DirectMethodHandle$Holder.invokeStaticInit(java.lang.Object, long, long)'> (0x00000000d633e130) 
thrown [s\src\hotspot\share\interpreter\linkResolver.cpp, line 773]
Event: 38.823 Thread 0x0000026805cd79f0 Exception <a 'java/lang/NoSuchMethodError'{0x00000000d6344d18}: 'int java.lang.invoke.DirectMethodHandle$Holder.invokeStaticInit(java.lang.Object, float, float)'> (0x00000000d6344d18) 
thrown [s\src\hotspot\share\interpreter\linkResolver.cpp, line 773]
Event: 38.824 Thread 0x0000026805cd79f0 Exception <a 'java/lang/NoSuchMethodError'{0x00000000d634b900}: 'int java.lang.invoke.DirectMethodHandle$Holder.invokeStaticInit(java.lang.Object, double, double)'> (0x00000000d634b900) 
thrown [s\src\hotspot\share\interpreter\linkResolver.cpp, line 773]
Event: 38.824 Thread 0x0000026805cd79f0 Exception <a 'java/lang/NoSuchMethodError'{0x00000000d634ff88}: 'int java.lang.invoke.DirectMethodHandle$Holder.invokeStatic(java.lang.Object, long)'> (0x00000000d634ff88) 
thrown [s\src\hotspot\share\interpreter\linkResolver.cpp, line 773]
Event: 38.887 Thread 0x0000026805cd79f0 Exception <a 'java/lang/NoSuchMethodError'{0x00000000d64036b0}: 'int java.lang.invoke.Invokers$Holder.linkToTargetMethod(java.lang.Object, java.lang.Object)'> (0x00000000d64036b0) 
thrown [s\src\hotspot\share\interpreter\linkResolver.cpp, line 773]
Event: 38.887 Thread 0x0000026805cd8080 Exception <a 'java/lang/NoSuchMethodError'{0x00000000d63fbe38}: 'int java.lang.invoke.Invokers$Holder.linkToTargetMethod(java.lang.Object, java.lang.Object)'> (0x00000000d63fbe38) 
thrown [s\src\hotspot\share\interpreter\linkResolver.cpp, line 773]
Event: 38.890 Thread 0x0000026805cd79f0 Exception <a 'java/lang/NoSuchMethodError'{0x00000000d641e758}: 'int java.lang.invoke.DirectMethodHandle$Holder.invokeSpecial(java.lang.Object, java.lang.Object, java.lang.Object, java.lang.Object)'> (0x00000000d641e758) 
thrown [s\src\hotspot\share\interpreter\linkResolver.cpp, line 773]
Event: 38.891 Thread 0x00000268051d4330 Exception <a 'java/io/FileNotFoundException'{0x00000000d63a0258}> (0x00000000d63a0258) 
thrown [s\src\hotspot\share\prims\jni.cpp, line 520]
Event: 38.891 Thread 0x00000268051d4330 Exception <a 'java/io/FileNotFoundException'{0x00000000d63a10a0}> (0x00000000d63a10a0) 
thrown [s\src\hotspot\share\prims\jni.cpp, line 520]
Event: 38.891 Thread 0x00000268051d4330 Exception <a 'java/io/FileNotFoundException'{0x00000000d63a1ff0}> (0x00000000d63a1ff0) 
thrown [s\src\hotspot\share\prims\jni.cpp, line 520]
Event: 38.897 Thread 0x0000026805cd79f0 Exception <a 'java/lang/NoSuchMethodError'{0x00000000d6449600}: 'java.lang.Object java.lang.invoke.DirectMethodHandle$Holder.invokeStatic(java.lang.Object, int, java.lang.Object, java.lang.Object)'> (0x00000000d6449600) 
thrown [s\src\hotspot\share\interpreter\linkResolver.cpp, line 773]
Event: 38.897 Thread 0x0000026805cd79f0 Exception <a 'java/lang/NoSuchMethodError'{0x00000000d6455b08}: 'java.lang.Object java.lang.invoke.DelegatingMethodHandle$Holder.delegate(java.lang.Object, int, java.lang.Object, java.lang.Object)'> (0x00000000d6455b08) 
thrown [s\src\hotspot\share\interpreter\linkResolver.cpp, line 773]
Event: 38.902 Thread 0x0000026805cd79f0 Exception <a 'java/lang/NoSuchMethodError'{0x00000000d647b350}: 'int java.lang.invoke.Invokers$Holder.linkToTargetMethod(java.lang.Object, java.lang.Object, java.lang.Object)'> (0x00000000d647b350) 
thrown [s\src\hotspot\share\interpreter\linkResolver.cpp, line 773]
Event: 39.047 Thread 0x0000026805cd8080 Exception <a 'java/lang/NoSuchMethodError'{0x00000000d66cb538}: 'java.lang.Object java.lang.invoke.DirectMethodHandle$Holder.invokeSpecialIFC(java.lang.Object, java.lang.Object, java.lang.Object, java.lang.Object)'> (0x00000000d66cb538) 
thrown [s\src\hotspot\share\interpreter\linkResolver.cpp, line 773]

ZGC Phase Switch (0 events):
No events

VM Operations (20 events):
Event: 33.068 Executing safepoint VM operation: Cleanup
Event: 33.146 Executing safepoint VM operation: Cleanup done
Event: 33.633 Executing safepoint VM operation: ParallelGCFailedAllocation (Allocation Failure)
Event: 33.671 Executing safepoint VM operation: ParallelGCFailedAllocation (Allocation Failure) done
Event: 34.687 Executing safepoint VM operation: Cleanup
Event: 34.687 Executing safepoint VM operation: Cleanup done
Event: 35.691 Executing safepoint VM operation: Cleanup
Event: 35.719 Executing safepoint VM operation: Cleanup done
Event: 36.726 Executing safepoint VM operation: Cleanup
Event: 36.824 Executing safepoint VM operation: Cleanup done
Event: 37.838 Executing safepoint VM operation: Cleanup
Event: 37.839 Executing safepoint VM operation: Cleanup done
Event: 38.007 Executing safepoint VM operation: ParallelGCFailedAllocation (Allocation Failure)
Event: 38.022 Executing safepoint VM operation: ParallelGCFailedAllocation (Allocation Failure) done
Event: 38.129 Executing safepoint VM operation: CollectForMetadataAllocation (Metadata GC Threshold)
Event: 38.211 Executing safepoint VM operation: CollectForMetadataAllocation (Metadata GC Threshold) done
Event: 38.897 Executing non-safepoint VM operation: HandshakeAllThreads (Deoptimize)
Event: 38.897 Executing non-safepoint VM operation: HandshakeAllThreads (Deoptimize) done
Event: 39.293 Executing safepoint VM operation: ParallelGCFailedAllocation (Allocation Failure)
Event: 39.295 Executing safepoint VM operation: ParallelGCFailedAllocation (Allocation Failure) done

Memory protections (0 events):
No events

Nmethod flushes (0 events):
No events

Events (20 events):
Event: 0.991 Thread 0x00000267a88205f0 Thread added: 0x00000267a870a390
Event: 0.992 Thread 0x00000267a88205f0 Thread added: 0x00000267a870be80
Event: 0.992 Thread 0x00000267a88205f0 Thread added: 0x00000267a870cda0
Event: 0.992 Thread 0x00000267a88205f0 Thread added: 0x00000267a870dcc0
Event: 0.992 Thread 0x00000267a88205f0 Thread added: 0x00000267a8711740
Event: 0.992 Thread 0x00000267a88205f0 Thread added: 0x00000267a8712580
Event: 1.418 Thread 0x00000267a88205f0 Thread added: 0x00000267a8787380
Event: 2.936 Thread 0x00000267a88205f0 Thread added: 0x00000268050ffe90
Event: 4.708 Thread 0x00000267a88205f0 Thread added: 0x0000026805272090
Event: 12.786 Thread 0x00000267a88205f0 Thread added: 0x0000026805454730
Event: 19.042 Thread 0x00000267a88205f0 Thread added: 0x00000268051ea020
Event: 19.337 Thread 0x00000268051ea020 Thread added: 0x00000268051e0030
Event: 19.438 Thread 0x00000267a88205f0 Thread added: 0x00000268051d4330
Event: 22.208 Thread 0x00000268051d4330 Thread added: 0x0000026805bded90
Event: 25.224 Thread 0x00000268051d4330 Thread added: 0x00000268060a61c0
Event: 27.154 Thread 0x00000268051d4330 Thread added: 0x0000026805b616e0
Event: 28.917 Thread 0x00000268051d4330 Thread added: 0x0000026805cd8080
Event: 29.356 Thread 0x0000026805cd8080 Thread added: 0x0000026805cd79f0
Event: 38.767 Thread 0x0000026805cd8080 Thread added: 0x0000026805cd6cd0
Event: 39.042 Thread 0x0000026805cd6cd0 Thread added: 0x0000026805cd8da0


Dynamic libraries:
0x00007ff782460000 - 0x00007ff78246e000 	c:\Users\Randani\.vscode\extensions\redhat.java-1.56.0-win32-x64\jre\21.0.12.1-win32-x86_64\bin\java.exe
0x00007ff8d19f0000 - 0x00007ff8d1be8000 	C:\WINDOWS\SYSTEM32\ntdll.dll
0x00007ff8d0c30000 - 0x00007ff8d0cf2000 	C:\WINDOWS\System32\KERNEL32.DLL
0x00007ff8cf230000 - 0x00007ff8cf526000 	C:\WINDOWS\System32\KERNELBASE.dll
0x00007ff8cf090000 - 0x00007ff8cf190000 	C:\WINDOWS\System32\ucrtbase.dll
0x00007ff8bf9a0000 - 0x00007ff8bf9b8000 	c:\Users\Randani\.vscode\extensions\redhat.java-1.56.0-win32-x64\jre\21.0.12.1-win32-x86_64\bin\jli.dll
0x00007ff8d1560000 - 0x00007ff8d16fd000 	C:\WINDOWS\System32\USER32.dll
0x00007ff8cf530000 - 0x00007ff8cf552000 	C:\WINDOWS\System32\win32u.dll
0x00007ff8d0d00000 - 0x00007ff8d0d2b000 	C:\WINDOWS\System32\GDI32.dll
0x00007ff8cf8d0000 - 0x00007ff8cf9e9000 	C:\WINDOWS\System32\gdi32full.dll
0x00007ff8cf190000 - 0x00007ff8cf22d000 	C:\WINDOWS\System32\msvcp_win.dll
0x00007ff8bf4a0000 - 0x00007ff8bf4be000 	c:\Users\Randani\.vscode\extensions\redhat.java-1.56.0-win32-x64\jre\21.0.12.1-win32-x86_64\bin\VCRUNTIME140.dll
0x00007ff8c21c0000 - 0x00007ff8c245b000 	C:\WINDOWS\WinSxS\amd64_microsoft.windows.common-controls_6595b64144ccf1df_6.0.19041.6280_none_60bc30a171f2f3f3\COMCTL32.dll
0x00007ff8cfa20000 - 0x00007ff8cfabe000 	C:\WINDOWS\System32\msvcrt.dll
0x00007ff8d11a0000 - 0x00007ff8d11cf000 	C:\WINDOWS\System32\IMM32.DLL
0x00007ff8cbf20000 - 0x00007ff8cbf2c000 	c:\Users\Randani\.vscode\extensions\redhat.java-1.56.0-win32-x64\jre\21.0.12.1-win32-x86_64\bin\vcruntime140_1.dll
0x00007ff8bf410000 - 0x00007ff8bf49d000 	c:\Users\Randani\.vscode\extensions\redhat.java-1.56.0-win32-x64\jre\21.0.12.1-win32-x86_64\bin\msvcp140.dll
0x00007ff844260000 - 0x00007ff845002000 	c:\Users\Randani\.vscode\extensions\redhat.java-1.56.0-win32-x64\jre\21.0.12.1-win32-x86_64\bin\server\jvm.dll
0x00007ff8d0270000 - 0x00007ff8d0321000 	C:\WINDOWS\System32\ADVAPI32.dll
0x00007ff8cfe60000 - 0x00007ff8cfeff000 	C:\WINDOWS\System32\sechost.dll
0x00007ff8cfbe0000 - 0x00007ff8cfd00000 	C:\WINDOWS\System32\RPCRT4.dll
0x00007ff8cf9f0000 - 0x00007ff8cfa17000 	C:\WINDOWS\System32\bcrypt.dll
0x00007ff8d1940000 - 0x00007ff8d19ab000 	C:\WINDOWS\System32\WS2_32.dll
0x00007ff8ce620000 - 0x00007ff8ce66b000 	C:\WINDOWS\SYSTEM32\POWRPROF.dll
0x00007ff8bc930000 - 0x00007ff8bc957000 	C:\WINDOWS\SYSTEM32\WINMM.dll
0x00007ff8bc660000 - 0x00007ff8bc66a000 	C:\WINDOWS\SYSTEM32\VERSION.dll
0x00007ff8ce490000 - 0x00007ff8ce4a2000 	C:\WINDOWS\SYSTEM32\UMPDC.dll
0x00007ff8ccf10000 - 0x00007ff8ccf22000 	C:\WINDOWS\SYSTEM32\kernel.appcore.dll
0x00007ff8c06b0000 - 0x00007ff8c06ba000 	c:\Users\Randani\.vscode\extensions\redhat.java-1.56.0-win32-x64\jre\21.0.12.1-win32-x86_64\bin\jimage.dll
0x00007ff8bc670000 - 0x00007ff8bc871000 	C:\WINDOWS\SYSTEM32\DBGHELP.DLL
0x00007ff8b79d0000 - 0x00007ff8b7a04000 	C:\WINDOWS\SYSTEM32\dbgcore.DLL
0x00007ff8cf7f0000 - 0x00007ff8cf872000 	C:\WINDOWS\System32\bcryptPrimitives.dll
0x00007ff8c0070000 - 0x00007ff8c007f000 	c:\Users\Randani\.vscode\extensions\redhat.java-1.56.0-win32-x64\jre\21.0.12.1-win32-x86_64\bin\instrument.dll
0x00007ff8bf3f0000 - 0x00007ff8bf410000 	c:\Users\Randani\.vscode\extensions\redhat.java-1.56.0-win32-x64\jre\21.0.12.1-win32-x86_64\bin\java.dll
0x00007ff8d0390000 - 0x00007ff8d0b00000 	C:\WINDOWS\System32\SHELL32.dll
0x00007ff8cd110000 - 0x00007ff8cd8b5000 	C:\WINDOWS\SYSTEM32\windows.storage.dll
0x00007ff8cff00000 - 0x00007ff8d0253000 	C:\WINDOWS\System32\combase.dll
0x00007ff8ceac0000 - 0x00007ff8ceaeb000 	C:\WINDOWS\SYSTEM32\Wldp.dll
0x00007ff8d13e0000 - 0x00007ff8d14ad000 	C:\WINDOWS\System32\OLEAUT32.dll
0x00007ff8cfad0000 - 0x00007ff8cfb7d000 	C:\WINDOWS\System32\SHCORE.dll
0x00007ff8d17c0000 - 0x00007ff8d181b000 	C:\WINDOWS\System32\shlwapi.dll
0x00007ff8cefc0000 - 0x00007ff8cefe4000 	C:\WINDOWS\SYSTEM32\profapi.dll
0x00007ff8bf3d0000 - 0x00007ff8bf3e8000 	c:\Users\Randani\.vscode\extensions\redhat.java-1.56.0-win32-x64\jre\21.0.12.1-win32-x86_64\bin\zip.dll
0x00007ff8c0140000 - 0x00007ff8c0150000 	C:\Users\Randani\.vscode\extensions\redhat.java-1.56.0-win32-x64\jre\21.0.12.1-win32-x86_64\bin\net.dll
0x00007ff8c93a0000 - 0x00007ff8c94aa000 	C:\WINDOWS\SYSTEM32\WINHTTP.dll
0x00007ff8ce820000 - 0x00007ff8ce88a000 	C:\WINDOWS\system32\mswsock.dll
0x00007ff8bf3b0000 - 0x00007ff8bf3c6000 	C:\Users\Randani\.vscode\extensions\redhat.java-1.56.0-win32-x64\jre\21.0.12.1-win32-x86_64\bin\nio.dll
0x00007ff8bf970000 - 0x00007ff8bf980000 	c:\Users\Randani\.vscode\extensions\redhat.java-1.56.0-win32-x64\jre\21.0.12.1-win32-x86_64\bin\verify.dll
0x00007ff8bf310000 - 0x00007ff8bf355000 	C:\Users\Randani\AppData\Roaming\Code\User\globalStorage\redhat.java\1.56.0\config_win\org.eclipse.equinox.launcher\org.eclipse.equinox.launcher.win32.win32.x86_64_1.3.100.v20260804-1928\eclipse_11924.dll
0x00007ff8d0b00000 - 0x00007ff8d0c2b000 	C:\WINDOWS\System32\ole32.dll
0x00007ff8bf300000 - 0x00007ff8bf30a000 	C:\Users\Randani\.vscode\extensions\redhat.java-1.56.0-win32-x64\jre\21.0.12.1-win32-x86_64\bin\management.dll
0x00007ff8bf2f0000 - 0x00007ff8bf2fc000 	C:\Users\Randani\.vscode\extensions\redhat.java-1.56.0-win32-x64\jre\21.0.12.1-win32-x86_64\bin\management_ext.dll
0x00007ff8d17b0000 - 0x00007ff8d17b8000 	C:\WINDOWS\System32\PSAPI.DLL

JVMTI agents:
c:\Users\Randani\.vscode\extensions\redhat.java-1.56.0-win32-x64\lombok\lombok-1.18.39-4050.jar path:c:\Users\Randani\.vscode\extensions\redhat.java-1.56.0-win32-x64\jre\21.0.12.1-win32-x86_64\bin\instrument.dll, loaded, initialized, instrumentlib options:none

dbghelp: loaded successfully - version: 4.0.5 - missing functions: none
symbol engine: initialized successfully - sym options: 0x614 - pdb path: .;c:\Users\Randani\.vscode\extensions\redhat.java-1.56.0-win32-x64\jre\21.0.12.1-win32-x86_64\bin;C:\WINDOWS\SYSTEM32;C:\WINDOWS\WinSxS\amd64_microsoft.windows.common-controls_6595b64144ccf1df_6.0.19041.6280_none_60bc30a171f2f3f3;c:\Users\Randani\.vscode\extensions\redhat.java-1.56.0-win32-x64\jre\21.0.12.1-win32-x86_64\bin\server;C:\Users\Randani\AppData\Roaming\Code\User\globalStorage\redhat.java\1.56.0\config_win\org.eclipse.equinox.launcher\org.eclipse.equinox.launcher.win32.win32.x86_64_1.3.100.v20260804-1928

VM Arguments:
jvm_args: --add-modules=ALL-SYSTEM --add-opens=java.base/java.util=ALL-UNNAMED --add-opens=java.base/java.lang=ALL-UNNAMED --add-opens=java.base/sun.nio.fs=ALL-UNNAMED -Declipse.application=org.eclipse.jdt.ls.core.id1 -Dosgi.bundles.defaultStartLevel=4 -Declipse.product=org.eclipse.jdt.ls.core.product -Djava.import.generatesMetadataFilesAtProjectRoot=false -Dm2e.project.cache.size=50 -DDetectVMInstallationsJob.disabled=true -Dfile.encoding=utf8 -XX:+UseParallelGC -XX:GCTimeRatio=4 -XX:AdaptiveSizePolicyWeight=90 -Dsun.zip.disableMemoryMapping=true -Xmx2G -Xms100m -Xlog:disable -javaagent:c:\Users\Randani\.vscode\extensions\redhat.java-1.56.0-win32-x64\lombok\lombok-1.18.39-4050.jar -XX:+HeapDumpOnOutOfMemoryError -XX:HeapDumpPath=c:\Users\Randani\AppData\Roaming\Code\User\workspaceStorage\26abe79bd59ea3f30d222db4cd519e31\redhat.java -Daether.dependencyCollector.impl=bf 
java_command: c:\Users\Randani\.vscode\extensions\redhat.java-1.56.0-win32-x64\server\plugins\org.eclipse.equinox.launcher_1.8.0.v20260804-1928.jar -configuration c:\Users\Randani\AppData\Roaming\Code\User\globalStorage\redhat.java\1.56.0\config_win -data c:\Users\Randani\AppData\Roaming\Code\User\workspaceStorage\26abe79bd59ea3f30d222db4cd519e31\redhat.java\jdt_ws --pipe=\\.\pipe\lsp-243eec03358c162d5fb765a447bc7ae8-sock
java_class_path (initial): c:\Users\Randani\.vscode\extensions\redhat.java-1.56.0-win32-x64\server\plugins\org.eclipse.equinox.launcher_1.8.0.v20260804-1928.jar
Launcher Type: SUN_STANDARD

[Global flags]
    uintx AdaptiveSizePolicyWeight                 = 90                                        {product} {command line}
     intx CICompilerCount                          = 3                                         {product} {ergonomic}
    uintx GCTimeRatio                              = 4                                         {product} {command line}
     bool HeapDumpOnOutOfMemoryError               = true                                   {manageable} {command line}
    ccstr HeapDumpPath                             = c:\Users\Randani\AppData\Roaming\Code\User\workspaceStorage\26abe79bd59ea3f30d222db4cd519e31\redhat.java         {manageable} {command line}
   size_t InitialHeapSize                          = 104857600                                 {product} {command line}
   size_t MaxHeapSize                              = 2147483648                                {product} {command line}
   size_t MaxNewSize                               = 715653120                                 {product} {ergonomic}
   size_t MinHeapDeltaBytes                        = 524288                                    {product} {ergonomic}
   size_t MinHeapSize                              = 104857600                                 {product} {command line}
   size_t NewSize                                  = 34603008                                  {product} {ergonomic}
    uintx NonNMethodCodeHeapSize                   = 5832780                                {pd product} {ergonomic}
    uintx NonProfiledCodeHeapSize                  = 122912730                              {pd product} {ergonomic}
   size_t OldSize                                  = 70254592                                  {product} {ergonomic}
    uintx ProfiledCodeHeapSize                     = 122912730                              {pd product} {ergonomic}
    uintx ReservedCodeCacheSize                    = 251658240                              {pd product} {ergonomic}
     bool SegmentedCodeCache                       = true                                      {product} {ergonomic}
   size_t SoftMaxHeapSize                          = 2147483648                             {manageable} {ergonomic}
     bool UseCompressedOops                        = true                           {product lp64_product} {ergonomic}
     bool UseLargePagesIndividualAllocation        = false                                  {pd product} {ergonomic}
     bool UseParallelGC                            = true                                      {product} {command line}

Logging:
Log output configuration:
 #0: stdout all=off uptime,level,tags foldmultilines=false
 #1: stderr all=off uptime,level,tags foldmultilines=false

Release file:
JAVA_VERSION="21.0.12.1" 
MODULES="java.base java.compiler java.datatransfer java.xml java.prefs java.desktop java.instrument java.logging java.management java.security.sasl java.naming java.rmi java.management.rmi java.net.http java.scripting java.security.jgss java.transaction.xa java.sql java.sql.rowset java.xml.crypto java.se java.smartcardio jdk.accessibility jdk.internal.jvmstat jdk.attach jdk.charsets jdk.internal.opt jdk.zipfs jdk.compiler jdk.crypto.ec jdk.crypto.cryptoki jdk.crypto.mscapi jdk.dynalink jdk.internal.ed jdk.editpad jdk.hotspot.agent jdk.httpserver jdk.internal.le jdk.internal.vm.ci jdk.internal.vm.compiler jdk.internal.vm.compiler.management jdk.jartool jdk.javadoc jdk.jcmd jdk.management jdk.management.agent jdk.jconsole jdk.jdeps jdk.jdwp.agent jdk.jdi jdk.jfr jdk.jshell jdk.jsobject jdk.jstatd jdk.localedata jdk.management.jfr jdk.naming.dns jdk.naming.rmi jdk.net jdk.nio.mapmode jdk.random jdk.sctp jdk.security.auth jdk.security.jgss jdk.unsupported jdk.unsupported.desktop jdk.xml.dom" 

Environment Variables:
PATH=C:\Python314\Scripts\;C:\Python314\;C:\Program Files\Eclipse Adoptium\jdk-25.0.3.9-hotspot\bin;C:\Program Files (x86)\Common Files\Oracle\Java\javapath;C:\WINDOWS\system32;C:\WINDOWS;C:\WINDOWS\System32\Wbem;C:\WINDOWS\System32\WindowsPowerShell\v1.0\;C:\WINDOWS\System32\OpenSSH\;C:\xampp\php;C:\Program Files\Azure Data Studio\bin;C:\Program Files (x86)\Microsoft SQL Server\150\DTS\Binn\;C:\Program Files (x86)\Microsoft SQL Server\160\DTS\Binn\;C:\Program Files (x86)\Microsoft SQL Server\160\Tools\Binn\;C:\Program Files\Microsoft SQL Server\160\Tools\Binn\;C:\Program Files\Microsoft SQL Server\Client SDK\ODBC\170\Tools\Binn\;C:\Program Files\Microsoft SQL Server\160\DTS\Binn\;C:\Program Files\Git\cmd;C:\ProgramData\chocolatey\bin;C:\Program Files\nodejs\;C:\Users\Randani\AppData\Local\Programs\Python\Launcher\;C:\Users\Randani\AppData\Local\Microsoft\WindowsApps;C:\Users\Randani\AppData\Local\Programs\Microsoft VS Code\bin;C:\msys64\ucrt64\bin;;C:\Program Files\Azure Data Studio\bin;C:\Users\Randani\AppData\Roaming\npm
USERNAME=Randani
OS=Windows_NT
PROCESSOR_IDENTIFIER=Intel64 Family 6 Model 58 Stepping 9, GenuineIntel
TMP=C:\Users\Randani\AppData\Local\Temp
TEMP=C:\Users\Randani\AppData\Local\Temp




Periodic native trim disabled

---------------  S Y S T E M  ---------------

OS:
 Windows 10 , 64 bit Build 19041 (10.0.19041.5915)
OS uptime: 0 days 0:36 hours

CPU: total 4 (initial active 4) (2 cores per cpu, 2 threads per core) family 6 model 58 stepping 9 microcode 0x21, cx8, cmov, fxsr, ht, mmx, sse, sse2, sse3, ssse3, sse4.1, sse4.2, popcnt, tsc, tscinvbit, avx, aes, erms, clmul, vzeroupper, clflush, rdtscp, f16c
Processor Information for the first 4 processors :
  Max Mhz: 2101, Current Mhz: 2101, Mhz Limit: 2101

Memory: 4k page, system-wide physical 3974M (154M free)
TotalPageFile size 16262M (AvailPageFile size 5M)
current process WorkingSet (physical memory assigned to process): 154M, peak: 156M
current process commit charge ("private bytes"): 275M, peak: 277M

vm_info: OpenJDK 64-Bit Server VM (21.0.12.1+1-LTS) for windows-amd64 JRE (21.0.12.1+1-LTS), built on 2026-08-18T00:00:00Z by "admin" with MS VC++ 17.12 (VS2022)

END.
